Archive member included to satisfy reference by file (symbol)

c:/arm/2017-q2-update/bin/../lib/gcc/arm-none-eabi/6.3.1/thumb/v6-m\libgcc.a(_thumb1_case_uqi.o)
                              build/dspFeather/source/USB/USBCore.o (__gnu_thumb1_case_uqi)
c:/arm/2017-q2-update/bin/../lib/gcc/arm-none-eabi/6.3.1/thumb/v6-m\libgcc.a(_thumb1_case_shi.o)
                              build/dspFeather/source/Delegate.o (__gnu_thumb1_case_shi)
c:/arm/2017-q2-update/bin/../lib/gcc/arm-none-eabi/6.3.1/thumb/v6-m\libgcc.a(_udivsi3.o)
                              build/dspFeather/source/bsp.o (__aeabi_uidiv)
c:/arm/2017-q2-update/bin/../lib/gcc/arm-none-eabi/6.3.1/thumb/v6-m\libgcc.a(_divsi3.o)
                              build/dspFeather/source/dap.o (__aeabi_idiv)
c:/arm/2017-q2-update/bin/../lib/gcc/arm-none-eabi/6.3.1/thumb/v6-m\libgcc.a(_dvmd_tls.o)
                              c:/arm/2017-q2-update/bin/../lib/gcc/arm-none-eabi/6.3.1/thumb/v6-m\libgcc.a(_udivsi3.o) (__aeabi_idiv0)
c:/arm/2017-q2-update/bin/../lib/gcc/arm-none-eabi/6.3.1/../../../../arm-none-eabi/lib/thumb/v6-m\libg_nano.a(lib_a-aeabi_atexit.o)
                              build/dspFeather/lib/qp/source/qxk.o (__aeabi_atexit)
c:/arm/2017-q2-update/bin/../lib/gcc/arm-none-eabi/6.3.1/../../../../arm-none-eabi/lib/thumb/v6-m\libg_nano.a(lib_a-cxa_atexit.o)
                              c:/arm/2017-q2-update/bin/../lib/gcc/arm-none-eabi/6.3.1/../../../../arm-none-eabi/lib/thumb/v6-m\libg_nano.a(lib_a-aeabi_atexit.o) (__cxa_atexit)
c:/arm/2017-q2-update/bin/../lib/gcc/arm-none-eabi/6.3.1/../../../../arm-none-eabi/lib/thumb/v6-m\libg_nano.a(lib_a-exit.o)
                              c:/arm/2017-q2-update/bin/../lib/gcc/arm-none-eabi/6.3.1/../../../../arm-none-eabi/lib/thumb/v6-m/crt0.o (exit)
c:/arm/2017-q2-update/bin/../lib/gcc/arm-none-eabi/6.3.1/../../../../arm-none-eabi/lib/thumb/v6-m\libg_nano.a(lib_a-impure.o)
                              c:/arm/2017-q2-update/bin/../lib/gcc/arm-none-eabi/6.3.1/../../../../arm-none-eabi/lib/thumb/v6-m\libg_nano.a(lib_a-exit.o) (_global_impure_ptr)
c:/arm/2017-q2-update/bin/../lib/gcc/arm-none-eabi/6.3.1/../../../../arm-none-eabi/lib/thumb/v6-m\libg_nano.a(lib_a-init.o)
                              c:/arm/2017-q2-update/bin/../lib/gcc/arm-none-eabi/6.3.1/../../../../arm-none-eabi/lib/thumb/v6-m/crt0.o (__libc_init_array)
c:/arm/2017-q2-update/bin/../lib/gcc/arm-none-eabi/6.3.1/../../../../arm-none-eabi/lib/thumb/v6-m\libg_nano.a(lib_a-malloc.o)
                              build/dspFeather/source/bsp.o (malloc)
c:/arm/2017-q2-update/bin/../lib/gcc/arm-none-eabi/6.3.1/../../../../arm-none-eabi/lib/thumb/v6-m\libg_nano.a(lib_a-memcpy-stub.o)
                              build/dspFeather/source/USB/USBCore.o (memcpy)
c:/arm/2017-q2-update/bin/../lib/gcc/arm-none-eabi/6.3.1/../../../../arm-none-eabi/lib/thumb/v6-m\libg_nano.a(lib_a-memset.o)
                              c:/arm/2017-q2-update/bin/../lib/gcc/arm-none-eabi/6.3.1/../../../../arm-none-eabi/lib/thumb/v6-m/crt0.o (memset)
c:/arm/2017-q2-update/bin/../lib/gcc/arm-none-eabi/6.3.1/../../../../arm-none-eabi/lib/thumb/v6-m\libg_nano.a(lib_a-nano-freer.o)
                              c:/arm/2017-q2-update/bin/../lib/gcc/arm-none-eabi/6.3.1/../../../../arm-none-eabi/lib/thumb/v6-m\libg_nano.a(lib_a-malloc.o) (_free_r)
c:/arm/2017-q2-update/bin/../lib/gcc/arm-none-eabi/6.3.1/../../../../arm-none-eabi/lib/thumb/v6-m\libg_nano.a(lib_a-nano-mallocr.o)
                              c:/arm/2017-q2-update/bin/../lib/gcc/arm-none-eabi/6.3.1/../../../../arm-none-eabi/lib/thumb/v6-m\libg_nano.a(lib_a-malloc.o) (_malloc_r)
c:/arm/2017-q2-update/bin/../lib/gcc/arm-none-eabi/6.3.1/../../../../arm-none-eabi/lib/thumb/v6-m\libg_nano.a(lib_a-on_exit_args.o)
                              c:/arm/2017-q2-update/bin/../lib/gcc/arm-none-eabi/6.3.1/../../../../arm-none-eabi/lib/thumb/v6-m\libg_nano.a(lib_a-cxa_atexit.o) (__on_exit_args)
c:/arm/2017-q2-update/bin/../lib/gcc/arm-none-eabi/6.3.1/../../../../arm-none-eabi/lib/thumb/v6-m\libg_nano.a(lib_a-sbrkr.o)
                              c:/arm/2017-q2-update/bin/../lib/gcc/arm-none-eabi/6.3.1/../../../../arm-none-eabi/lib/thumb/v6-m\libg_nano.a(lib_a-nano-mallocr.o) (_sbrk_r)
c:/arm/2017-q2-update/bin/../lib/gcc/arm-none-eabi/6.3.1/../../../../arm-none-eabi/lib/thumb/v6-m\libg_nano.a(lib_a-strcpy.o)
                              build/dspFeather/source/dap.o (strcpy)
c:/arm/2017-q2-update/bin/../lib/gcc/arm-none-eabi/6.3.1/../../../../arm-none-eabi/lib/thumb/v6-m\libg_nano.a(lib_a-strlen.o)
                              build/dspFeather/source/USB/USBCore.o (strlen)
c:/arm/2017-q2-update/bin/../lib/gcc/arm-none-eabi/6.3.1/../../../../arm-none-eabi/lib/thumb/v6-m\libg_nano.a(lib_a-mlock.o)
                              c:/arm/2017-q2-update/bin/../lib/gcc/arm-none-eabi/6.3.1/../../../../arm-none-eabi/lib/thumb/v6-m\libg_nano.a(lib_a-nano-freer.o) (__malloc_lock)
[...]
Memory Configuration

Name             Origin             Length             Attributes
rom              0x00004000         0x0003c000         xr
ram              0x20000000         0x00008000         xrw
*default*        0x00000000         0xffffffff

Linker script and memory map

LOAD c:/arm/2017-q2-update/bin/../lib/gcc/arm-none-eabi/6.3.1/thumb/v6-m/crti.o
LOAD c:/arm/2017-q2-update/bin/../lib/gcc/arm-none-eabi/6.3.1/thumb/v6-m/crtbegin.o
LOAD c:/arm/2017-q2-update/bin/../lib/gcc/arm-none-eabi/6.3.1/../../../../arm-none-eabi/lib/thumb/v6-m/crt0.o
LOAD build/dspFeather/lib/qp/ports/arm-cm/qxk/gnu/qxk_port.o
LOAD build/dspFeather/Device_Startup/startup_samd21.o
LOAD build/dspFeather/Device_Startup/system_samd21.o
LOAD build/dspFeather/lib/qp/source/qep_hsm.o
LOAD build/dspFeather/lib/qp/source/qep_msm.o
LOAD build/dspFeather/lib/qp/source/qf_act.o
LOAD build/dspFeather/lib/qp/source/qf_actq.o
LOAD build/dspFeather/lib/qp/source/qf_defer.o
LOAD build/dspFeather/lib/qp/source/qf_dyn.o
LOAD build/dspFeather/lib/qp/source/qf_mem.o
LOAD build/dspFeather/lib/qp/source/qf_ps.o
LOAD build/dspFeather/lib/qp/source/qf_qact.o
LOAD build/dspFeather/lib/qp/source/qf_qeq.o
LOAD build/dspFeather/lib/qp/source/qf_qmact.o
LOAD build/dspFeather/lib/qp/source/qf_time.o
LOAD build/dspFeather/lib/qp/source/qxk.o
LOAD build/dspFeather/lib/qp/source/qxk_mutex.o
LOAD build/dspFeather/lib/qp/source/qxk_sema.o
LOAD build/dspFeather/lib/qp/source/qxk_xthr.o
LOAD build/dspFeather/lib/qp/include/qstamp.o
LOAD build/dspFeather/lib/qp/extras/fw_evt.o
LOAD build/dspFeather/lib/qp/extras/fw_log.o
LOAD build/dspFeather/source/bsp.o
LOAD build/dspFeather/source/event.o
LOAD build/dspFeather/source/AOADC.o
LOAD build/dspFeather/source/AODAC.o
LOAD build/dspFeather/source/AOTouch.o
LOAD build/dspFeather/source/AOInterrupt.o
LOAD build/dspFeather/source/AOSERCOM.o
LOAD build/dspFeather/source/AOTimer.o
LOAD build/dspFeather/source/AOUSB.o
LOAD build/dspFeather/source/USB/CDC.o
LOAD build/dspFeather/source/USB/USBCore.o
LOAD build/dspFeather/source/dap.o
LOAD build/dspFeather/source/Delegate.o
LOAD build/dspFeather/source/I2CSlave.o
LOAD build/dspFeather/source/SPISlave.o
LOAD build/dspFeather/source/main.o
LOAD build/dspFeather/source/Neopixel.o
LOAD build/dspFeather/source/System.o
LOAD build/dspFeather/source/AOPedal.o
LOAD build/dspFeather/bsp/bsp_adc.o
LOAD build/dspFeather/bsp/bsp_gpio.o
LOAD build/dspFeather/bsp/bsp_sercom.o
LOAD build/dspFeather/bsp/bsp_timer.o
LOAD build/dspFeather/bsp/bsp_dma.o
LOAD build/dspFeather/bsp/pinmux.o
LOAD build/dspFeather/bsp/bsp_neopix.o
LOAD build/dspFeather/bsp/adafruit_ptc.o
START GROUP
LOAD c:/arm/2017-q2-update/bin/../lib/gcc/arm-none-eabi/6.3.1/thumb/v6-m\libgcc.a
LOAD c:/arm/2017-q2-update/bin/../lib/gcc/arm-none-eabi/6.3.1/../../../../arm-none-eabi/lib/thumb/v6-m\libg_nano.a
LOAD c:/arm/2017-q2-update/bin/../lib/gcc/arm-none-eabi/6.3.1/../../../../arm-none-eabi/lib/thumb/v6-m\libc_nano.a
END GROUP
START GROUP
LOAD c:/arm/2017-q2-update/bin/../lib/gcc/arm-none-eabi/6.3.1/thumb/v6-m\libgcc.a
LOAD c:/arm/2017-q2-update/bin/../lib/gcc/arm-none-eabi/6.3.1/../../../../arm-none-eabi/lib/thumb/v6-m\libc_nano.a
LOAD c:/arm/2017-q2-update/bin/../lib/gcc/arm-none-eabi/6.3.1/../../../../arm-none-eabi/lib/thumb/v6-m\libnosys.a
END GROUP
START GROUP
LOAD c:/arm/2017-q2-update/bin/../lib/gcc/arm-none-eabi/6.3.1/thumb/v6-m\libgcc.a
LOAD c:/arm/2017-q2-update/bin/../lib/gcc/arm-none-eabi/6.3.1/../../../../arm-none-eabi/lib/thumb/v6-m\libc_nano.a
LOAD c:/arm/2017-q2-update/bin/../lib/gcc/arm-none-eabi/6.3.1/../../../../arm-none-eabi/lib/thumb/v6-m\libnosys.a
END GROUP
LOAD c:/arm/2017-q2-update/bin/../lib/gcc/arm-none-eabi/6.3.1/thumb/v6-m/crtend.o
LOAD c:/arm/2017-q2-update/bin/../lib/gcc/arm-none-eabi/6.3.1/thumb/v6-m/crtn.o
                0x00002000                STACK_SIZE = DEFINED (STACK_SIZE)?STACK_SIZE:DEFINED (__stack_size__)?__stack_size__:0x2000

.text           0x00004000     0x4f38
                0x00004000                . = ALIGN (0x4)
                0x00004000                _sfixed = .
 *(.vectors .vectors.*)
 .vectors       0x00004000       0xb4 build/dspFeather/Device_Startup/startup_samd21.o
                0x00004000                exception_table
 *(.text .text.* .gnu.linkonce.t.*)
 .text          0x000040b4       0x60 c:/arm/2017-q2-update/bin/../lib/gcc/arm-none-eabi/6.3.1/thumb/v6-m/crtbegin.o
 .text.QXK_init
                0x00004114       0x20 build/dspFeather/lib/qp/ports/arm-cm/qxk/gnu/qxk_port.o
                0x00004114                QXK_init
 .text.PendSV_Handler
                0x00004134       0xcc build/dspFeather/lib/qp/ports/arm-cm/qxk/gnu/qxk_port.o
                0x00004134                PendSV_Handler
 .text.Thread_ret
                0x00004200       0x10 build/dspFeather/lib/qp/ports/arm-cm/qxk/gnu/qxk_port.o
 .text.NMI_Handler
                0x00004210        0x6 build/dspFeather/lib/qp/ports/arm-cm/qxk/gnu/qxk_port.o
                0x00004210                NMI_Handler
 *fill*         0x00004216        0x2 
 .text          0x00004218       0xb8 build/dspFeather/Device_Startup/startup_samd21.o
                0x00004218                DMAC_Handler
                0x00004218                HardFault_Handler
                0x00004218                AC_Handler
                0x00004218                SERCOM1_Handler
                0x00004218                ADC_Handler
                0x00004218                TCC1_Handler
                0x00004218                SERCOM2_Handler
                0x00004218                TCC0_Handler
                0x00004218                RTC_Handler
                0x00004218                EIC_Handler
                0x00004218                WDT_Handler
                0x00004218                TC4_Handler
                0x00004218                TC5_Handler
                0x00004218                TC3_Handler
                0x00004218                Dummy_Handler
                0x00004218                PM_Handler
                0x00004218                SERCOM5_Handler
                0x00004218                SVC_Handler
                0x00004218                TCC2_Handler
                0x00004218                EVSYS_Handler
                0x00004218                SERCOM4_Handler
                0x00004218                I2S_Handler
                0x00004218                NVMCTRL_Handler
                0x00004218                DAC_Handler
                0x00004218                PTC_Handler
                0x00004218                SYSCTRL_Handler
                0x0000421c                Reset_Handler
 .text          0x000042d0       0x20 build/dspFeather/Device_Startup/system_samd21.o
                0x000042d0                SystemInit
                0x000042e0                SystemCoreClockUpdate
 .text._ZN2QP4QHsm4initEv
                0x000042f0        0xc build/dspFeather/lib/qp/source/qep_hsm.o
                0x000042f0                QP::QHsm::init()
 .text._ZN2QP4QHsmD2Ev
                0x000042fc        0x2 build/dspFeather/lib/qp/source/qep_hsm.o
                0x000042fc                QP::QHsm::~QHsm()
                0x000042fc                QP::QHsm::~QHsm()
 .text._ZN2QP4QHsm3topEPvPKNS_4QEvtE
                0x000042fe        0x4 build/dspFeather/lib/qp/source/qep_hsm.o
                0x000042fe                QP::QHsm::top(void*, QP::QEvt const*)
 .text._ZN2QP4QHsmD0Ev
                0x00004302        0xc build/dspFeather/lib/qp/source/qep_hsm.o
                0x00004302                QP::QHsm::~QHsm()
 *fill*         0x0000430e        0x2 
 .text._ZN2QP4QHsm4initEPKNS_4QEvtE
                0x00004310       0x98 build/dspFeather/lib/qp/source/qep_hsm.o
                0x00004310                QP::QHsm::init(QP::QEvt const*)
 .text._ZN2QP4QHsmC2EPFjPvPKNS_4QEvtEE
                0x000043a8       0x18 build/dspFeather/lib/qp/source/qep_hsm.o
                0x000043a8                QP::QHsm::QHsm(unsigned int (*)(void*, QP::QEvt const*))
                0x000043a8                QP::QHsm::QHsm(unsigned int (*)(void*, QP::QEvt const*))
 .text._ZN2QP4QHsm8hsm_tranERA6_PFjPvPKNS_4QEvtEE
                0x000043c0      0x110 build/dspFeather/lib/qp/source/qep_hsm.o
                0x000043c0                QP::QHsm::hsm_tran(unsigned int (* (&) [6])(void*, QP::QEvt const*))
 .text._ZN2QP4QHsm8dispatchEPKNS_4QEvtE
                0x000044d0       0xd8 build/dspFeather/lib/qp/source/qep_hsm.o
                0x000044d0                QP::QHsm::dispatch(QP::QEvt const*)
 .text.startup._GLOBAL__sub_I__ZN2QP4QHsmC2EPFjPvPKNS_4QEvtEE
                0x000045a8       0x18 build/dspFeather/lib/qp/source/qep_hsm.o
 .text._ZN2QP2QF4add_EPNS_7QActiveE
                0x000045c0       0x34 build/dspFeather/lib/qp/source/qf_act.o
                0x000045c0                QP::QF::add_(QP::QActive*)
 .text._ZN2QP2QF5bzeroEPvj
                0x000045f4       0x10 build/dspFeather/lib/qp/source/qf_act.o
                0x000045f4                QP::QF::bzero(void*, unsigned int)
 .text._ZN2QP7QActive5startEjPPKNS_4QEvtEjPvj
                0x00004604       0x1a build/dspFeather/lib/qp/source/qf_actq.o
                0x00004604                QP::QActive::start(unsigned int, QP::QEvt const**, unsigned int, void*, unsigned int)
 *fill*         0x0000461e        0x2 
 .text._ZN2QP7QActive5post_EPKNS_4QEvtEj
                0x00004620       0xb4 build/dspFeather/lib/qp/source/qf_actq.o
                0x00004620                QP::QActive::post_(QP::QEvt const*, unsigned int)
 .text._ZN2QP7QActive8postLIFOEPKNS_4QEvtE
                0x000046d4       0x8c build/dspFeather/lib/qp/source/qf_actq.o
                0x000046d4                QP::QActive::postLIFO(QP::QEvt const*)
 .text._ZN2QP7QActive4get_Ev
                0x00004760       0x60 build/dspFeather/lib/qp/source/qf_actq.o
                0x00004760                QP::QActive::get_()
 .text._ZN2QP2QF8poolInitEPvjj
                0x000047c0       0x5c build/dspFeather/lib/qp/source/qf_dyn.o
                0x000047c0                QP::QF::poolInit(void*, unsigned int, unsigned int)
 .text._ZN2QP2QF5newX_Ejji
                0x0000481c       0x74 build/dspFeather/lib/qp/source/qf_dyn.o
                0x0000481c                QP::QF::newX_(unsigned int, unsigned int, int)
 .text._ZN2QP2QF2gcEPKNS_4QEvtE
                0x00004890       0x58 build/dspFeather/lib/qp/source/qf_dyn.o
                0x00004890                QP::QF::gc(QP::QEvt const*)
 .text.startup._GLOBAL__sub_I__ZN2QP8QF_pool_E
                0x000048e8       0x20 build/dspFeather/lib/qp/source/qf_dyn.o
 .text._ZN2QP6QMPoolC2Ev
                0x00004908       0x12 build/dspFeather/lib/qp/source/qf_mem.o
                0x00004908                QP::QMPool::QMPool()
                0x00004908                QP::QMPool::QMPool()
 *fill*         0x0000491a        0x2 
 .text._ZN2QP6QMPool4initEPvjj
                0x0000491c       0x80 build/dspFeather/lib/qp/source/qf_mem.o
                0x0000491c                QP::QMPool::init(void*, unsigned int, unsigned int)
 .text._ZN2QP6QMPool3putEPv
                0x0000499c       0x40 build/dspFeather/lib/qp/source/qf_mem.o
                0x0000499c                QP::QMPool::put(void*)
 .text._ZN2QP6QMPool3getEj
                0x000049dc       0x78 build/dspFeather/lib/qp/source/qf_mem.o
                0x000049dc                QP::QMPool::get(unsigned int)
 .text._ZN2QP7QF_LOG2Em
                0x00004a54       0x28 build/dspFeather/lib/qp/source/qf_ps.o
                0x00004a54                QP::QF_LOG2(unsigned long)
 .text._ZN2QP2QF6psInitEPNS_5QPSetEi
                0x00004a7c       0x1c build/dspFeather/lib/qp/source/qf_ps.o
                0x00004a7c                QP::QF::psInit(QP::QPSet*, int)
 .text._ZN2QP2QF8publish_EPKNS_4QEvtE
                0x00004a98       0xc4 build/dspFeather/lib/qp/source/qf_ps.o
                0x00004a98                QP::QF::publish_(QP::QEvt const*)
 .text._ZNK2QP7QActive9subscribeEi
                0x00004b5c       0x5c build/dspFeather/lib/qp/source/qf_ps.o
                0x00004b5c                QP::QActive::subscribe(int) const
 .text._ZN2QP7QActiveC2EPFjPvPKNS_4QEvtEE
                0x00004bb8       0x3c build/dspFeather/lib/qp/source/qf_qact.o
                0x00004bb8                QP::QActive::QActive(unsigned int (*)(void*, QP::QEvt const*))
                0x00004bb8                QP::QActive::QActive(unsigned int (*)(void*, QP::QEvt const*))
 .text._ZN2QP7QEQueueC2Ev
                0x00004bf4       0x12 build/dspFeather/lib/qp/source/qf_qeq.o
                0x00004bf4                QP::QEQueue::QEQueue()
                0x00004bf4                QP::QEQueue::QEQueue()
 .text._ZN2QP7QEQueue4initEPPKNS_4QEvtEj
                0x00004c06       0x1a build/dspFeather/lib/qp/source/qf_qeq.o
                0x00004c06                QP::QEQueue::init(QP::QEvt const**, unsigned int)
 .text._ZN2QP2QF6tickX_Ej
                0x00004c20       0x98 build/dspFeather/lib/qp/source/qf_time.o
                0x00004c20                QP::QF::tickX_(unsigned int)
 .text._ZN2QP8QTimeEvtC2Ev
                0x00004cb8       0x12 build/dspFeather/lib/qp/source/qf_time.o
                0x00004cb8                QP::QTimeEvt::QTimeEvt()
                0x00004cb8                QP::QTimeEvt::QTimeEvt()
 *fill*         0x00004cca        0x2 
 .text.startup._GLOBAL__sub_I__ZN2QP2QF12timeEvtHead_E
                0x00004ccc       0x18 build/dspFeather/lib/qp/source/qf_time.o
 .text._ZN2QP7QActiveD2Ev
                0x00004ce4       0x18 build/dspFeather/lib/qp/source/qxk.o
                0x00004ce4                QP::QActive::~QActive()
                0x00004ce4                QP::QActive::~QActive()
 .text._ZN2QP7QActiveD0Ev
                0x00004cfc       0x12 build/dspFeather/lib/qp/source/qxk.o
                0x00004cfc                QP::QActive::~QActive()
 *fill*         0x00004d0e        0x2 
 .text._ZN2QP13QXKIdleThreadD2Ev
                0x00004d10       0x14 build/dspFeather/lib/qp/source/qxk.o
                0x00004d10                QP::QXKIdleThread::~QXKIdleThread()
                0x00004d10                QP::QXKIdleThread::~QXKIdleThread()
 .text._ZN2QP13QXKIdleThreadD0Ev
                0x00004d24       0x12 build/dspFeather/lib/qp/source/qxk.o
                0x00004d24                QP::QXKIdleThread::~QXKIdleThread()
 *fill*         0x00004d36        0x2 
 .text._ZN2QP2QF4initEv
                0x00004d38       0x60 build/dspFeather/lib/qp/source/qxk.o
                0x00004d38                QP::QF::init()
 .text.QXK_sched_
                0x00004d98       0x60 build/dspFeather/lib/qp/source/qxk.o
                0x00004d98                QXK_sched_
 .text.QXK_activate_
                0x00004df8       0x90 build/dspFeather/lib/qp/source/qxk.o
                0x00004df8                QXK_activate_
 .text._ZN2QP2QF3runEv
                0x00004e88       0x28 build/dspFeather/lib/qp/source/qxk.o
                0x00004e88                QP::QF::run()
 .text._ZN2QP7QActive5startEjPPKNS_4QEvtEjPvjS3_
                0x00004eb0       0x78 build/dspFeather/lib/qp/source/qxk.o
                0x00004eb0                QP::QActive::start(unsigned int, QP::QEvt const**, unsigned int, void*, unsigned int, QP::QEvt const*)
 .text.startup._GLOBAL__sub_I_QXK_attr_
                0x00004f28       0x2c build/dspFeather/lib/qp/source/qxk.o
 .text._ZN2QP7QXMutex4initEj
                0x00004f54        0x8 build/dspFeather/lib/qp/source/qxk_mutex.o
                0x00004f54                QP::QXMutex::init(unsigned int)
 .text._ZN2QP7QXMutex4lockEv
                0x00004f5c       0x50 build/dspFeather/lib/qp/source/qxk_mutex.o
                0x00004f5c                QP::QXMutex::lock()
 .text._ZN2QP7QXMutex6unlockEv
                0x00004fac       0x50 build/dspFeather/lib/qp/source/qxk_mutex.o
                0x00004fac                QP::QXMutex::unlock()
 .text._ZN2FW3EvtnwEj
                0x00004ffc        0xc build/dspFeather/lib/qp/extras/fw_evt.o
                0x00004ffc                FW::Evt::operator new(unsigned int)
 .text._ZdlPv   0x00005008        0x8 build/dspFeather/source/bsp.o
                0x00005008                operator delete(void*)
 .text._Znwj    0x00005010        0x8 build/dspFeather/source/bsp.o
                0x00005010                operator new(unsigned int)
 .text._Z7BspInitv
                0x00005018       0x4c build/dspFeather/source/bsp.o
                0x00005018                BspInit()
 .text.SysTick_Handler
                0x00005064       0x6c build/dspFeather/source/bsp.o
                0x00005064                SysTick_Handler
 .text.USB_Handler
                0x000050d0       0x14 build/dspFeather/source/bsp.o
                0x000050d0                USB_Handler
 .text.USB_SetHandler
                0x000050e4        0xc build/dspFeather/source/bsp.o
                0x000050e4                USB_SetHandler
 .text._ZN2QP2QF9onStartupEv
                0x000050f0       0xd8 build/dspFeather/source/bsp.o
                0x000050f0                QP::QF::onStartup()
 .text._ZN2QP3QXK6onIdleEv
                0x000051c8        0x4 build/dspFeather/source/bsp.o
                0x000051c8                QP::QXK::onIdle()
 .text.Q_onAssert
                0x000051cc        0x6 build/dspFeather/source/bsp.o
                0x000051cc                Q_onAssert
 .text.assert_failed
                0x000051d2        0x4 build/dspFeather/source/bsp.o
                0x000051d2                assert_failed
 *fill*         0x000051d6        0x2 
 .text.initiateReset
                0x000051d8        0xc build/dspFeather/source/bsp.o
                0x000051d8                initiateReset
 .text.cancelReset
                0x000051e4       0x10 build/dspFeather/source/bsp.o
                0x000051e4                cancelReset
 .text.tickReset
                0x000051f4       0x40 build/dspFeather/source/bsp.o
                0x000051f4                tickReset
 .text._ZN5AOADC4RootEPS_PKN2QP4QEvtE
                0x00005234       0x2c build/dspFeather/source/AOADC.o
                0x00005234                AOADC::Root(AOADC*, QP::QEvt const*)
 .text._ZN5AOADC6NormalEPS_PKN2QP4QEvtE
                0x00005260       0x18 build/dspFeather/source/AOADC.o
                0x00005260                AOADC::Normal(AOADC*, QP::QEvt const*)
 .text._ZN5AOADC18InitialPseudoStateEPS_PKN2QP4QEvtE
                0x00005278       0x38 build/dspFeather/source/AOADC.o
                0x00005278                AOADC::InitialPseudoState(AOADC*, QP::QEvt const*)
 .text._ZN5AOADC7StoppedEPS_PKN2QP4QEvtE
                0x000052b0       0x68 build/dspFeather/source/AOADC.o
                0x000052b0                AOADC::Stopped(AOADC*, QP::QEvt const*)
 .text._ZN5AOADCD2Ev
                0x00005318       0x14 build/dspFeather/source/AOADC.o
                0x00005318                AOADC::~AOADC()
                0x00005318                AOADC::~AOADC()
 .text._ZN5AOADCD0Ev
                0x0000532c       0x12 build/dspFeather/source/AOADC.o
                0x0000532c                AOADC::~AOADC()
 *fill*         0x0000533e        0x2 
 .text._ZN5AOADCC2Ev
                0x00005340       0x2c build/dspFeather/source/AOADC.o
                0x00005340                AOADC::AOADC()
                0x00005340                AOADC::AOADC()
 .text._ZN2FW4PipeIhE10WriteBlockEPKhm
                0x0000536c       0x44 build/dspFeather/source/AOADC.o
                0x0000536c                FW::Pipe<unsigned char>::WriteBlock(unsigned char const*, unsigned long)
 .text._ZN2FW4PipeIhE5WriteEPKhmPb
                0x000053b0       0x98 build/dspFeather/source/AOADC.o
                0x000053b0                FW::Pipe<unsigned char>::Write(unsigned char const*, unsigned long, bool*)
 .text._ZN5AOADC7StartedEPS_PKN2QP4QEvtE
                0x00005448      0x158 build/dspFeather/source/AOADC.o
                0x00005448                AOADC::Started(AOADC*, QP::QEvt const*)
 .text._ZN8AOSERCOM4RootEPS_PKN2QP4QEvtE
                0x000055a0       0x2c build/dspFeather/source/AOSERCOM.o
                0x000055a0                AOSERCOM::Root(AOSERCOM*, QP::QEvt const*)
 .text._ZN8AOSERCOM18InitialPseudoStateEPS_PKN2QP4QEvtE
                0x000055cc       0x48 build/dspFeather/source/AOSERCOM.o
                0x000055cc                AOSERCOM::InitialPseudoState(AOSERCOM*, QP::QEvt const*)
 .text._ZN8AOSERCOM7StoppedEPS_PKN2QP4QEvtE
                0x00005614       0xa0 build/dspFeather/source/AOSERCOM.o
                0x00005614                AOSERCOM::Stopped(AOSERCOM*, QP::QEvt const*)
 .text._ZN8AOSERCOM7StartedEPS_PKN2QP4QEvtE
                0x000056b4       0x50 build/dspFeather/source/AOSERCOM.o
                0x000056b4                AOSERCOM::Started(AOSERCOM*, QP::QEvt const*)
 .text._ZN8AOSERCOMD2Ev
                0x00005704       0x14 build/dspFeather/source/AOSERCOM.o
                0x00005704                AOSERCOM::~AOSERCOM()
                0x00005704                AOSERCOM::~AOSERCOM()
 .text._ZN8AOSERCOMD0Ev
                0x00005718       0x12 build/dspFeather/source/AOSERCOM.o
                0x00005718                AOSERCOM::~AOSERCOM()
 *fill*         0x0000572a        0x2 
 .text._ZN8AOSERCOMC2EP6Sercomhh
                0x0000572c       0x38 build/dspFeather/source/AOSERCOM.o
                0x0000572c                AOSERCOM::AOSERCOM(Sercom*, unsigned char, unsigned char)
                0x0000572c                AOSERCOM::AOSERCOM(Sercom*, unsigned char, unsigned char)
 .text.sercom_handler
                0x00005764       0x3c build/dspFeather/source/AOSERCOM.o
                0x00005764                sercom_handler
 .text.SERCOM0_Handler
                0x000057a0       0x28 build/dspFeather/source/AOSERCOM.o
                0x000057a0                SERCOM0_Handler
 .text._ZN2FW4PipeIhE9ReadBlockEPhm
                0x000057c8       0x44 build/dspFeather/source/AOSERCOM.o
                0x000057c8                FW::Pipe<unsigned char>::ReadBlock(unsigned char*, unsigned long)
 .text._ZN2FW4PipeIhE10ReadNoCritEPhmPb
                0x0000580c       0x70 build/dspFeather/source/AOSERCOM.o
                0x0000580c                FW::Pipe<unsigned char>::ReadNoCrit(unsigned char*, unsigned long, bool*)
 .text._ZN8AOSERCOM4UARTEPS_PKN2QP4QEvtE
                0x0000587c      0x250 build/dspFeather/source/AOSERCOM.o
                0x0000587c                AOSERCOM::UART(AOSERCOM*, QP::QEvt const*)
 .text._ZN5AOUSB4RootEPS_PKN2QP4QEvtE
                0x00005acc       0x2c build/dspFeather/source/AOUSB.o
                0x00005acc                AOUSB::Root(AOUSB*, QP::QEvt const*)
 .text._ZN5AOUSB18InitialPseudoStateEPS_PKN2QP4QEvtE
                0x00005af8       0x20 build/dspFeather/source/AOUSB.o
                0x00005af8                AOUSB::InitialPseudoState(AOUSB*, QP::QEvt const*)
 .text._ZN5AOUSB7StartedEPS_PKN2QP4QEvtE
                0x00005b18       0x50 build/dspFeather/source/AOUSB.o
                0x00005b18                AOUSB::Started(AOUSB*, QP::QEvt const*)
 .text._ZN5AOUSB7StoppedEPS_PKN2QP4QEvtE
                0x00005b68       0x90 build/dspFeather/source/AOUSB.o
                0x00005b68                AOUSB::Stopped(AOUSB*, QP::QEvt const*)
 .text._ZN5AOUSBD2Ev
                0x00005bf8       0x14 build/dspFeather/source/AOUSB.o
                0x00005bf8                AOUSB::~AOUSB()
                0x00005bf8                AOUSB::~AOUSB()
 .text._ZN5AOUSBD0Ev
                0x00005c0c       0x12 build/dspFeather/source/AOUSB.o
                0x00005c0c                AOUSB::~AOUSB()
 *fill*         0x00005c1e        0x2 
 .text._ZN5AOUSBC2Ev
                0x00005c20       0x2c build/dspFeather/source/AOUSB.o
                0x00005c20                AOUSB::AOUSB()
                0x00005c20                AOUSB::AOUSB()
 .text._ZN5AOUSB15ReceiveCallbackEv
                0x00005c4c       0xa4 build/dspFeather/source/AOUSB.o
                0x00005c4c                AOUSB::ReceiveCallback()
 .text._Z16CDC_GetInterfacePh
                0x00005cf0       0x1c build/dspFeather/source/USB/CDC.o
                0x00005cf0                CDC_GetInterface(unsigned char*)
 .text._Z9CDC_SetupR8USBSetup
                0x00005d0c       0x7c build/dspFeather/source/USB/CDC.o
                0x00005d0c                CDC_Setup(USBSetup&)
 .text._ZN14USBDeviceClass6initEPEmm.part.5
                0x00005d88       0x88 build/dspFeather/source/USB/USBCore.o
 .text._ZN20USBDevice_SAMD21G18x5resetEv
                0x00005e10       0x24 build/dspFeather/source/USB/USBCore.o
                0x00005e10                USBDevice_SAMD21G18x::reset()
 .text._ZN20USBDevice_SAMD21G18x9calibrateEv
                0x00005e34       0x60 build/dspFeather/source/USB/USBCore.o
                0x00005e34                USBDevice_SAMD21G18x::calibrate()
 .text._ZN7__GuardC2Ev
                0x00005e94        0xe build/dspFeather/source/USB/USBCore.o
                0x00005e94                __Guard::__Guard()
                0x00005e94                __Guard::__Guard()
 .text._ZN7__GuardD2Ev
                0x00005ea2        0xe build/dspFeather/source/USB/USBCore.o
                0x00005ea2                __Guard::~__Guard()
                0x00005ea2                __Guard::~__Guard()
 .text._ZNK26DoubleBufferedEPOutHandler9availableEv
                0x00005eb0       0x5e build/dspFeather/source/USB/USBCore.o
                0x00005eb0                DoubleBufferedEPOutHandler::available() const
 *fill*         0x00005f0e        0x2 
 .text._ZN26DoubleBufferedEPOutHandler7releaseEv
                0x00005f10       0x44 build/dspFeather/source/USB/USBCore.o
                0x00005f10                DoubleBufferedEPOutHandler::release()
 .text._ZN26DoubleBufferedEPOutHandler4recvEPvm
                0x00005f54      0x11e build/dspFeather/source/USB/USBCore.o
                0x00005f54                DoubleBufferedEPOutHandler::recv(void*, unsigned long)
 .text._ZN26DoubleBufferedEPOutHandler14handleEndpointEv
                0x00006072       0xb6 build/dspFeather/source/USB/USBCore.o
                0x00006072                DoubleBufferedEPOutHandler::handleEndpoint()
 .text._ZN14USBDeviceClass14SendInterfacesEPm
                0x00006128       0x1c build/dspFeather/source/USB/USBCore.o
                0x00006128                USBDeviceClass::SendInterfaces(unsigned long*)
 .text._ZN14USBDeviceClass14handleEndpointEh
                0x00006144       0x44 build/dspFeather/source/USB/USBCore.o
                0x00006144                USBDeviceClass::handleEndpoint(unsigned char)
 .text._ZN14USBDeviceClass4initEv
                0x00006188       0xa8 build/dspFeather/source/USB/USBCore.o
                0x00006188                USBDeviceClass::init()
 .text._ZN14USBDeviceClass6attachEv
                0x00006230       0x34 build/dspFeather/source/USB/USBCore.o
                0x00006230                USBDeviceClass::attach()
 .text._ZN14USBDeviceClass10setAddressEm
                0x00006264       0x48 build/dspFeather/source/USB/USBCore.o
                0x00006264                USBDeviceClass::setAddress(unsigned long)
 .text._ZN14USBDeviceClass6detachEv
                0x000062ac       0x18 build/dspFeather/source/USB/USBCore.o
                0x000062ac                USBDeviceClass::detach()
 .text._ZN14USBDeviceClass25handleClassInterfaceSetupER8USBSetup
                0x000062c4       0x28 build/dspFeather/source/USB/USBCore.o
                0x000062c4                USBDeviceClass::handleClassInterfaceSetup(USBSetup&)
 .text._ZN14USBDeviceClass6initEPEmm
                0x000062ec      0x120 build/dspFeather/source/USB/USBCore.o
                0x000062ec                USBDeviceClass::initEP(unsigned long, unsigned long)
 .text._ZN14USBDeviceClass13initEndpointsEv
                0x0000640c       0x24 build/dspFeather/source/USB/USBCore.o
                0x0000640c                USBDeviceClass::initEndpoints()
 .text._ZN14USBDeviceClass9availableEm
                0x00006430       0x2c build/dspFeather/source/USB/USBCore.o
                0x00006430                USBDeviceClass::available(unsigned long)
 .text._ZN14USBDeviceClass14armRecvCtrlOUTEm
                0x0000645c       0x5c build/dspFeather/source/USB/USBCore.o
                0x0000645c                USBDeviceClass::armRecvCtrlOUT(unsigned long)
 .text._ZN14USBDeviceClass11recvControlEPvm
                0x000064b8       0x3c build/dspFeather/source/USB/USBCore.o
                0x000064b8                USBDeviceClass::recvControl(void*, unsigned long)
 .text._ZN14USBDeviceClass7armRecvEm
                0x000064f4       0x38 build/dspFeather/source/USB/USBCore.o
                0x000064f4                USBDeviceClass::armRecv(unsigned long)
 .text._ZN14USBDeviceClass4recvEmPvm
                0x0000652c       0xc0 build/dspFeather/source/USB/USBCore.o
                0x0000652c                USBDeviceClass::recv(unsigned long, void*, unsigned long)
 .text._ZN14USBDeviceClass4recvEm
                0x000065ec       0x1c build/dspFeather/source/USB/USBCore.o
                0x000065ec                USBDeviceClass::recv(unsigned long)
 .text._ZN14USBDeviceClass4sendEmPKvm
                0x00006608       0xf8 build/dspFeather/source/USB/USBCore.o
                0x00006608                USBDeviceClass::send(unsigned long, void const*, unsigned long)
 .text._ZN14USBDeviceClass7armSendEmPKvm
                0x00006700       0x48 build/dspFeather/source/USB/USBCore.o
                0x00006700                USBDeviceClass::armSend(unsigned long, void const*, unsigned long)
 .text._ZN14USBDeviceClass11sendControlEPKvm
                0x00006748       0x54 build/dspFeather/source/USB/USBCore.o
                0x00006748                USBDeviceClass::sendControl(void const*, unsigned long)
 .text._ZN14USBDeviceClass20sendStringDescriptorEPKhh
                0x0000679c       0x64 build/dspFeather/source/USB/USBCore.o
                0x0000679c                USBDeviceClass::sendStringDescriptor(unsigned char const*, unsigned char)
 .text._ZN14USBDeviceClass17sendConfigurationEm
                0x00006800       0x94 build/dspFeather/source/USB/USBCore.o
                0x00006800                USBDeviceClass::sendConfiguration(unsigned long)
 .text._ZN14USBDeviceClass14sendDescriptorER8USBSetup
                0x00006894       0x74 build/dspFeather/source/USB/USBCore.o
                0x00006894                USBDeviceClass::sendDescriptor(USBSetup&)
 .text._ZN14USBDeviceClass19handleStandardSetupER8USBSetup
                0x00006908      0x108 build/dspFeather/source/USB/USBCore.o
                0x00006908                USBDeviceClass::handleStandardSetup(USBSetup&)
 .text._ZN14USBDeviceClass10ISRHandlerEv
                0x00006a10      0x10c build/dspFeather/source/USB/USBCore.o
                0x00006a10                USBDeviceClass::ISRHandler()
 .text.UDD_Handler
                0x00006b1c       0x28 build/dspFeather/source/USB/USBCore.o
                0x00006b1c                UDD_Handler
 .text.startup._GLOBAL__sub_I__ZN20USBDevice_SAMD21G18x5resetEv
                0x00006b44       0x10 build/dspFeather/source/USB/USBCore.o
 .text._ZL11eeprom_readtPht
                0x00006b54       0x54 build/dspFeather/source/Delegate.o
 .text._ZN8Delegate4RootEPS_PKN2QP4QEvtE
                0x00006ba8       0x2c build/dspFeather/source/Delegate.o
                0x00006ba8                Delegate::Root(Delegate*, QP::QEvt const*)
 .text._ZN8Delegate18InitialPseudoStateEPS_PKN2QP4QEvtE
                0x00006bd4       0x30 build/dspFeather/source/Delegate.o
                0x00006bd4                Delegate::InitialPseudoState(Delegate*, QP::QEvt const*)
 .text._ZN8Delegate7StoppedEPS_PKN2QP4QEvtE
                0x00006c04       0x78 build/dspFeather/source/Delegate.o
                0x00006c04                Delegate::Stopped(Delegate*, QP::QEvt const*)
 .text._ZN8DelegateD2Ev
                0x00006c7c       0x14 build/dspFeather/source/Delegate.o
                0x00006c7c                Delegate::~Delegate()
                0x00006c7c                Delegate::~Delegate()
 .text._ZN8DelegateD0Ev
                0x00006c90       0x12 build/dspFeather/source/Delegate.o
                0x00006c90                Delegate::~Delegate()
 *fill*         0x00006ca2        0x2 
 .text._ZN8DelegateC2Ev
                0x00006ca4       0x2c build/dspFeather/source/Delegate.o
                0x00006ca4                Delegate::Delegate()
                0x00006ca4                Delegate::Delegate()
 .text._ZN8Delegate11intCallbackEv
                0x00006cd0       0x16 build/dspFeather/source/Delegate.o
                0x00006cd0                Delegate::intCallback()
 .text._ZN8Delegate10break32BitEmPh
                0x00006ce6       0x10 build/dspFeather/source/Delegate.o
                0x00006ce6                Delegate::break32Bit(unsigned long, unsigned char*)
 *fill*         0x00006cf6        0x2 
 .text._ZN2FW4PipeIhE4ReadEPhmPb
                0x00006cf8       0x7c build/dspFeather/source/Delegate.o
                0x00006cf8                FW::Pipe<unsigned char>::Read(unsigned char*, unsigned long, bool*)
 .text._ZN8Delegate7discardEPN2FW4PipeIhEEh
                0x00006d74       0x20 build/dspFeather/source/Delegate.o
                0x00006d74                Delegate::discard(FW::Pipe<unsigned char>*, unsigned char)
 .text._ZN8Delegate7StartedEPS_PKN2QP4QEvtE
                0x00006d94      0x64c build/dspFeather/source/Delegate.o
                0x00006d94                Delegate::Started(Delegate*, QP::QEvt const*)
 .text._ZN2FW4PipeIhE5ResetEv
                0x000073e0       0x14 build/dspFeather/source/I2CSlave.o
                0x000073e0                FW::Pipe<unsigned char>::Reset()
 .text._ZL10dmac_starth
                0x000073f4       0x30 build/dspFeather/source/SPISlave.o
 .text._ZN8SPISlave4RootEPS_PKN2QP4QEvtE
                0x00007424       0x2c build/dspFeather/source/SPISlave.o
                0x00007424                SPISlave::Root(SPISlave*, QP::QEvt const*)
 .text._ZN8SPISlave18InitialPseudoStateEPS_PKN2QP4QEvtE
                0x00007450       0x38 build/dspFeather/source/SPISlave.o
                0x00007450                SPISlave::InitialPseudoState(SPISlave*, QP::QEvt const*)
 .text._ZN8SPISlave4BusyEPS_PKN2QP4QEvtE
                0x00007488       0x9c build/dspFeather/source/SPISlave.o
                0x00007488                SPISlave::Busy(SPISlave*, QP::QEvt const*)
 .text._ZN8SPISlaveD2Ev
                0x00007524       0x14 build/dspFeather/source/SPISlave.o
                0x00007524                SPISlave::~SPISlave()
                0x00007524                SPISlave::~SPISlave()
 .text._ZN8SPISlaveD0Ev
                0x00007538       0x12 build/dspFeather/source/SPISlave.o
                0x00007538                SPISlave::~SPISlave()
 *fill*         0x0000754a        0x2 
 .text._ZN8SPISlaveC2EP6Sercom
                0x0000754c       0x30 build/dspFeather/source/SPISlave.o
                0x0000754c                SPISlave::SPISlave(Sercom*)
                0x0000754c                SPISlave::SPISlave(Sercom*)
 .text._ZN8SPISlave15ReceiveCallbackEhhh
                0x0000757c       0x22 build/dspFeather/source/SPISlave.o
                0x0000757c                SPISlave::ReceiveCallback(unsigned char, unsigned char, unsigned char)
 *fill*         0x0000759e        0x2 
 .text._ZN8SPISlave7StartedEPS_PKN2QP4QEvtE
                0x000075a0       0x84 build/dspFeather/source/SPISlave.o
                0x000075a0                SPISlave::Started(SPISlave*, QP::QEvt const*)
 .text._ZN8SPISlave4IdleEPS_PKN2QP4QEvtE
                0x00007624       0xc0 build/dspFeather/source/SPISlave.o
                0x00007624                SPISlave::Idle(SPISlave*, QP::QEvt const*)
 .text._ZN8SPISlave7StoppedEPS_PKN2QP4QEvtE
                0x000076e4      0x1b8 build/dspFeather/source/SPISlave.o
                0x000076e4                SPISlave::Stopped(SPISlave*, QP::QEvt const*)
 .text.SERCOM3_Handler
                0x0000789c      0x104 build/dspFeather/source/SPISlave.o
                0x0000789c                SERCOM3_Handler
 .text._Z10board_initv
                0x000079a0      0x198 build/dspFeather/source/main.o
                0x000079a0                board_init()
 .text._ZN6SystemD2Ev
                0x00007b38       0x14 build/dspFeather/source/main.o
                0x00007b38                System::~System()
                0x00007b38                System::~System()
 .text._ZN6SystemD0Ev
                0x00007b4c       0x12 build/dspFeather/source/main.o
                0x00007b4c                System::~System()
 *fill*         0x00007b5e        0x2 
 .text.startup.main
                0x00007b60      0x148 build/dspFeather/source/main.o
                0x00007b60                main
 .text.startup._GLOBAL__sub_I__Z10board_initv
                0x00007ca8       0xb8 build/dspFeather/source/main.o
 .text._ZN6System4RootEPS_PKN2QP4QEvtE
                0x00007d60       0x3c build/dspFeather/source/System.o
                0x00007d60                System::Root(System*, QP::QEvt const*)
 .text._ZN6System7StartedEPS_PKN2QP4QEvtE
                0x00007d9c       0x24 build/dspFeather/source/System.o
                0x00007d9c                System::Started(System*, QP::QEvt const*)
 .text._ZN2FW4PipeIhED2Ev
                0x00007dc0        0x2 build/dspFeather/source/System.o
                0x00007dc0                FW::Pipe<unsigned char>::~Pipe()
                0x00007dc0                FW::Pipe<unsigned char>::~Pipe()
 .text._ZN2FW4PipeIhED0Ev
                0x00007dc2        0xc build/dspFeather/source/System.o
                0x00007dc2                FW::Pipe<unsigned char>::~Pipe()
 *fill*         0x00007dce        0x2 
 .text._ZN6System18InitialPseudoStateEPS_PKN2QP4QEvtE
                0x00007dd0       0x80 build/dspFeather/source/System.o
                0x00007dd0                System::InitialPseudoState(System*, QP::QEvt const*)
 .text._ZN6System7StoppedEPS_PKN2QP4QEvtE
                0x00007e50       0x4c build/dspFeather/source/System.o
                0x00007e50                System::Stopped(System*, QP::QEvt const*)
 .text._ZN6System9HandleCfmERKN2FW8ErrorEvtEh
                0x00007e9c       0x4a build/dspFeather/source/System.o
                0x00007e9c                System::HandleCfm(FW::ErrorEvt const&, unsigned char)
 *fill*         0x00007ee6        0x2 
 .text._ZN6System8StoppingEPS_PKN2QP4QEvtE
                0x00007ee8      0x108 build/dspFeather/source/System.o
                0x00007ee8                System::Stopping(System*, QP::QEvt const*)
 .text._ZN6System8StartingEPS_PKN2QP4QEvtE
                0x00007ff0      0x118 build/dspFeather/source/System.o
                0x00007ff0                System::Starting(System*, QP::QEvt const*)
 .text._ZN2FW4PipeIhEC2EPhh
                0x00008108       0x3c build/dspFeather/source/System.o
                0x00008108                FW::Pipe<unsigned char>::Pipe(unsigned char*, unsigned char)
                0x00008108                FW::Pipe<unsigned char>::Pipe(unsigned char*, unsigned char)
 .text._ZN6SystemC2Ev
                0x00008144       0x7c build/dspFeather/source/System.o
                0x00008144                System::System()
                0x00008144                System::System()
 .text._Z7syncADCv
                0x000081c0       0x10 build/dspFeather/bsp/bsp_adc.o
                0x000081c0                syncADC()
 .text._Z8adc_initv
                0x000081d0       0x6c build/dspFeather/bsp/bsp_adc.o
                0x000081d0                adc_init()
 .text._Z8adc_readh
                0x0000823c       0x5c build/dspFeather/bsp/bsp_adc.o
                0x0000823c                adc_read(unsigned char)
 .text._Z13pinPeripheralhm
                0x00008298       0x54 build/dspFeather/bsp/bsp_gpio.o
                0x00008298                pinPeripheral(unsigned char, unsigned long)
 .text._Z13gpio_set_inenmh
                0x000082ec       0x34 build/dspFeather/bsp/bsp_gpio.o
                0x000082ec                gpio_set_inen(unsigned long, unsigned char)
 .text._Z19gpio_pullenset_bulkmh
                0x00008320       0x2c build/dspFeather/bsp/bsp_gpio.o
                0x00008320                gpio_pullenset_bulk(unsigned long, unsigned char)
 .text._Z19gpio_pullenclr_bulkmh
                0x0000834c       0x2c build/dspFeather/bsp/bsp_gpio.o
                0x0000834c                gpio_pullenclr_bulk(unsigned long, unsigned char)
 .text._Z9initClockP6Sercom
                0x00008378       0x6c build/dspFeather/bsp/bsp_sercom.o
                0x00008378                initClock(Sercom*)
 .text._Z9resetUARTP6Sercom
                0x000083e4       0x16 build/dspFeather/bsp/bsp_sercom.o
                0x000083e4                resetUART(Sercom*)
 *fill*         0x000083fa        0x2 
 .text._Z8initUARTP6Sercom20SercomUartSampleRatem
                0x000083fc       0x58 build/dspFeather/bsp/bsp_sercom.o
                0x000083fc                initUART(Sercom*, SercomUartSampleRate, unsigned long)
 .text._Z9initFrameP6Sercom18SercomUartCharSize15SercomDataOrder16SercomParityMode19SercomNumberStopBit
                0x00008454       0x32 build/dspFeather/bsp/bsp_sercom.o
                0x00008454                initFrame(Sercom*, SercomUartCharSize, SercomDataOrder, SercomParityMode, SercomNumberStopBit)
 .text._Z8initPadsP6Sercom15SercomUartTXPad11SercomRXPad
                0x00008486       0x22 build/dspFeather/bsp/bsp_sercom.o
                0x00008486                initPads(Sercom*, SercomUartTXPad, SercomRXPad)
 .text._Z13writeDataUARTP6Sercomh
                0x000084a8        0xe build/dspFeather/bsp/bsp_sercom.o
                0x000084a8                writeDataUART(Sercom*, unsigned char)
 .text._Z10enableUARTP6Sercom
                0x000084b6       0x1c build/dspFeather/bsp/bsp_sercom.o
                0x000084b6                enableUART(Sercom*)
 .text._Z11disableUARTP6Sercom
                0x000084d2       0x1c build/dspFeather/bsp/bsp_sercom.o
                0x000084d2                disableUART(Sercom*)
 *fill*         0x000084ee        0x2 
 .text._Z11setUARTBaudP6Sercomm
                0x000084f0       0x40 build/dspFeather/bsp/bsp_sercom.o
                0x000084f0                setUARTBaud(Sercom*, unsigned long)
 .text._Z8resetSPIP6Sercom
                0x00008530       0x16 build/dspFeather/bsp/bsp_sercom.o
                0x00008530                resetSPI(Sercom*)
 *fill*         0x00008546        0x2 
 .text._Z12initSPISlaveP6Sercom14SercomSpiTXPad11SercomRXPad17SercomSpiCharSize15SercomDataOrder
                0x00008548       0x48 build/dspFeather/bsp/bsp_sercom.o
                0x00008548                initSPISlave(Sercom*, SercomSpiTXPad, SercomRXPad, SercomSpiCharSize, SercomDataOrder)
 .text._Z9enableSPIP6Sercom
                0x00008590       0x10 build/dspFeather/bsp/bsp_sercom.o
                0x00008590                enableSPI(Sercom*)
 .text._Z10disableSPIP6Sercom
                0x000085a0       0x16 build/dspFeather/bsp/bsp_sercom.o
                0x000085a0                disableSPI(Sercom*)
 *fill*         0x000085b6        0x2 
 .text._Z15setClockModeSPIP6Sercom18SercomSpiClockMode
                0x000085b8       0x3c build/dspFeather/bsp/bsp_sercom.o
                0x000085b8                setClockModeSPI(Sercom*, SercomSpiClockMode)
 .text._Z9dmac_initv
                0x000085f4       0x8c build/dspFeather/bsp/bsp_dma.o
                0x000085f4                dmac_init()
 .text._Z10dmac_alloch
                0x00008680       0x54 build/dspFeather/bsp/bsp_dma.o
                0x00008680                dmac_alloc(unsigned char)
 .text._Z19dmac_set_descriptorhPvS_mhbb
                0x000086d4       0xdc build/dspFeather/bsp/bsp_dma.o
                0x000086d4                dmac_set_descriptor(unsigned char, void*, void*, unsigned long, unsigned char, bool, bool)
 .text._Z23dmac_get_transfer_counth
                0x000087b0       0x1c build/dspFeather/bsp/bsp_dma.o
                0x000087b0                dmac_get_transfer_count(unsigned char)
 .text          0x000087cc       0x14 c:/arm/2017-q2-update/bin/../lib/gcc/arm-none-eabi/6.3.1/thumb/v6-m\libgcc.a(_thumb1_case_uqi.o)
                0x000087cc                __gnu_thumb1_case_uqi
 .text          0x000087e0       0x14 c:/arm/2017-q2-update/bin/../lib/gcc/arm-none-eabi/6.3.1/thumb/v6-m\libgcc.a(_thumb1_case_shi.o)
                0x000087e0                __gnu_thumb1_case_shi
 .text          0x000087f4      0x114 c:/arm/2017-q2-update/bin/../lib/gcc/arm-none-eabi/6.3.1/thumb/v6-m\libgcc.a(_udivsi3.o)
                0x000087f4                __aeabi_uidiv
                0x000087f4                __udivsi3
                0x00008900                __aeabi_uidivmod
 .text          0x00008908        0x4 c:/arm/2017-q2-update/bin/../lib/gcc/arm-none-eabi/6.3.1/thumb/v6-m\libgcc.a(_dvmd_tls.o)
                0x00008908                __aeabi_idiv0
                0x00008908                __aeabi_ldiv0
 .text.__aeabi_atexit
                0x0000890c        0xe c:/arm/2017-q2-update/bin/../lib/gcc/arm-none-eabi/6.3.1/../../../../arm-none-eabi/lib/thumb/v6-m\libg_nano.a(lib_a-aeabi_atexit.o)
                0x0000890c                __aeabi_atexit
 *fill*         0x0000891a        0x2 
 .text.__cxa_atexit
                0x0000891c       0x1c c:/arm/2017-q2-update/bin/../lib/gcc/arm-none-eabi/6.3.1/../../../../arm-none-eabi/lib/thumb/v6-m\libg_nano.a(lib_a-cxa_atexit.o)
                0x0000891c                __cxa_atexit
 .text.__libc_init_array
                0x00008938       0x48 c:/arm/2017-q2-update/bin/../lib/gcc/arm-none-eabi/6.3.1/../../../../arm-none-eabi/lib/thumb/v6-m\libg_nano.a(lib_a-init.o)
                0x00008938                __libc_init_array
 .text.malloc   0x00008980       0x14 c:/arm/2017-q2-update/bin/../lib/gcc/arm-none-eabi/6.3.1/../../../../arm-none-eabi/lib/thumb/v6-m\libg_nano.a(lib_a-malloc.o)
                0x00008980                malloc
 .text.free     0x00008994       0x14 c:/arm/2017-q2-update/bin/../lib/gcc/arm-none-eabi/6.3.1/../../../../arm-none-eabi/lib/thumb/v6-m\libg_nano.a(lib_a-malloc.o)
                0x00008994                free
 .text.memcpy   0x000089a8       0x12 c:/arm/2017-q2-update/bin/../lib/gcc/arm-none-eabi/6.3.1/../../../../arm-none-eabi/lib/thumb/v6-m\libg_nano.a(lib_a-memcpy-stub.o)
                0x000089a8                memcpy
 .text.memset   0x000089ba       0x10 c:/arm/2017-q2-update/bin/../lib/gcc/arm-none-eabi/6.3.1/../../../../arm-none-eabi/lib/thumb/v6-m\libg_nano.a(lib_a-memset.o)
                0x000089ba                memset
 *fill*         0x000089ca        0x2 
 .text._free_r  0x000089cc       0x94 c:/arm/2017-q2-update/bin/../lib/gcc/arm-none-eabi/6.3.1/../../../../arm-none-eabi/lib/thumb/v6-m\libg_nano.a(lib_a-nano-freer.o)
                0x000089cc                _free_r
 .text._malloc_r
                0x00008a60       0xbc c:/arm/2017-q2-update/bin/../lib/gcc/arm-none-eabi/6.3.1/../../../../arm-none-eabi/lib/thumb/v6-m\libg_nano.a(lib_a-nano-mallocr.o)
                0x00008a60                _malloc_r
 .text._sbrk_r  0x00008b1c       0x24 c:/arm/2017-q2-update/bin/../lib/gcc/arm-none-eabi/6.3.1/../../../../arm-none-eabi/lib/thumb/v6-m\libg_nano.a(lib_a-sbrkr.o)
                0x00008b1c                _sbrk_r
 .text          0x00008b40        0xe c:/arm/2017-q2-update/bin/../lib/gcc/arm-none-eabi/6.3.1/../../../../arm-none-eabi/lib/thumb/v6-m\libg_nano.a(lib_a-strlen.o)
                0x00008b40                strlen
 .text.__malloc_lock
                0x00008b4e        0x2 c:/arm/2017-q2-update/bin/../lib/gcc/arm-none-eabi/6.3.1/../../../../arm-none-eabi/lib/thumb/v6-m\libg_nano.a(lib_a-mlock.o)
                0x00008b4e                __malloc_lock
 .text.__malloc_unlock
                0x00008b50        0x2 c:/arm/2017-q2-update/bin/../lib/gcc/arm-none-eabi/6.3.1/../../../../arm-none-eabi/lib/thumb/v6-m\libg_nano.a(lib_a-mlock.o)
                0x00008b50                __malloc_unlock
 *fill*         0x00008b52        0x2 
 .text._sbrk    0x00008b54       0x1c c:/arm/2017-q2-update/bin/../lib/gcc/arm-none-eabi/6.3.1/../../../../arm-none-eabi/lib/thumb/v6-m\libnosys.a(sbrk.o)
                0x00008b54                _sbrk
 *(.glue_7t)
 .glue_7t       0x00008b70        0x0 linker stubs
 *(.glue_7)
 .glue_7        0x00008b70        0x0 linker stubs
 *(.rodata .rodata* .gnu.linkonce.r.*)
 .rodata._ZN2QPL14Q_this_module_E
                0x00008b70        0x8 build/dspFeather/lib/qp/source/qep_hsm.o
 .rodata._ZTVN2QP4QHsmE
                0x00008b78       0x1c build/dspFeather/lib/qp/source/qep_hsm.o
                0x00008b78                vtable for QP::QHsm
 .rodata._ZN2QP11QF_log2LkupE
                0x00008b94      0x100 build/dspFeather/lib/qp/source/qf_act.o
                0x00008b94                QP::QF_log2Lkup
 .rodata._ZN2QPL14Q_this_module_E
                0x00008c94        0x7 build/dspFeather/lib/qp/source/qf_act.o
 .rodata._ZN2QPL14Q_this_module_E
                0x00008c9b        0x8 build/dspFeather/lib/qp/source/qf_actq.o
 .rodata._ZN2QPL14Q_this_module_E
                0x00008ca3        0x7 build/dspFeather/lib/qp/source/qf_dyn.o
 .rodata._ZN2QPL14Q_this_module_E
                0x00008caa        0x7 build/dspFeather/lib/qp/source/qf_mem.o
 .rodata._ZN2QPL14Q_this_module_E
                0x00008cb1        0x6 build/dspFeather/lib/qp/source/qf_ps.o
 *fill*         0x00008cb7        0x1 
 .rodata._ZTVN2QP13QXKIdleThreadE
                0x00008cb8       0x2c build/dspFeather/lib/qp/source/qxk.o
                0x00008cb8                vtable for QP::QXKIdleThread
 .rodata._ZN2QPL14Q_this_module_E
                0x00008ce4        0x4 build/dspFeather/lib/qp/source/qxk.o
 .rodata._ZTVN2QP7QActiveE
                0x00008ce8       0x2c build/dspFeather/lib/qp/source/qxk.o
                0x00008ce8                vtable for QP::QActive
 .rodata._ZN2QPL14Q_this_module_E
                0x00008d14        0xa build/dspFeather/lib/qp/source/qxk_mutex.o
 *fill*         0x00008d1e        0x2 
 .rodata._ZTV5AOADC
                0x00008d20       0x2c build/dspFeather/source/AOADC.o
                0x00008d20                vtable for AOADC
 .rodata._ZL14Q_this_module_
                0x00008d4c       0x11 build/dspFeather/source/AOADC.o
 .rodata._ZN2FW4PipeIhE10WriteBlockEPKhm.str1.1
                0x00008d5d        0xa build/dspFeather/source/AOADC.o
 .rodata._ZN5AOADCC2Ev.str1.1
                0x00008d67        0x4 build/dspFeather/source/AOADC.o
 *fill*         0x00008d6b        0x1 
 .rodata._ZTV8AOSERCOM
                0x00008d6c       0x2c build/dspFeather/source/AOSERCOM.o
                0x00008d6c                vtable for AOSERCOM
 .rodata._ZL14Q_this_module_
                0x00008d98       0x14 build/dspFeather/source/AOSERCOM.o
 .rodata._ZN2FW4PipeIhE9ReadBlockEPhm.str1.1
                0x00008dac        0xa build/dspFeather/source/AOSERCOM.o
 .rodata._ZN8AOSERCOMC2EP6Sercomhh.str1.1
                0x00008dac        0x7 build/dspFeather/source/AOSERCOM.o
 *fill*         0x00008db3        0x1 
 .rodata._ZTV5AOUSB
                0x00008db4       0x2c build/dspFeather/source/AOUSB.o
                0x00008db4                vtable for AOUSB
 .rodata._ZN5AOUSBC2Ev.str1.1
                0x00008de0        0x4 build/dspFeather/source/AOUSB.o
 .rodata._ZTV26DoubleBufferedEPOutHandler
                0x00008de4       0x14 build/dspFeather/source/USB/USBCore.o
                0x00008de4                vtable for DoubleBufferedEPOutHandler
 .rodata._ZL14STRING_PRODUCT
                0x00008df8        0xc build/dspFeather/source/USB/USBCore.o
 .rodata._ZL15STRING_LANGUAGE
                0x00008e04        0x4 build/dspFeather/source/USB/USBCore.o
 .rodata._ZL19STRING_MANUFACTURER
                0x00008e08        0x8 build/dspFeather/source/USB/USBCore.o
 .rodata._ZL21USB_DeviceDescriptorB
                0x00008e10       0x12 build/dspFeather/source/USB/USBCore.o
 *fill*         0x00008e22        0x2 
 .rodata._ZTV8Delegate
                0x00008e24       0x2c build/dspFeather/source/Delegate.o
                0x00008e24                vtable for Delegate
 .rodata._ZL14Q_this_module_
                0x00008e50       0x14 build/dspFeather/source/Delegate.o
 .rodata._ZN2FW4PipeIhE10WriteBlockEPKhm.str1.1
                0x00008e64        0xa build/dspFeather/source/Delegate.o
 .rodata._ZN8DelegateC2Ev.str1.1
                0x00008e64        0x9 build/dspFeather/source/Delegate.o
 *fill*         0x00008e6d        0x3 
 .rodata._ZTV8SPISlave
                0x00008e70       0x2c build/dspFeather/source/SPISlave.o
                0x00008e70                vtable for SPISlave
 .rodata._ZN8SPISlaveC2EP6Sercom.str1.1
                0x00008e9c        0xa build/dspFeather/source/SPISlave.o
 *fill*         0x00008ea6        0x2 
 .rodata._ZTV6System
                0x00008ea8       0x2c build/dspFeather/source/main.o
                0x00008ea8                vtable for System
 .rodata._ZTVN2FW4PipeIhEE
                0x00008ed4       0x10 build/dspFeather/source/System.o
                0x00008ed4                vtable for FW::Pipe<unsigned char>
 .rodata._ZL14Q_this_module_
                0x00008ee4       0x12 build/dspFeather/source/System.o
 .rodata._ZN2FW4PipeIhEC2EPhh.str1.1
                0x00008ef6        0xa build/dspFeather/source/System.o
 .rodata._ZN6SystemC2Ev.str1.1
                0x00008ef6        0x7 build/dspFeather/source/System.o
 *(.ARM.extab* .gnu.linkonce.armextab.*)
                0x00008f00                . = ALIGN (0x4)
 *fill*         0x00008efd        0x3 
 *(.init)
 .init          0x00008f00        0x4 c:/arm/2017-q2-update/bin/../lib/gcc/arm-none-eabi/6.3.1/thumb/v6-m/crti.o
                0x00008f00                _init
 .init          0x00008f04        0x8 c:/arm/2017-q2-update/bin/../lib/gcc/arm-none-eabi/6.3.1/thumb/v6-m/crtn.o
                0x00008f0c                . = ALIGN (0x4)
                0x00008f0c                __preinit_array_start = .
 *(.preinit_array)
                0x00008f0c                __preinit_array_end = .
                0x00008f0c                . = ALIGN (0x4)
                0x00008f0c                __init_array_start = .
 *(SORT(.init_array.*))
 *(.init_array)
 .init_array    0x00008f0c        0x4 c:/arm/2017-q2-update/bin/../lib/gcc/arm-none-eabi/6.3.1/thumb/v6-m/crtbegin.o
 .init_array    0x00008f10        0x4 build/dspFeather/lib/qp/source/qep_hsm.o
 .init_array    0x00008f14        0x4 build/dspFeather/lib/qp/source/qf_dyn.o
 .init_array    0x00008f18        0x4 build/dspFeather/lib/qp/source/qf_time.o
 .init_array    0x00008f1c        0x4 build/dspFeather/lib/qp/source/qxk.o
 .init_array    0x00008f20        0x4 build/dspFeather/source/USB/USBCore.o
 .init_array    0x00008f24        0x4 build/dspFeather/source/main.o
                0x00008f28                __init_array_end = .
                0x00008f28                . = ALIGN (0x4)
 *crtbegin.o(.ctors)
 *(EXCLUDE_FILE(*crtend.o) .ctors)
 *(SORT(.ctors.*))
 *crtend.o(.ctors)
                0x00008f28                . = ALIGN (0x4)
 *(.fini)
 .fini          0x00008f28        0x4 c:/arm/2017-q2-update/bin/../lib/gcc/arm-none-eabi/6.3.1/thumb/v6-m/crti.o
                0x00008f28                _fini
 .fini          0x00008f2c        0x8 c:/arm/2017-q2-update/bin/../lib/gcc/arm-none-eabi/6.3.1/thumb/v6-m/crtn.o
                0x00008f34                . = ALIGN (0x4)
                0x00008f34                __fini_array_start = .
 *(.fini_array)
 .fini_array    0x00008f34        0x4 c:/arm/2017-q2-update/bin/../lib/gcc/arm-none-eabi/6.3.1/thumb/v6-m/crtbegin.o
 *(SORT(.fini_array.*))
                0x00008f38                __fini_array_end = .
 *crtbegin.o(.dtors)
 *(EXCLUDE_FILE(*crtend.o) .dtors)
 *(SORT(.dtors.*))
 *crtend.o(.dtors)
                0x00008f38                . = ALIGN (0x4)
                0x00008f38                _efixed = .
                [!provide]                PROVIDE (__exidx_start, .)

.vfp11_veneer   0x00008f38        0x0
 .vfp11_veneer  0x00008f38        0x0 linker stubs

.v4_bx          0x00008f38        0x0
 .v4_bx         0x00008f38        0x0 linker stubs

.iplt           0x00008f38        0x0
 .iplt          0x00008f38        0x0 c:/arm/2017-q2-update/bin/../lib/gcc/arm-none-eabi/6.3.1/thumb/v6-m/crtbegin.o

.eh_frame       0x00008f38        0x0
 .eh_frame      0x00008f38        0x0 c:/arm/2017-q2-update/bin/../lib/gcc/arm-none-eabi/6.3.1/thumb/v6-m/crtbegin.o

.rel.dyn        0x00008f38        0x0
 .rel.iplt      0x00008f38        0x0 c:/arm/2017-q2-update/bin/../lib/gcc/arm-none-eabi/6.3.1/thumb/v6-m/crtbegin.o

.jcr            0x00008f38        0x0
 .jcr           0x00008f38        0x0 c:/arm/2017-q2-update/bin/../lib/gcc/arm-none-eabi/6.3.1/thumb/v6-m/crtbegin.o

.igot.plt       0x00008f38        0x0
 .igot.plt      0x00008f38        0x0 c:/arm/2017-q2-update/bin/../lib/gcc/arm-none-eabi/6.3.1/thumb/v6-m/crtbegin.o

.ARM.exidx
 *(.ARM.exidx* .gnu.linkonce.armexidx.*)
                [!provide]                PROVIDE (__exidx_end, .)
                0x00008f38                . = ALIGN (0x4)
                0x00008f38                _etext = .

.relocate       0x20000000       0xd0 load address 0x00008f38
                0x20000000                . = ALIGN (0x4)
                0x20000000                _srelocate = .
 *(.ramfunc .ramfunc.*)
 *(.data .data.*)
 .data          0x20000000        0x4 c:/arm/2017-q2-update/bin/../lib/gcc/arm-none-eabi/6.3.1/thumb/v6-m/crtbegin.o
                0x20000000                __dso_handle
 .data          0x20000004        0x4 build/dspFeather/Device_Startup/system_samd21.o
                0x20000004                SystemCoreClock
 .data._ZN2QPL5ticksE
                0x20000008        0x4 build/dspFeather/source/bsp.o
 .data._ZL10breakValue
                0x2000000c        0x4 build/dspFeather/source/USB/CDC.o
 .data._ZL12_usbLineInfo
                0x20000010        0x8 build/dspFeather/source/USB/CDC.o
 .data._ZL13_cdcInterface
                0x20000018       0x42 build/dspFeather/source/USB/CDC.o
 *fill*         0x2000005a        0x2 
 .data.EndPoints
                0x2000005c       0x10 build/dspFeather/source/USB/USBCore.o
                0x2000005c                EndPoints
 .data._impure_ptr
                0x2000006c        0x4 c:/arm/2017-q2-update/bin/../lib/gcc/arm-none-eabi/6.3.1/../../../../arm-none-eabi/lib/thumb/v6-m\libg_nano.a(lib_a-impure.o)
                0x2000006c                _impure_ptr
 .data.impure_data
                0x20000070       0x60 c:/arm/2017-q2-update/bin/../lib/gcc/arm-none-eabi/6.3.1/../../../../arm-none-eabi/lib/thumb/v6-m\libg_nano.a(lib_a-impure.o)
                0x200000d0                . = ALIGN (0x4)
                0x200000d0                _erelocate = .

.bss            0x200000d0     0x39e0 load address 0x00009010
                0x200000d0                . = ALIGN (0x4)
                0x200000d0                _sbss = .
                0x200000d0                _szero = .
 *(.bss .bss.*)
 .bss           0x200000d0       0x1c c:/arm/2017-q2-update/bin/../lib/gcc/arm-none-eabi/6.3.1/thumb/v6-m/crtbegin.o
 .bss._ZN2QPL16QEP_reservedEvt_E
                0x200000ec       0x10 build/dspFeather/lib/qp/source/qep_hsm.o
 .bss._ZN2QP2QF7active_E
                0x200000fc       0x84 build/dspFeather/lib/qp/source/qf_act.o
                0x200000fc                QP::QF::active_
 .bss._ZN2QP11QF_maxPool_E
                0x20000180        0x4 build/dspFeather/lib/qp/source/qf_dyn.o
                0x20000180                QP::QF_maxPool_
 .bss._ZN2QP8QF_pool_E
                0x20000184       0x3c build/dspFeather/lib/qp/source/qf_dyn.o
                0x20000184                QP::QF_pool_
 .bss._ZN2QP14QF_subscrList_E
                0x200001c0        0x4 build/dspFeather/lib/qp/source/qf_ps.o
                0x200001c0                QP::QF_subscrList_
 .bss._ZN2QP16QF_maxPubSignal_E
                0x200001c4        0x4 build/dspFeather/lib/qp/source/qf_ps.o
                0x200001c4                QP::QF_maxPubSignal_
 .bss._ZN2QP2QF12timeEvtHead_E
                0x200001c8       0x20 build/dspFeather/lib/qp/source/qf_time.o
                0x200001c8                QP::QF::timeEvtHead_
 .bss.QXK_attr_
                0x200001e8       0x18 build/dspFeather/lib/qp/source/qxk.o
                0x200001e8                QXK_attr_
 .bss._ZN2QPL12l_idleThreadE
                0x20000200       0x34 build/dspFeather/lib/qp/source/qxk.o
 .bss._ZL7usb_isr
                0x20000234        0x4 build/dspFeather/source/bsp.o
 .bss._systemMs
                0x20000238        0x4 build/dspFeather/source/bsp.o
                0x20000238                _systemMs
 .bss.lastGPIOState
                0x2000023c        0x4 build/dspFeather/source/bsp.o
                0x2000023c                lastGPIOState
 .bss._ZL8m_rxFifo
                0x20000240        0x4 build/dspFeather/source/AOSERCOM.o
 .bss._ZL8m_inFifo
                0x20000244        0x4 build/dspFeather/source/AOUSB.o
 .bss.USBDevice
                0x20000248        0x1 build/dspFeather/source/USB/USBCore.o
                0x20000248                USBDevice
 *fill*         0x20000249        0x3 
 .bss._ZL10epHandlers
                0x2000024c       0x1c build/dspFeather/source/USB/USBCore.o
 .bss._ZL14isEndpointHalt
                0x20000268        0x1 build/dspFeather/source/USB/USBCore.o
 .bss._ZL20LastTransmitTimedOut
                0x20000269        0x7 build/dspFeather/source/USB/USBCore.o
 .bss._ZL21isRemoteWakeUpEnabled
                0x20000270        0x1 build/dspFeather/source/USB/USBCore.o
 *fill*         0x20000271        0x3 
 .bss._ZL22udd_ep_in_cache_buffer
                0x20000274      0x1c0 build/dspFeather/source/USB/USBCore.o
 .bss._ZL23udd_ep_out_cache_buffer
                0x20000434      0x1c0 build/dspFeather/source/USB/USBCore.o
 .bss._dry_run  0x200005f4        0x1 build/dspFeather/source/USB/USBCore.o
                0x200005f4                _dry_run
 .bss._pack_buffer
                0x200005f5      0x100 build/dspFeather/source/USB/USBCore.o
                0x200005f5                _pack_buffer
 .bss._pack_message
                0x200006f5        0x1 build/dspFeather/source/USB/USBCore.o
                0x200006f5                _pack_message
 .bss._pack_size
                0x200006f6        0x2 build/dspFeather/source/USB/USBCore.o
                0x200006f6                _pack_size
 .bss._usbConfiguration
                0x200006f8        0x4 build/dspFeather/source/USB/USBCore.o
                0x200006f8                _usbConfiguration
 .bss._usbSetInterface
                0x200006fc        0x4 build/dspFeather/source/USB/USBCore.o
                0x200006fc                _usbSetInterface
 .bss.usbd      0x20000700      0x104 build/dspFeather/source/USB/USBCore.o
                0x20000700                usbd
 .bss._ZN8Delegate7m_intenE
                0x20000804        0x4 build/dspFeather/source/Delegate.o
                0x20000804                Delegate::m_inten
 .bss._ZN8Delegate9m_intflagE
                0x20000808        0x4 build/dspFeather/source/Delegate.o
                0x20000808                Delegate::m_intflag
 .bss._ZL10slave_busy
                0x2000080c        0x1 build/dspFeather/source/SPISlave.o
 .bss._ZL14bytes_received
                0x2000080d        0x1 build/dspFeather/source/SPISlave.o
 *fill*         0x2000080e        0x2 
 .bss._ZL16m_defaultOutFifo
                0x20000810        0x4 build/dspFeather/source/SPISlave.o
 .bss._ZL8low_byte
                0x20000814        0x1 build/dspFeather/source/SPISlave.o
 *fill*         0x20000815        0x3 
 .bss._ZL8m_inFifo
                0x20000818        0x4 build/dspFeather/source/SPISlave.o
 .bss._ZL9high_byte
                0x2000081c        0x1 build/dspFeather/source/SPISlave.o
 *fill*         0x2000081d        0x3 
 .bss._ZL9m_outFifo
                0x20000820        0x4 build/dspFeather/source/SPISlave.o
 .bss._ZL3adc   0x20000824       0x60 build/dspFeather/source/main.o
 .bss._ZL3del   0x20000884       0x7c build/dspFeather/source/main.o
 .bss._ZL3spi   0x20000900       0x80 build/dspFeather/source/main.o
 .bss._ZL3sys   0x20000980      0x198 build/dspFeather/source/main.o
 .bss._ZL3usb   0x20000b18      0x23c build/dspFeather/source/main.o
 .bss._ZL7sercom0
                0x20000d54      0x24c build/dspFeather/source/main.o
 .bss.evtPoolLarge
                0x20000fa0     0x1000 build/dspFeather/source/main.o
                0x20000fa0                evtPoolLarge
 .bss.evtPoolMedium
                0x20001fa0      0x800 build/dspFeather/source/main.o
                0x20001fa0                evtPoolMedium
 .bss.evtPoolSmall
                0x200027a0     0x1000 build/dspFeather/source/main.o
                0x200027a0                evtPoolSmall
 .bss.subscrSto
                0x200037a0      0x178 build/dspFeather/source/main.o
                0x200037a0                subscrSto
 *fill*         0x20003918        0x8 
 .bss._ZL10_writeback
                0x20003920       0xc0 build/dspFeather/bsp/bsp_dma.o
 .bss._ZL11_descriptor
                0x200039e0       0xc0 build/dspFeather/bsp/bsp_dma.o
 .bss.__malloc_free_list
                0x20003aa0        0x4 c:/arm/2017-q2-update/bin/../lib/gcc/arm-none-eabi/6.3.1/../../../../arm-none-eabi/lib/thumb/v6-m\libg_nano.a(lib_a-nano-mallocr.o)
                0x20003aa0                __malloc_free_list
 .bss.__malloc_sbrk_start
                0x20003aa4        0x4 c:/arm/2017-q2-update/bin/../lib/gcc/arm-none-eabi/6.3.1/../../../../arm-none-eabi/lib/thumb/v6-m\libg_nano.a(lib_a-nano-mallocr.o)
                0x20003aa4                __malloc_sbrk_start
 .bss.heap_end.4116
                0x20003aa8        0x4 c:/arm/2017-q2-update/bin/../lib/gcc/arm-none-eabi/6.3.1/../../../../arm-none-eabi/lib/thumb/v6-m\libnosys.a(sbrk.o)
 *(COMMON)
 COMMON         0x20003aac        0x4 c:/arm/2017-q2-update/bin/../lib/gcc/arm-none-eabi/6.3.1/../../../../arm-none-eabi/lib/thumb/v6-m\libg_nano.a(lib_a-reent.o)
                0x20003aac                errno
                0x20003ab0                . = ALIGN (0x4)
                0x20003ab0                _ebss = .
                0x20003ab0                _ezero = .

.stack          0x20003ab0     0x2000 load address 0x0000c9f0
                0x20003ab0                . = ALIGN (0x8)
                0x20003ab0                _sstack = .
                0x20005ab0                . = (. + STACK_SIZE)
 *fill*         0x20003ab0     0x2000 
                0x20005ab0                . = ALIGN (0x8)
                0x20005ab0                _estack = .
                0x20005ab0                . = ALIGN (0x4)
                0x20005ab0                _end = .
                0x20005ab0                PROVIDE (end, .)
OUTPUT(build/dspFeather/seesaw-dspFeather.elf elf32-littlearm)

.ARM.attributes
                0x00000000       0x28
 .ARM.attributes
                0x00000000       0x1e c:/arm/2017-q2-update/bin/../lib/gcc/arm-none-eabi/6.3.1/thumb/v6-m/crti.o
 .ARM.attributes
                0x0000001e       0x2c c:/arm/2017-q2-update/bin/../lib/gcc/arm-none-eabi/6.3.1/thumb/v6-m/crtbegin.o
 .ARM.attributes
                0x0000004a       0x22 build/dspFeather/lib/qp/ports/arm-cm/qxk/gnu/qxk_port.o
 .ARM.attributes
                0x0000006c       0x32 build/dspFeather/Device_Startup/startup_samd21.o
 .ARM.attributes
                0x0000009e       0x32 build/dspFeather/Device_Startup/system_samd21.o
 .ARM.attributes
                0x000000d0       0x32 build/dspFeather/lib/qp/source/qep_hsm.o
 .ARM.attributes
                0x00000102       0x32 build/dspFeather/lib/qp/source/qf_act.o
 .ARM.attributes
                0x00000134       0x32 build/dspFeather/lib/qp/source/qf_actq.o
 .ARM.attributes
                0x00000166       0x32 build/dspFeather/lib/qp/source/qf_dyn.o
 .ARM.attributes
                0x00000198       0x32 build/dspFeather/lib/qp/source/qf_mem.o
 .ARM.attributes
                0x000001ca       0x32 build/dspFeather/lib/qp/source/qf_ps.o
 .ARM.attributes
                0x000001fc       0x32 build/dspFeather/lib/qp/source/qf_qact.o
 .ARM.attributes
                0x0000022e       0x32 build/dspFeather/lib/qp/source/qf_qeq.o
 .ARM.attributes
                0x00000260       0x32 build/dspFeather/lib/qp/source/qf_time.o
 .ARM.attributes
                0x00000292       0x32 build/dspFeather/lib/qp/source/qxk.o
 .ARM.attributes
                0x000002c4       0x32 build/dspFeather/lib/qp/source/qxk_mutex.o
 .ARM.attributes
                0x000002f6       0x32 build/dspFeather/lib/qp/extras/fw_evt.o
 .ARM.attributes
                0x00000328       0x32 build/dspFeather/source/bsp.o
 .ARM.attributes
                0x0000035a       0x32 build/dspFeather/source/AOADC.o
 .ARM.attributes
                0x0000038c       0x32 build/dspFeather/source/AOSERCOM.o
 .ARM.attributes
                0x000003be       0x32 build/dspFeather/source/AOUSB.o
 .ARM.attributes
                0x000003f0       0x32 build/dspFeather/source/USB/CDC.o
 .ARM.attributes
                0x00000422       0x32 build/dspFeather/source/USB/USBCore.o
 .ARM.attributes
                0x00000454       0x32 build/dspFeather/source/Delegate.o
 .ARM.attributes
                0x00000486       0x32 build/dspFeather/source/I2CSlave.o
 .ARM.attributes
                0x000004b8       0x32 build/dspFeather/source/SPISlave.o
 .ARM.attributes
                0x000004ea       0x32 build/dspFeather/source/main.o
 .ARM.attributes
                0x0000051c       0x32 build/dspFeather/source/System.o
 .ARM.attributes
                0x0000054e       0x32 build/dspFeather/bsp/bsp_adc.o
 .ARM.attributes
                0x00000580       0x32 build/dspFeather/bsp/bsp_gpio.o
 .ARM.attributes
                0x000005b2       0x32 build/dspFeather/bsp/bsp_sercom.o
 .ARM.attributes
                0x000005e4       0x32 build/dspFeather/bsp/bsp_dma.o
 .ARM.attributes
                0x00000616       0x1e c:/arm/2017-q2-update/bin/../lib/gcc/arm-none-eabi/6.3.1/thumb/v6-m\libgcc.a(_thumb1_case_uqi.o)
 .ARM.attributes
                0x00000634       0x1e c:/arm/2017-q2-update/bin/../lib/gcc/arm-none-eabi/6.3.1/thumb/v6-m\libgcc.a(_thumb1_case_shi.o)
 .ARM.attributes
                0x00000652       0x1e c:/arm/2017-q2-update/bin/../lib/gcc/arm-none-eabi/6.3.1/thumb/v6-m\libgcc.a(_udivsi3.o)
 .ARM.attributes
                0x00000670       0x1e c:/arm/2017-q2-update/bin/../lib/gcc/arm-none-eabi/6.3.1/thumb/v6-m\libgcc.a(_dvmd_tls.o)
 .ARM.attributes
                0x0000068e       0x2c c:/arm/2017-q2-update/bin/../lib/gcc/arm-none-eabi/6.3.1/../../../../arm-none-eabi/lib/thumb/v6-m\libg_nano.a(lib_a-aeabi_atexit.o)
 .ARM.attributes
                0x000006ba       0x2c c:/arm/2017-q2-update/bin/../lib/gcc/arm-none-eabi/6.3.1/../../../../arm-none-eabi/lib/thumb/v6-m\libg_nano.a(lib_a-cxa_atexit.o)
 .ARM.attributes
                0x000006e6       0x2c c:/arm/2017-q2-update/bin/../lib/gcc/arm-none-eabi/6.3.1/../../../../arm-none-eabi/lib/thumb/v6-m\libg_nano.a(lib_a-impure.o)
 .ARM.attributes
                0x00000712       0x2c c:/arm/2017-q2-update/bin/../lib/gcc/arm-none-eabi/6.3.1/../../../../arm-none-eabi/lib/thumb/v6-m\libg_nano.a(lib_a-init.o)
 .ARM.attributes
                0x0000073e       0x2c c:/arm/2017-q2-update/bin/../lib/gcc/arm-none-eabi/6.3.1/../../../../arm-none-eabi/lib/thumb/v6-m\libg_nano.a(lib_a-malloc.o)
 .ARM.attributes
                0x0000076a       0x2c c:/arm/2017-q2-update/bin/../lib/gcc/arm-none-eabi/6.3.1/../../../../arm-none-eabi/lib/thumb/v6-m\libg_nano.a(lib_a-memcpy-stub.o)
 .ARM.attributes
                0x00000796       0x2c c:/arm/2017-q2-update/bin/../lib/gcc/arm-none-eabi/6.3.1/../../../../arm-none-eabi/lib/thumb/v6-m\libg_nano.a(lib_a-memset.o)
 .ARM.attributes
                0x000007c2       0x2c c:/arm/2017-q2-update/bin/../lib/gcc/arm-none-eabi/6.3.1/../../../../arm-none-eabi/lib/thumb/v6-m\libg_nano.a(lib_a-nano-freer.o)
 .ARM.attributes
                0x000007ee       0x2c c:/arm/2017-q2-update/bin/../lib/gcc/arm-none-eabi/6.3.1/../../../../arm-none-eabi/lib/thumb/v6-m\libg_nano.a(lib_a-nano-mallocr.o)
 .ARM.attributes
                0x0000081a       0x2c c:/arm/2017-q2-update/bin/../lib/gcc/arm-none-eabi/6.3.1/../../../../arm-none-eabi/lib/thumb/v6-m\libg_nano.a(lib_a-sbrkr.o)
 .ARM.attributes
                0x00000846       0x1c c:/arm/2017-q2-update/bin/../lib/gcc/arm-none-eabi/6.3.1/../../../../arm-none-eabi/lib/thumb/v6-m\libg_nano.a(lib_a-strlen.o)
 .ARM.attributes
                0x00000862       0x2c c:/arm/2017-q2-update/bin/../lib/gcc/arm-none-eabi/6.3.1/../../../../arm-none-eabi/lib/thumb/v6-m\libg_nano.a(lib_a-mlock.o)
 .ARM.attributes
                0x0000088e       0x2c c:/arm/2017-q2-update/bin/../lib/gcc/arm-none-eabi/6.3.1/../../../../arm-none-eabi/lib/thumb/v6-m\libg_nano.a(lib_a-reent.o)
 .ARM.attributes
                0x000008ba       0x2c c:/arm/2017-q2-update/bin/../lib/gcc/arm-none-eabi/6.3.1/../../../../arm-none-eabi/lib/thumb/v6-m\libnosys.a(sbrk.o)
 .ARM.attributes
                0x000008e6       0x1e c:/arm/2017-q2-update/bin/../lib/gcc/arm-none-eabi/6.3.1/thumb/v6-m/crtn.o

.comment        0x00000000       0x7f
 .comment       0x00000000       0x7f build/dspFeather/Device_Startup/startup_samd21.o
                                 0x80 (size before relaxing)
 .comment       0x0000007f       0x80 build/dspFeather/Device_Startup/system_samd21.o
 .comment       0x0000007f       0x80 build/dspFeather/lib/qp/source/qep_hsm.o
 .comment       0x0000007f       0x80 build/dspFeather/lib/qp/source/qf_act.o
 .comment       0x0000007f       0x80 build/dspFeather/lib/qp/source/qf_actq.o
 .comment       0x0000007f       0x80 build/dspFeather/lib/qp/source/qf_dyn.o
 .comment       0x0000007f       0x80 build/dspFeather/lib/qp/source/qf_mem.o
 .comment       0x0000007f       0x80 build/dspFeather/lib/qp/source/qf_ps.o
 .comment       0x0000007f       0x80 build/dspFeather/lib/qp/source/qf_qact.o
 .comment       0x0000007f       0x80 build/dspFeather/lib/qp/source/qf_qeq.o
 .comment       0x0000007f       0x80 build/dspFeather/lib/qp/source/qf_time.o
 .comment       0x0000007f       0x80 build/dspFeather/lib/qp/source/qxk.o
 .comment       0x0000007f       0x80 build/dspFeather/lib/qp/source/qxk_mutex.o
 .comment       0x0000007f       0x80 build/dspFeather/lib/qp/extras/fw_evt.o
 .comment       0x0000007f       0x80 build/dspFeather/source/bsp.o
 .comment       0x0000007f       0x80 build/dspFeather/source/AOADC.o
 .comment       0x0000007f       0x80 build/dspFeather/source/AOSERCOM.o
 .comment       0x0000007f       0x80 build/dspFeather/source/AOUSB.o
 .comment       0x0000007f       0x80 build/dspFeather/source/USB/CDC.o
 .comment       0x0000007f       0x80 build/dspFeather/source/USB/USBCore.o
 .comment       0x0000007f       0x80 build/dspFeather/source/Delegate.o
 .comment       0x0000007f       0x80 build/dspFeather/source/I2CSlave.o
 .comment       0x0000007f       0x80 build/dspFeather/source/SPISlave.o
 .comment       0x0000007f       0x80 build/dspFeather/source/main.o
 .comment       0x0000007f       0x80 build/dspFeather/source/System.o
 .comment       0x0000007f       0x80 build/dspFeather/bsp/bsp_adc.o
 .comment       0x0000007f       0x80 build/dspFeather/bsp/bsp_gpio.o
 .comment       0x0000007f       0x80 build/dspFeather/bsp/bsp_sercom.o
 .comment       0x0000007f       0x80 build/dspFeather/bsp/bsp_dma.o

.debug_line     0x00000000     0xe208
 .debug_line    0x00000000      0x15f build/dspFeather/lib/qp/ports/arm-cm/qxk/gnu/qxk_port.o
 .debug_line    0x0000015f      0x4e7 build/dspFeather/Device_Startup/startup_samd21.o
 .debug_line    0x00000646      0x4c3 build/dspFeather/Device_Startup/system_samd21.o
 .debug_line    0x00000b09      0x3b5 build/dspFeather/lib/qp/source/qep_hsm.o
 .debug_line    0x00000ebe      0x3c6 build/dspFeather/lib/qp/source/qf_act.o
 .debug_line    0x00001284      0x5c0 build/dspFeather/lib/qp/source/qf_actq.o
 .debug_line    0x00001844      0x496 build/dspFeather/lib/qp/source/qf_dyn.o
 .debug_line    0x00001cda      0x462 build/dspFeather/lib/qp/source/qf_mem.o
 .debug_line    0x0000213c      0x501 build/dspFeather/lib/qp/source/qf_ps.o
 .debug_line    0x0000263d      0x35c build/dspFeather/lib/qp/source/qf_qact.o
 .debug_line    0x00002999      0x446 build/dspFeather/lib/qp/source/qf_qeq.o
 .debug_line    0x00002ddf      0x540 build/dspFeather/lib/qp/source/qf_time.o
 .debug_line    0x0000331f      0x5bd build/dspFeather/lib/qp/source/qxk.o
 .debug_line    0x000038dc      0x400 build/dspFeather/lib/qp/source/qxk_mutex.o
 .debug_line    0x00003cdc      0x3b2 build/dspFeather/lib/qp/extras/fw_evt.o
 .debug_line    0x0000408e      0xa71 build/dspFeather/source/bsp.o
 .debug_line    0x00004aff      0xbf6 build/dspFeather/source/AOADC.o
 .debug_line    0x000056f5      0xd6b build/dspFeather/source/AOSERCOM.o
 .debug_line    0x00006460      0x72a build/dspFeather/source/AOUSB.o
 .debug_line    0x00006b8a      0x844 build/dspFeather/source/USB/CDC.o
 .debug_line    0x000073ce     0x1319 build/dspFeather/source/USB/USBCore.o
 .debug_line    0x000086e7      0xf8e build/dspFeather/source/Delegate.o
 .debug_line    0x00009675      0xc2a build/dspFeather/source/I2CSlave.o
 .debug_line    0x0000a29f      0xdae build/dspFeather/source/SPISlave.o
 .debug_line    0x0000b04d      0xbc8 build/dspFeather/source/main.o
 .debug_line    0x0000bc15      0xc82 build/dspFeather/source/System.o
 .debug_line    0x0000c897      0x541 build/dspFeather/bsp/bsp_adc.o
 .debug_line    0x0000cdd8      0x590 build/dspFeather/bsp/bsp_gpio.o
 .debug_line    0x0000d368      0x87b build/dspFeather/bsp/bsp_sercom.o
 .debug_line    0x0000dbe3      0x625 build/dspFeather/bsp/bsp_dma.o

.debug_info     0x00000000    0x513a1
 .debug_info    0x00000000       0x6e build/dspFeather/lib/qp/ports/arm-cm/qxk/gnu/qxk_port.o
 .debug_info    0x0000006e     0x35d1 build/dspFeather/Device_Startup/startup_samd21.o
 .debug_info    0x0000363f       0xc2 build/dspFeather/Device_Startup/system_samd21.o
 .debug_info    0x00003701     0x10da build/dspFeather/lib/qp/source/qep_hsm.o
 .debug_info    0x000047db      0xd18 build/dspFeather/lib/qp/source/qf_act.o
 .debug_info    0x000054f3     0x1716 build/dspFeather/lib/qp/source/qf_actq.o
 .debug_info    0x00006c09     0x102a build/dspFeather/lib/qp/source/qf_dyn.o
 .debug_info    0x00007c33      0xe9a build/dspFeather/lib/qp/source/qf_mem.o
 .debug_info    0x00008acd     0x1249 build/dspFeather/lib/qp/source/qf_ps.o
 .debug_info    0x00009d16      0xbb9 build/dspFeather/lib/qp/source/qf_qact.o
 .debug_info    0x0000a8cf      0xc5f build/dspFeather/lib/qp/source/qf_qeq.o
 .debug_info    0x0000b52e     0x111d build/dspFeather/lib/qp/source/qf_time.o
 .debug_info    0x0000c64b     0x1ae8 build/dspFeather/lib/qp/source/qxk.o
 .debug_info    0x0000e133      0xa26 build/dspFeather/lib/qp/source/qxk_mutex.o
 .debug_info    0x0000eb59      0xc49 build/dspFeather/lib/qp/extras/fw_evt.o
 .debug_info    0x0000f7a2     0x372a build/dspFeather/source/bsp.o
 .debug_info    0x00012ecc     0x4013 build/dspFeather/source/AOADC.o
 .debug_info    0x00016edf     0x63a7 build/dspFeather/source/AOSERCOM.o
 .debug_info    0x0001d286     0x32e3 build/dspFeather/source/AOUSB.o
 .debug_info    0x00020569     0x1d9d build/dspFeather/source/USB/CDC.o
 .debug_info    0x00022306     0x896a build/dspFeather/source/USB/USBCore.o
 .debug_info    0x0002ac70     0x6190 build/dspFeather/source/Delegate.o
 .debug_info    0x00030e00     0x5f76 build/dspFeather/source/I2CSlave.o
 .debug_info    0x00036d76     0x71e2 build/dspFeather/source/SPISlave.o
 .debug_info    0x0003df58     0x8faa build/dspFeather/source/main.o
 .debug_info    0x00046f02     0x3a4a build/dspFeather/source/System.o
 .debug_info    0x0004a94c      0xdee build/dspFeather/bsp/bsp_adc.o
 .debug_info    0x0004b73a      0x814 build/dspFeather/bsp/bsp_gpio.o
 .debug_info    0x0004bf4e     0x2b40 build/dspFeather/bsp/bsp_sercom.o
 .debug_info    0x0004ea8e     0x2913 build/dspFeather/bsp/bsp_dma.o

.debug_abbrev   0x00000000     0xb60e
 .debug_abbrev  0x00000000       0x12 build/dspFeather/lib/qp/ports/arm-cm/qxk/gnu/qxk_port.o
 .debug_abbrev  0x00000012      0x25e build/dspFeather/Device_Startup/startup_samd21.o
 .debug_abbrev  0x00000270       0x86 build/dspFeather/Device_Startup/system_samd21.o
 .debug_abbrev  0x000002f6      0x51f build/dspFeather/lib/qp/source/qep_hsm.o
 .debug_abbrev  0x00000815      0x469 build/dspFeather/lib/qp/source/qf_act.o
 .debug_abbrev  0x00000c7e      0x77c build/dspFeather/lib/qp/source/qf_actq.o
 .debug_abbrev  0x000013fa      0x5c6 build/dspFeather/lib/qp/source/qf_dyn.o
 .debug_abbrev  0x000019c0      0x4fd build/dspFeather/lib/qp/source/qf_mem.o
 .debug_abbrev  0x00001ebd      0x5cf build/dspFeather/lib/qp/source/qf_ps.o
 .debug_abbrev  0x0000248c      0x41a build/dspFeather/lib/qp/source/qf_qact.o
 .debug_abbrev  0x000028a6      0x3e6 build/dspFeather/lib/qp/source/qf_qeq.o
 .debug_abbrev  0x00002c8c      0x610 build/dspFeather/lib/qp/source/qf_time.o
 .debug_abbrev  0x0000329c      0x829 build/dspFeather/lib/qp/source/qxk.o
 .debug_abbrev  0x00003ac5      0x375 build/dspFeather/lib/qp/source/qxk_mutex.o
 .debug_abbrev  0x00003e3a      0x441 build/dspFeather/lib/qp/extras/fw_evt.o
 .debug_abbrev  0x0000427b      0x9ac build/dspFeather/source/bsp.o
 .debug_abbrev  0x00004c27      0xa29 build/dspFeather/source/AOADC.o
 .debug_abbrev  0x00005650      0xac7 build/dspFeather/source/AOSERCOM.o
 .debug_abbrev  0x00006117      0x8b7 build/dspFeather/source/AOUSB.o
 .debug_abbrev  0x000069ce      0x476 build/dspFeather/source/USB/CDC.o
 .debug_abbrev  0x00006e44      0xa7e build/dspFeather/source/USB/USBCore.o
 .debug_abbrev  0x000078c2      0xa99 build/dspFeather/source/Delegate.o
 .debug_abbrev  0x0000835b      0x9fa build/dspFeather/source/I2CSlave.o
 .debug_abbrev  0x00008d55      0xa3d build/dspFeather/source/SPISlave.o
 .debug_abbrev  0x00009792      0xa53 build/dspFeather/source/main.o
 .debug_abbrev  0x0000a1e5      0x913 build/dspFeather/source/System.o
 .debug_abbrev  0x0000aaf8      0x1b9 build/dspFeather/bsp/bsp_adc.o
 .debug_abbrev  0x0000acb1      0x1d6 build/dspFeather/bsp/bsp_gpio.o
 .debug_abbrev  0x0000ae87      0x384 build/dspFeather/bsp/bsp_sercom.o
 .debug_abbrev  0x0000b20b      0x403 build/dspFeather/bsp/bsp_dma.o

.debug_aranges  0x00000000      0xcc0
 .debug_aranges
                0x00000000       0x40 build/dspFeather/lib/qp/ports/arm-cm/qxk/gnu/qxk_port.o
 .debug_aranges
                0x00000040       0x20 build/dspFeather/Device_Startup/startup_samd21.o
 .debug_aranges
                0x00000060       0x20 build/dspFeather/Device_Startup/system_samd21.o
 .debug_aranges
                0x00000080       0x70 build/dspFeather/lib/qp/source/qep_hsm.o
 .debug_aranges
                0x000000f0       0x30 build/dspFeather/lib/qp/source/qf_act.o
 .debug_aranges
                0x00000120       0x80 build/dspFeather/lib/qp/source/qf_actq.o
 .debug_aranges
                0x000001a0       0x48 build/dspFeather/lib/qp/source/qf_dyn.o
 .debug_aranges
                0x000001e8       0x40 build/dspFeather/lib/qp/source/qf_mem.o
 .debug_aranges
                0x00000228       0x48 build/dspFeather/lib/qp/source/qf_ps.o
 .debug_aranges
                0x00000270       0x20 build/dspFeather/lib/qp/source/qf_qact.o
 .debug_aranges
                0x00000290       0x40 build/dspFeather/lib/qp/source/qf_qeq.o
 .debug_aranges
                0x000002d0       0x60 build/dspFeather/lib/qp/source/qf_time.o
 .debug_aranges
                0x00000330       0x98 build/dspFeather/lib/qp/source/qxk.o
 .debug_aranges
                0x000003c8       0x30 build/dspFeather/lib/qp/source/qxk_mutex.o
 .debug_aranges
                0x000003f8       0x28 build/dspFeather/lib/qp/extras/fw_evt.o
 .debug_aranges
                0x00000420       0x98 build/dspFeather/source/bsp.o
 .debug_aranges
                0x000004b8       0x80 build/dspFeather/source/AOADC.o
 .debug_aranges
                0x00000538       0xa0 build/dspFeather/source/AOSERCOM.o
 .debug_aranges
                0x000005d8       0x70 build/dspFeather/source/AOUSB.o
 .debug_aranges
                0x00000648       0x38 build/dspFeather/source/USB/CDC.o
 .debug_aranges
                0x00000680      0x160 build/dspFeather/source/USB/USBCore.o
 .debug_aranges
                0x000007e0       0xa0 build/dspFeather/source/Delegate.o
 .debug_aranges
                0x00000880       0x80 build/dspFeather/source/I2CSlave.o
 .debug_aranges
                0x00000900       0xa0 build/dspFeather/source/SPISlave.o
 .debug_aranges
                0x000009a0       0xb0 build/dspFeather/source/main.o
 .debug_aranges
                0x00000a50       0x90 build/dspFeather/source/System.o
 .debug_aranges
                0x00000ae0       0x40 build/dspFeather/bsp/bsp_adc.o
 .debug_aranges
                0x00000b20       0x38 build/dspFeather/bsp/bsp_gpio.o
 .debug_aranges
                0x00000b58      0x128 build/dspFeather/bsp/bsp_sercom.o
 .debug_aranges
                0x00000c80       0x40 build/dspFeather/bsp/bsp_dma.o

.debug_ranges   0x00000000     0x2960
 .debug_ranges  0x00000000       0x38 build/dspFeather/lib/qp/ports/arm-cm/qxk/gnu/qxk_port.o
 .debug_ranges  0x00000038       0x90 build/dspFeather/lib/qp/source/qep_hsm.o
 .debug_ranges  0x000000c8       0x20 build/dspFeather/lib/qp/source/qf_act.o
 .debug_ranges  0x000000e8       0xb8 build/dspFeather/lib/qp/source/qf_actq.o
 .debug_ranges  0x000001a0       0x80 build/dspFeather/lib/qp/source/qf_dyn.o
 .debug_ranges  0x00000220       0x48 build/dspFeather/lib/qp/source/qf_mem.o
 .debug_ranges  0x00000268       0xa0 build/dspFeather/lib/qp/source/qf_ps.o
 .debug_ranges  0x00000308       0x10 build/dspFeather/lib/qp/source/qf_qact.o
 .debug_ranges  0x00000318       0x48 build/dspFeather/lib/qp/source/qf_qeq.o
 .debug_ranges  0x00000360       0xc8 build/dspFeather/lib/qp/source/qf_time.o
 .debug_ranges  0x00000428       0xf0 build/dspFeather/lib/qp/source/qxk.o
 .debug_ranges  0x00000518       0x20 build/dspFeather/lib/qp/source/qxk_mutex.o
 .debug_ranges  0x00000538       0x18 build/dspFeather/lib/qp/extras/fw_evt.o
 .debug_ranges  0x00000550      0x198 build/dspFeather/source/bsp.o
 .debug_ranges  0x000006e8      0x298 build/dspFeather/source/AOADC.o
 .debug_ranges  0x00000980      0x300 build/dspFeather/source/AOSERCOM.o
 .debug_ranges  0x00000c80      0x198 build/dspFeather/source/AOUSB.o
 .debug_ranges  0x00000e18       0x28 build/dspFeather/source/USB/CDC.o
 .debug_ranges  0x00000e40      0x770 build/dspFeather/source/USB/USBCore.o
 .debug_ranges  0x000015b0      0x668 build/dspFeather/source/Delegate.o
 .debug_ranges  0x00001c18      0x268 build/dspFeather/source/I2CSlave.o
 .debug_ranges  0x00001e80      0x3a8 build/dspFeather/source/SPISlave.o
 .debug_ranges  0x00002228      0x170 build/dspFeather/source/main.o
 .debug_ranges  0x00002398      0x370 build/dspFeather/source/System.o
 .debug_ranges  0x00002708       0x30 build/dspFeather/bsp/bsp_adc.o
 .debug_ranges  0x00002738       0x48 build/dspFeather/bsp/bsp_gpio.o
 .debug_ranges  0x00002780      0x160 build/dspFeather/bsp/bsp_sercom.o
 .debug_ranges  0x000028e0       0x80 build/dspFeather/bsp/bsp_dma.o

.debug_loc      0x00000000     0xe3a0
 .debug_loc     0x00000000       0x2b build/dspFeather/Device_Startup/startup_samd21.o
 .debug_loc     0x0000002b      0x6e9 build/dspFeather/lib/qp/source/qep_hsm.o
 .debug_loc     0x00000714       0xf7 build/dspFeather/lib/qp/source/qf_act.o
 .debug_loc     0x0000080b      0x556 build/dspFeather/lib/qp/source/qf_actq.o
 .debug_loc     0x00000d61      0x2a7 build/dspFeather/lib/qp/source/qf_dyn.o
 .debug_loc     0x00001008      0x231 build/dspFeather/lib/qp/source/qf_mem.o
 .debug_loc     0x00001239      0x37e build/dspFeather/lib/qp/source/qf_ps.o
 .debug_loc     0x000015b7       0x4a build/dspFeather/lib/qp/source/qf_qact.o
 .debug_loc     0x00001601      0x288 build/dspFeather/lib/qp/source/qf_qeq.o
 .debug_loc     0x00001889      0x3c1 build/dspFeather/lib/qp/source/qf_time.o
 .debug_loc     0x00001c4a      0x4ab build/dspFeather/lib/qp/source/qxk.o
 .debug_loc     0x000020f5       0x91 build/dspFeather/lib/qp/source/qxk_mutex.o
 .debug_loc     0x00002186       0x42 build/dspFeather/lib/qp/extras/fw_evt.o
 .debug_loc     0x000021c8      0x269 build/dspFeather/source/bsp.o
 .debug_loc     0x00002431      0xf12 build/dspFeather/source/AOADC.o
 .debug_loc     0x00003343     0x1493 build/dspFeather/source/AOSERCOM.o
 .debug_loc     0x000047d6      0xa4b build/dspFeather/source/AOUSB.o
 .debug_loc     0x00005221      0x15d build/dspFeather/source/USB/CDC.o
 .debug_loc     0x0000537e     0x266d build/dspFeather/source/USB/USBCore.o
 .debug_loc     0x000079eb     0x2537 build/dspFeather/source/Delegate.o
 .debug_loc     0x00009f22      0xfc8 build/dspFeather/source/I2CSlave.o
 .debug_loc     0x0000aeea     0x1353 build/dspFeather/source/SPISlave.o
 .debug_loc     0x0000c23d      0x628 build/dspFeather/source/main.o
 .debug_loc     0x0000c865      0xe8c build/dspFeather/source/System.o
 .debug_loc     0x0000d6f1       0x81 build/dspFeather/bsp/bsp_adc.o
 .debug_loc     0x0000d772      0x186 build/dspFeather/bsp/bsp_gpio.o
 .debug_loc     0x0000d8f8      0x884 build/dspFeather/bsp/bsp_sercom.o
 .debug_loc     0x0000e17c      0x224 build/dspFeather/bsp/bsp_dma.o

.debug_macro    0x00000000    0x17b49
 .debug_macro   0x00000000      0x2e5 build/dspFeather/Device_Startup/startup_samd21.o
 .debug_macro   0x000002e5      0x8aa build/dspFeather/Device_Startup/startup_samd21.o
 .debug_macro   0x00000b8f       0x22 build/dspFeather/Device_Startup/startup_samd21.o
 .debug_macro   0x00000bb1       0x87 build/dspFeather/Device_Startup/startup_samd21.o
 .debug_macro   0x00000c38       0x51 build/dspFeather/Device_Startup/startup_samd21.o
 .debug_macro   0x00000c89       0xef build/dspFeather/Device_Startup/startup_samd21.o
 .debug_macro   0x00000d78       0x6a build/dspFeather/Device_Startup/startup_samd21.o
 .debug_macro   0x00000de2      0x1df build/dspFeather/Device_Startup/startup_samd21.o
 .debug_macro   0x00000fc1       0x40 build/dspFeather/Device_Startup/startup_samd21.o
 .debug_macro   0x00001001       0x3a build/dspFeather/Device_Startup/startup_samd21.o
 .debug_macro   0x0000103b       0x1f build/dspFeather/Device_Startup/startup_samd21.o
 .debug_macro   0x0000105a      0x250 build/dspFeather/Device_Startup/startup_samd21.o
 .debug_macro   0x000012aa      0x67d build/dspFeather/Device_Startup/startup_samd21.o
 .debug_macro   0x00001927      0x8b0 build/dspFeather/Device_Startup/startup_samd21.o
 .debug_macro   0x000021d7      0x22e build/dspFeather/Device_Startup/startup_samd21.o
 .debug_macro   0x00002405      0xd5c build/dspFeather/Device_Startup/startup_samd21.o
 .debug_macro   0x00003161      0x4c6 build/dspFeather/Device_Startup/startup_samd21.o
 .debug_macro   0x00003627      0x9f6 build/dspFeather/Device_Startup/startup_samd21.o
 .debug_macro   0x0000401d      0x82a build/dspFeather/Device_Startup/startup_samd21.o
 .debug_macro   0x00004847      0x450 build/dspFeather/Device_Startup/startup_samd21.o
 .debug_macro   0x00004c97       0x5e build/dspFeather/Device_Startup/startup_samd21.o
 .debug_macro   0x00004cf5      0x8f8 build/dspFeather/Device_Startup/startup_samd21.o
 .debug_macro   0x000055ed      0x21c build/dspFeather/Device_Startup/startup_samd21.o
 .debug_macro   0x00005809      0x734 build/dspFeather/Device_Startup/startup_samd21.o
 .debug_macro   0x00005f3d       0x5e build/dspFeather/Device_Startup/startup_samd21.o
 .debug_macro   0x00005f9b      0x631 build/dspFeather/Device_Startup/startup_samd21.o
 .debug_macro   0x000065cc      0x3ab build/dspFeather/Device_Startup/startup_samd21.o
 .debug_macro   0x00006977      0xc75 build/dspFeather/Device_Startup/startup_samd21.o
 .debug_macro   0x000075ec     0x1092 build/dspFeather/Device_Startup/startup_samd21.o
 .debug_macro   0x0000867e      0xc4a build/dspFeather/Device_Startup/startup_samd21.o
 .debug_macro   0x000092c8      0x6ba build/dspFeather/Device_Startup/startup_samd21.o
 .debug_macro   0x00009982     0x1b3c build/dspFeather/Device_Startup/startup_samd21.o
 .debug_macro   0x0000b4be     0x143b build/dspFeather/Device_Startup/startup_samd21.o
 .debug_macro   0x0000c8f9      0x33f build/dspFeather/Device_Startup/startup_samd21.o
 .debug_macro   0x0000cc38       0x7c build/dspFeather/Device_Startup/startup_samd21.o
 .debug_macro   0x0000ccb4       0xa0 build/dspFeather/Device_Startup/startup_samd21.o
 .debug_macro   0x0000cd54       0x4c build/dspFeather/Device_Startup/startup_samd21.o
 .debug_macro   0x0000cda0       0xca build/dspFeather/Device_Startup/startup_samd21.o
 .debug_macro   0x0000ce6a       0x94 build/dspFeather/Device_Startup/startup_samd21.o
 .debug_macro   0x0000cefe       0x58 build/dspFeather/Device_Startup/startup_samd21.o
 .debug_macro   0x0000cf56      0x340 build/dspFeather/Device_Startup/startup_samd21.o
 .debug_macro   0x0000d296       0x82 build/dspFeather/Device_Startup/startup_samd21.o
 .debug_macro   0x0000d318      0x188 build/dspFeather/Device_Startup/startup_samd21.o
 .debug_macro   0x0000d4a0       0xb8 build/dspFeather/Device_Startup/startup_samd21.o
 .debug_macro   0x0000d558       0xa0 build/dspFeather/Device_Startup/startup_samd21.o
 .debug_macro   0x0000d5f8       0xb2 build/dspFeather/Device_Startup/startup_samd21.o
 .debug_macro   0x0000d6aa       0x1c build/dspFeather/Device_Startup/startup_samd21.o
 .debug_macro   0x0000d6c6       0x1c build/dspFeather/Device_Startup/startup_samd21.o
 .debug_macro   0x0000d6e2       0x1c build/dspFeather/Device_Startup/startup_samd21.o
 .debug_macro   0x0000d6fe       0x7c build/dspFeather/Device_Startup/startup_samd21.o
 .debug_macro   0x0000d77a      0x15a build/dspFeather/Device_Startup/startup_samd21.o
 .debug_macro   0x0000d8d4       0xdc build/dspFeather/Device_Startup/startup_samd21.o
 .debug_macro   0x0000d9b0      0x124 build/dspFeather/Device_Startup/startup_samd21.o
 .debug_macro   0x0000dad4      0x124 build/dspFeather/Device_Startup/startup_samd21.o