Archive member included to satisfy reference by file (symbol)

c:/arm/2017-q2-update/bin/../lib/gcc/arm-none-eabi/6.3.1/thumb/v6-m\libgcc.a(_thumb1_case_uqi.o)
                              build/dspUNO/source/USB/USBCore.o (__gnu_thumb1_case_uqi)
c:/arm/2017-q2-update/bin/../lib/gcc/arm-none-eabi/6.3.1/thumb/v6-m\libgcc.a(_thumb1_case_shi.o)
                              build/dspUNO/source/Delegate.o (__gnu_thumb1_case_shi)
c:/arm/2017-q2-update/bin/../lib/gcc/arm-none-eabi/6.3.1/thumb/v6-m\libgcc.a(_thumb1_case_uhi.o)
                              build/dspUNO/source/Delegate.o (__gnu_thumb1_case_uhi)
c:/arm/2017-q2-update/bin/../lib/gcc/arm-none-eabi/6.3.1/thumb/v6-m\libgcc.a(_udivsi3.o)
                              build/dspUNO/source/bsp.o (__aeabi_uidiv)
c:/arm/2017-q2-update/bin/../lib/gcc/arm-none-eabi/6.3.1/thumb/v6-m\libgcc.a(_divsi3.o)
                              build/dspUNO/source/dap.o (__aeabi_idiv)
c:/arm/2017-q2-update/bin/../lib/gcc/arm-none-eabi/6.3.1/thumb/v6-m\libgcc.a(_dvmd_tls.o)
                              c:/arm/2017-q2-update/bin/../lib/gcc/arm-none-eabi/6.3.1/thumb/v6-m\libgcc.a(_udivsi3.o) (__aeabi_idiv0)
c:/arm/2017-q2-update/bin/../lib/gcc/arm-none-eabi/6.3.1/../../../../arm-none-eabi/lib/thumb/v6-m\libg_nano.a(lib_a-aeabi_atexit.o)
                              build/dspUNO/lib/qp/source/qxk.o (__aeabi_atexit)
c:/arm/2017-q2-update/bin/../lib/gcc/arm-none-eabi/6.3.1/../../../../arm-none-eabi/lib/thumb/v6-m\libg_nano.a(lib_a-cxa_atexit.o)
                              c:/arm/2017-q2-update/bin/../lib/gcc/arm-none-eabi/6.3.1/../../../../arm-none-eabi/lib/thumb/v6-m\libg_nano.a(lib_a-aeabi_atexit.o) (__cxa_atexit)
c:/arm/2017-q2-update/bin/../lib/gcc/arm-none-eabi/6.3.1/../../../../arm-none-eabi/lib/thumb/v6-m\libg_nano.a(lib_a-exit.o)
                              c:/arm/2017-q2-update/bin/../lib/gcc/arm-none-eabi/6.3.1/../../../../arm-none-eabi/lib/thumb/v6-m/crt0.o (exit)
c:/arm/2017-q2-update/bin/../lib/gcc/arm-none-eabi/6.3.1/../../../../arm-none-eabi/lib/thumb/v6-m\libg_nano.a(lib_a-impure.o)
                              c:/arm/2017-q2-update/bin/../lib/gcc/arm-none-eabi/6.3.1/../../../../arm-none-eabi/lib/thumb/v6-m\libg_nano.a(lib_a-exit.o) (_global_impure_ptr)
c:/arm/2017-q2-update/bin/../lib/gcc/arm-none-eabi/6.3.1/../../../../arm-none-eabi/lib/thumb/v6-m\libg_nano.a(lib_a-init.o)
                              c:/arm/2017-q2-update/bin/../lib/gcc/arm-none-eabi/6.3.1/../../../../arm-none-eabi/lib/thumb/v6-m/crt0.o (__libc_init_array)
c:/arm/2017-q2-update/bin/../lib/gcc/arm-none-eabi/6.3.1/../../../../arm-none-eabi/lib/thumb/v6-m\libg_nano.a(lib_a-malloc.o)
                              build/dspUNO/source/bsp.o (malloc)
c:/arm/2017-q2-update/bin/../lib/gcc/arm-none-eabi/6.3.1/../../../../arm-none-eabi/lib/thumb/v6-m\libg_nano.a(lib_a-memcpy-stub.o)
                              build/dspUNO/source/USB/USBCore.o (memcpy)
c:/arm/2017-q2-update/bin/../lib/gcc/arm-none-eabi/6.3.1/../../../../arm-none-eabi/lib/thumb/v6-m\libg_nano.a(lib_a-memset.o)
                              c:/arm/2017-q2-update/bin/../lib/gcc/arm-none-eabi/6.3.1/../../../../arm-none-eabi/lib/thumb/v6-m/crt0.o (memset)
c:/arm/2017-q2-update/bin/../lib/gcc/arm-none-eabi/6.3.1/../../../../arm-none-eabi/lib/thumb/v6-m\libg_nano.a(lib_a-nano-freer.o)
                              c:/arm/2017-q2-update/bin/../lib/gcc/arm-none-eabi/6.3.1/../../../../arm-none-eabi/lib/thumb/v6-m\libg_nano.a(lib_a-malloc.o) (_free_r)
c:/arm/2017-q2-update/bin/../lib/gcc/arm-none-eabi/6.3.1/../../../../arm-none-eabi/lib/thumb/v6-m\libg_nano.a(lib_a-nano-mallocr.o)
                              c:/arm/2017-q2-update/bin/../lib/gcc/arm-none-eabi/6.3.1/../../../../arm-none-eabi/lib/thumb/v6-m\libg_nano.a(lib_a-malloc.o) (_malloc_r)
c:/arm/2017-q2-update/bin/../lib/gcc/arm-none-eabi/6.3.1/../../../../arm-none-eabi/lib/thumb/v6-m\libg_nano.a(lib_a-on_exit_args.o)
                              c:/arm/2017-q2-update/bin/../lib/gcc/arm-none-eabi/6.3.1/../../../../arm-none-eabi/lib/thumb/v6-m\libg_nano.a(lib_a-cxa_atexit.o) (__on_exit_args)
c:/arm/2017-q2-update/bin/../lib/gcc/arm-none-eabi/6.3.1/../../../../arm-none-eabi/lib/thumb/v6-m\libg_nano.a(lib_a-sbrkr.o)
                              c:/arm/2017-q2-update/bin/../lib/gcc/arm-none-eabi/6.3.1/../../../../arm-none-eabi/lib/thumb/v6-m\libg_nano.a(lib_a-nano-mallocr.o) (_sbrk_r)
c:/arm/2017-q2-update/bin/../lib/gcc/arm-none-eabi/6.3.1/../../../../arm-none-eabi/lib/thumb/v6-m\libg_nano.a(lib_a-strcpy.o)
                              build/dspUNO/source/dap.o (strcpy)
c:/arm/2017-q2-update/bin/../lib/gcc/arm-none-eabi/6.3.1/../../../../arm-none-eabi/lib/thumb/v6-m\libg_nano.a(lib_a-strlen.o)
                              build/dspUNO/source/USB/USBCore.o (strlen)
c:/arm/2017-q2-update/bin/../lib/gcc/arm-none-eabi/6.3.1/../../../../arm-none-eabi/lib/thumb/v6-m\libg_nano.a(lib_a-mlock.o)
[...]
Memory Configuration

Name             Origin             Length             Attributes
rom              0x00004000         0x0003c000         xr
ram              0x20000000         0x00008000         xrw
*default*        0x00000000         0xffffffff

Linker script and memory map

LOAD c:/arm/2017-q2-update/bin/../lib/gcc/arm-none-eabi/6.3.1/thumb/v6-m/crti.o
LOAD c:/arm/2017-q2-update/bin/../lib/gcc/arm-none-eabi/6.3.1/thumb/v6-m/crtbegin.o
LOAD c:/arm/2017-q2-update/bin/../lib/gcc/arm-none-eabi/6.3.1/../../../../arm-none-eabi/lib/thumb/v6-m/crt0.o
LOAD build/dspUNO/lib/qp/ports/arm-cm/qxk/gnu/qxk_port.o
LOAD build/dspUNO/Device_Startup/startup_samd21.o
LOAD build/dspUNO/Device_Startup/system_samd21.o
LOAD build/dspUNO/lib/qp/source/qep_hsm.o
LOAD build/dspUNO/lib/qp/source/qep_msm.o
LOAD build/dspUNO/lib/qp/source/qf_act.o
LOAD build/dspUNO/lib/qp/source/qf_actq.o
LOAD build/dspUNO/lib/qp/source/qf_defer.o
LOAD build/dspUNO/lib/qp/source/qf_dyn.o
LOAD build/dspUNO/lib/qp/source/qf_mem.o
LOAD build/dspUNO/lib/qp/source/qf_ps.o
LOAD build/dspUNO/lib/qp/source/qf_qact.o
LOAD build/dspUNO/lib/qp/source/qf_qeq.o
LOAD build/dspUNO/lib/qp/source/qf_qmact.o
LOAD build/dspUNO/lib/qp/source/qf_time.o
LOAD build/dspUNO/lib/qp/source/qxk.o
LOAD build/dspUNO/lib/qp/source/qxk_mutex.o
LOAD build/dspUNO/lib/qp/source/qxk_sema.o
LOAD build/dspUNO/lib/qp/source/qxk_xthr.o
LOAD build/dspUNO/lib/qp/include/qstamp.o
LOAD build/dspUNO/lib/qp/extras/fw_evt.o
LOAD build/dspUNO/lib/qp/extras/fw_log.o
LOAD build/dspUNO/source/bsp.o
LOAD build/dspUNO/source/event.o
LOAD build/dspUNO/source/AOADC.o
LOAD build/dspUNO/source/AODAC.o
LOAD build/dspUNO/source/AOTouch.o
LOAD build/dspUNO/source/AOInterrupt.o
LOAD build/dspUNO/source/AOSERCOM.o
LOAD build/dspUNO/source/AOTimer.o
LOAD build/dspUNO/source/AOUSB.o
LOAD build/dspUNO/source/USB/CDC.o
LOAD build/dspUNO/source/USB/USBCore.o
LOAD build/dspUNO/source/dap.o
LOAD build/dspUNO/source/Delegate.o
LOAD build/dspUNO/source/I2CSlave.o
LOAD build/dspUNO/source/SPISlave.o
LOAD build/dspUNO/source/main.o
LOAD build/dspUNO/source/Neopixel.o
LOAD build/dspUNO/source/System.o
LOAD build/dspUNO/source/AOPedal.o
LOAD build/dspUNO/bsp/bsp_adc.o
LOAD build/dspUNO/bsp/bsp_gpio.o
LOAD build/dspUNO/bsp/bsp_sercom.o
LOAD build/dspUNO/bsp/bsp_timer.o
LOAD build/dspUNO/bsp/bsp_dma.o
LOAD build/dspUNO/bsp/pinmux.o
LOAD build/dspUNO/bsp/bsp_neopix.o
LOAD build/dspUNO/bsp/adafruit_ptc.o
START GROUP
LOAD c:/arm/2017-q2-update/bin/../lib/gcc/arm-none-eabi/6.3.1/thumb/v6-m\libgcc.a
LOAD c:/arm/2017-q2-update/bin/../lib/gcc/arm-none-eabi/6.3.1/../../../../arm-none-eabi/lib/thumb/v6-m\libg_nano.a
LOAD c:/arm/2017-q2-update/bin/../lib/gcc/arm-none-eabi/6.3.1/../../../../arm-none-eabi/lib/thumb/v6-m\libc_nano.a
END GROUP
START GROUP
LOAD c:/arm/2017-q2-update/bin/../lib/gcc/arm-none-eabi/6.3.1/thumb/v6-m\libgcc.a
LOAD c:/arm/2017-q2-update/bin/../lib/gcc/arm-none-eabi/6.3.1/../../../../arm-none-eabi/lib/thumb/v6-m\libc_nano.a
LOAD c:/arm/2017-q2-update/bin/../lib/gcc/arm-none-eabi/6.3.1/../../../../arm-none-eabi/lib/thumb/v6-m\libnosys.a
END GROUP
START GROUP
LOAD c:/arm/2017-q2-update/bin/../lib/gcc/arm-none-eabi/6.3.1/thumb/v6-m\libgcc.a
LOAD c:/arm/2017-q2-update/bin/../lib/gcc/arm-none-eabi/6.3.1/../../../../arm-none-eabi/lib/thumb/v6-m\libc_nano.a
LOAD c:/arm/2017-q2-update/bin/../lib/gcc/arm-none-eabi/6.3.1/../../../../arm-none-eabi/lib/thumb/v6-m\libnosys.a
END GROUP
LOAD c:/arm/2017-q2-update/bin/../lib/gcc/arm-none-eabi/6.3.1/thumb/v6-m/crtend.o
LOAD c:/arm/2017-q2-update/bin/../lib/gcc/arm-none-eabi/6.3.1/thumb/v6-m/crtn.o
                0x00002000                STACK_SIZE = DEFINED (STACK_SIZE)?STACK_SIZE:DEFINED (__stack_size__)?__stack_size__:0x2000

.text           0x00004000     0x4894
                0x00004000                . = ALIGN (0x4)
                0x00004000                _sfixed = .
 *(.vectors .vectors.*)
 .vectors       0x00004000       0xb4 build/dspUNO/Device_Startup/startup_samd21.o
                0x00004000                exception_table
 *(.text .text.* .gnu.linkonce.t.*)
 .text          0x000040b4       0x60 c:/arm/2017-q2-update/bin/../lib/gcc/arm-none-eabi/6.3.1/thumb/v6-m/crtbegin.o
 .text.QXK_init
                0x00004114       0x20 build/dspUNO/lib/qp/ports/arm-cm/qxk/gnu/qxk_port.o
                0x00004114                QXK_init
 .text.PendSV_Handler
                0x00004134       0xcc build/dspUNO/lib/qp/ports/arm-cm/qxk/gnu/qxk_port.o
                0x00004134                PendSV_Handler
 .text.Thread_ret
                0x00004200       0x10 build/dspUNO/lib/qp/ports/arm-cm/qxk/gnu/qxk_port.o
 .text.NMI_Handler
                0x00004210        0x6 build/dspUNO/lib/qp/ports/arm-cm/qxk/gnu/qxk_port.o
                0x00004210                NMI_Handler
 *fill*         0x00004216        0x2 
 .text          0x00004218       0xb8 build/dspUNO/Device_Startup/startup_samd21.o
                0x00004218                DMAC_Handler
                0x00004218                HardFault_Handler
                0x00004218                AC_Handler
                0x00004218                SERCOM1_Handler
                0x00004218                ADC_Handler
                0x00004218                TCC1_Handler
                0x00004218                SERCOM2_Handler
                0x00004218                TCC0_Handler
                0x00004218                RTC_Handler
                0x00004218                EIC_Handler
                0x00004218                WDT_Handler
                0x00004218                TC4_Handler
                0x00004218                TC5_Handler
                0x00004218                TC3_Handler
                0x00004218                Dummy_Handler
                0x00004218                PM_Handler
                0x00004218                SERCOM5_Handler
                0x00004218                SVC_Handler
                0x00004218                TCC2_Handler
                0x00004218                EVSYS_Handler
                0x00004218                SERCOM4_Handler
                0x00004218                I2S_Handler
                0x00004218                NVMCTRL_Handler
                0x00004218                DAC_Handler
                0x00004218                PTC_Handler
                0x00004218                SYSCTRL_Handler
                0x0000421c                Reset_Handler
 .text          0x000042d0       0x20 build/dspUNO/Device_Startup/system_samd21.o
                0x000042d0                SystemInit
                0x000042e0                SystemCoreClockUpdate
 .text._ZN2QP4QHsm4initEv
                0x000042f0        0xc build/dspUNO/lib/qp/source/qep_hsm.o
                0x000042f0                QP::QHsm::init()
 .text._ZN2QP4QHsmD2Ev
                0x000042fc        0x2 build/dspUNO/lib/qp/source/qep_hsm.o
                0x000042fc                QP::QHsm::~QHsm()
                0x000042fc                QP::QHsm::~QHsm()
 .text._ZN2QP4QHsm3topEPvPKNS_4QEvtE
                0x000042fe        0x4 build/dspUNO/lib/qp/source/qep_hsm.o
                0x000042fe                QP::QHsm::top(void*, QP::QEvt const*)
 .text._ZN2QP4QHsmD0Ev
                0x00004302        0xc build/dspUNO/lib/qp/source/qep_hsm.o
                0x00004302                QP::QHsm::~QHsm()
 *fill*         0x0000430e        0x2 
 .text._ZN2QP4QHsm4initEPKNS_4QEvtE
                0x00004310       0x98 build/dspUNO/lib/qp/source/qep_hsm.o
                0x00004310                QP::QHsm::init(QP::QEvt const*)
 .text._ZN2QP4QHsmC2EPFjPvPKNS_4QEvtEE
                0x000043a8       0x18 build/dspUNO/lib/qp/source/qep_hsm.o
                0x000043a8                QP::QHsm::QHsm(unsigned int (*)(void*, QP::QEvt const*))
                0x000043a8                QP::QHsm::QHsm(unsigned int (*)(void*, QP::QEvt const*))
 .text._ZN2QP4QHsm8hsm_tranERA6_PFjPvPKNS_4QEvtEE
                0x000043c0      0x110 build/dspUNO/lib/qp/source/qep_hsm.o
                0x000043c0                QP::QHsm::hsm_tran(unsigned int (* (&) [6])(void*, QP::QEvt const*))
 .text._ZN2QP4QHsm8dispatchEPKNS_4QEvtE
                0x000044d0       0xd8 build/dspUNO/lib/qp/source/qep_hsm.o
                0x000044d0                QP::QHsm::dispatch(QP::QEvt const*)
 .text.startup._GLOBAL__sub_I__ZN2QP4QHsmC2EPFjPvPKNS_4QEvtEE
                0x000045a8       0x18 build/dspUNO/lib/qp/source/qep_hsm.o
 .text._ZN2QP2QF4add_EPNS_7QActiveE
                0x000045c0       0x34 build/dspUNO/lib/qp/source/qf_act.o
                0x000045c0                QP::QF::add_(QP::QActive*)
 .text._ZN2QP2QF5bzeroEPvj
                0x000045f4       0x10 build/dspUNO/lib/qp/source/qf_act.o
                0x000045f4                QP::QF::bzero(void*, unsigned int)
 .text._ZN2QP7QActive5startEjPPKNS_4QEvtEjPvj
                0x00004604       0x1a build/dspUNO/lib/qp/source/qf_actq.o
                0x00004604                QP::QActive::start(unsigned int, QP::QEvt const**, unsigned int, void*, unsigned int)
 *fill*         0x0000461e        0x2 
 .text._ZN2QP7QActive5post_EPKNS_4QEvtEj
                0x00004620       0xb4 build/dspUNO/lib/qp/source/qf_actq.o
                0x00004620                QP::QActive::post_(QP::QEvt const*, unsigned int)
 .text._ZN2QP7QActive8postLIFOEPKNS_4QEvtE
                0x000046d4       0x8c build/dspUNO/lib/qp/source/qf_actq.o
                0x000046d4                QP::QActive::postLIFO(QP::QEvt const*)
 .text._ZN2QP7QActive4get_Ev
                0x00004760       0x60 build/dspUNO/lib/qp/source/qf_actq.o
                0x00004760                QP::QActive::get_()
 .text._ZN2QP2QF8poolInitEPvjj
                0x000047c0       0x5c build/dspUNO/lib/qp/source/qf_dyn.o
                0x000047c0                QP::QF::poolInit(void*, unsigned int, unsigned int)
 .text._ZN2QP2QF5newX_Ejji
                0x0000481c       0x74 build/dspUNO/lib/qp/source/qf_dyn.o
                0x0000481c                QP::QF::newX_(unsigned int, unsigned int, int)
 .text._ZN2QP2QF2gcEPKNS_4QEvtE
                0x00004890       0x58 build/dspUNO/lib/qp/source/qf_dyn.o
                0x00004890                QP::QF::gc(QP::QEvt const*)
 .text.startup._GLOBAL__sub_I__ZN2QP8QF_pool_E
                0x000048e8       0x20 build/dspUNO/lib/qp/source/qf_dyn.o
 .text._ZN2QP6QMPoolC2Ev
                0x00004908       0x12 build/dspUNO/lib/qp/source/qf_mem.o
                0x00004908                QP::QMPool::QMPool()
                0x00004908                QP::QMPool::QMPool()
 *fill*         0x0000491a        0x2 
 .text._ZN2QP6QMPool4initEPvjj
                0x0000491c       0x80 build/dspUNO/lib/qp/source/qf_mem.o
                0x0000491c                QP::QMPool::init(void*, unsigned int, unsigned int)
 .text._ZN2QP6QMPool3putEPv
                0x0000499c       0x40 build/dspUNO/lib/qp/source/qf_mem.o
                0x0000499c                QP::QMPool::put(void*)
 .text._ZN2QP6QMPool3getEj
                0x000049dc       0x78 build/dspUNO/lib/qp/source/qf_mem.o
                0x000049dc                QP::QMPool::get(unsigned int)
 .text._ZN2QP7QF_LOG2Em
                0x00004a54       0x28 build/dspUNO/lib/qp/source/qf_ps.o
                0x00004a54                QP::QF_LOG2(unsigned long)
 .text._ZN2QP2QF6psInitEPNS_5QPSetEi
                0x00004a7c       0x1c build/dspUNO/lib/qp/source/qf_ps.o
                0x00004a7c                QP::QF::psInit(QP::QPSet*, int)
 .text._ZN2QP2QF8publish_EPKNS_4QEvtE
                0x00004a98       0xc4 build/dspUNO/lib/qp/source/qf_ps.o
                0x00004a98                QP::QF::publish_(QP::QEvt const*)
 .text._ZNK2QP7QActive9subscribeEi
                0x00004b5c       0x5c build/dspUNO/lib/qp/source/qf_ps.o
                0x00004b5c                QP::QActive::subscribe(int) const
 .text._ZN2QP7QActiveC2EPFjPvPKNS_4QEvtEE
                0x00004bb8       0x3c build/dspUNO/lib/qp/source/qf_qact.o
                0x00004bb8                QP::QActive::QActive(unsigned int (*)(void*, QP::QEvt const*))
                0x00004bb8                QP::QActive::QActive(unsigned int (*)(void*, QP::QEvt const*))
 .text._ZN2QP7QEQueueC2Ev
                0x00004bf4       0x12 build/dspUNO/lib/qp/source/qf_qeq.o
                0x00004bf4                QP::QEQueue::QEQueue()
                0x00004bf4                QP::QEQueue::QEQueue()
 .text._ZN2QP7QEQueue4initEPPKNS_4QEvtEj
                0x00004c06       0x1a build/dspUNO/lib/qp/source/qf_qeq.o
                0x00004c06                QP::QEQueue::init(QP::QEvt const**, unsigned int)
 .text._ZN2QP2QF6tickX_Ej
                0x00004c20       0x98 build/dspUNO/lib/qp/source/qf_time.o
                0x00004c20                QP::QF::tickX_(unsigned int)
 .text._ZN2QP8QTimeEvtC2EPNS_7QActiveEij
                0x00004cb8       0x34 build/dspUNO/lib/qp/source/qf_time.o
                0x00004cb8                QP::QTimeEvt::QTimeEvt(QP::QActive*, int, unsigned int)
                0x00004cb8                QP::QTimeEvt::QTimeEvt(QP::QActive*, int, unsigned int)
 .text._ZN2QP8QTimeEvtC2Ev
                0x00004cec       0x12 build/dspUNO/lib/qp/source/qf_time.o
                0x00004cec                QP::QTimeEvt::QTimeEvt()
                0x00004cec                QP::QTimeEvt::QTimeEvt()
 *fill*         0x00004cfe        0x2 
 .text._ZN2QP8QTimeEvt4armXEtt
                0x00004d00       0x68 build/dspUNO/lib/qp/source/qf_time.o
                0x00004d00                QP::QTimeEvt::armX(unsigned short, unsigned short)
 .text._ZN2QP8QTimeEvt6disarmEv
                0x00004d68       0x1a build/dspUNO/lib/qp/source/qf_time.o
                0x00004d68                QP::QTimeEvt::disarm()
 *fill*         0x00004d82        0x2 
 .text.startup._GLOBAL__sub_I__ZN2QP2QF12timeEvtHead_E
                0x00004d84       0x18 build/dspUNO/lib/qp/source/qf_time.o
 .text._ZN2QP7QActiveD2Ev
                0x00004d9c       0x18 build/dspUNO/lib/qp/source/qxk.o
                0x00004d9c                QP::QActive::~QActive()
                0x00004d9c                QP::QActive::~QActive()
 .text._ZN2QP7QActiveD0Ev
                0x00004db4       0x12 build/dspUNO/lib/qp/source/qxk.o
                0x00004db4                QP::QActive::~QActive()
 *fill*         0x00004dc6        0x2 
 .text._ZN2QP13QXKIdleThreadD2Ev
                0x00004dc8       0x14 build/dspUNO/lib/qp/source/qxk.o
                0x00004dc8                QP::QXKIdleThread::~QXKIdleThread()
                0x00004dc8                QP::QXKIdleThread::~QXKIdleThread()
 .text._ZN2QP13QXKIdleThreadD0Ev
                0x00004ddc       0x12 build/dspUNO/lib/qp/source/qxk.o
                0x00004ddc                QP::QXKIdleThread::~QXKIdleThread()
 *fill*         0x00004dee        0x2 
 .text._ZN2QP2QF4initEv
                0x00004df0       0x60 build/dspUNO/lib/qp/source/qxk.o
                0x00004df0                QP::QF::init()
 .text.QXK_sched_
                0x00004e50       0x60 build/dspUNO/lib/qp/source/qxk.o
                0x00004e50                QXK_sched_
 .text.QXK_activate_
                0x00004eb0       0x90 build/dspUNO/lib/qp/source/qxk.o
                0x00004eb0                QXK_activate_
 .text._ZN2QP2QF3runEv
                0x00004f40       0x28 build/dspUNO/lib/qp/source/qxk.o
                0x00004f40                QP::QF::run()
 .text._ZN2QP7QActive5startEjPPKNS_4QEvtEjPvjS3_
                0x00004f68       0x78 build/dspUNO/lib/qp/source/qxk.o
                0x00004f68                QP::QActive::start(unsigned int, QP::QEvt const**, unsigned int, void*, unsigned int, QP::QEvt const*)
 .text.startup._GLOBAL__sub_I_QXK_attr_
                0x00004fe0       0x2c build/dspUNO/lib/qp/source/qxk.o
 .text._ZN2QP7QXMutex4initEj
                0x0000500c        0x8 build/dspUNO/lib/qp/source/qxk_mutex.o
                0x0000500c                QP::QXMutex::init(unsigned int)
 .text._ZN2QP7QXMutex4lockEv
                0x00005014       0x50 build/dspUNO/lib/qp/source/qxk_mutex.o
                0x00005014                QP::QXMutex::lock()
 .text._ZN2QP7QXMutex6unlockEv
                0x00005064       0x50 build/dspUNO/lib/qp/source/qxk_mutex.o
                0x00005064                QP::QXMutex::unlock()
 .text._ZN2FW3EvtnwEj
                0x000050b4        0xc build/dspUNO/lib/qp/extras/fw_evt.o
                0x000050b4                FW::Evt::operator new(unsigned int)
 .text._ZdlPv   0x000050c0        0x8 build/dspUNO/source/bsp.o
                0x000050c0                operator delete(void*)
 .text._Znwj    0x000050c8        0x8 build/dspUNO/source/bsp.o
                0x000050c8                operator new(unsigned int)
 .text._Z7BspInitv
                0x000050d0       0x38 build/dspUNO/source/bsp.o
                0x000050d0                BspInit()
 .text.SysTick_Handler
                0x00005108       0x6c build/dspUNO/source/bsp.o
                0x00005108                SysTick_Handler
 .text.USB_Handler
                0x00005174       0x14 build/dspUNO/source/bsp.o
                0x00005174                USB_Handler
 .text.USB_SetHandler
                0x00005188        0xc build/dspUNO/source/bsp.o
                0x00005188                USB_SetHandler
 .text._ZN2QP2QF9onStartupEv
                0x00005194       0xd8 build/dspUNO/source/bsp.o
                0x00005194                QP::QF::onStartup()
 .text._ZN2QP3QXK6onIdleEv
                0x0000526c        0x4 build/dspUNO/source/bsp.o
                0x0000526c                QP::QXK::onIdle()
 .text.Q_onAssert
                0x00005270        0x6 build/dspUNO/source/bsp.o
                0x00005270                Q_onAssert
 .text.assert_failed
                0x00005276        0x4 build/dspUNO/source/bsp.o
                0x00005276                assert_failed
 *fill*         0x0000527a        0x2 
 .text.initiateReset
                0x0000527c        0xc build/dspUNO/source/bsp.o
                0x0000527c                initiateReset
 .text.cancelReset
                0x00005288       0x10 build/dspUNO/source/bsp.o
                0x00005288                cancelReset
 .text.tickReset
                0x00005298       0x40 build/dspUNO/source/bsp.o
                0x00005298                tickReset
 .text._ZN8AOSERCOM4RootEPS_PKN2QP4QEvtE
                0x000052d8       0x2c build/dspUNO/source/AOSERCOM.o
                0x000052d8                AOSERCOM::Root(AOSERCOM*, QP::QEvt const*)
 .text._ZN8AOSERCOM18InitialPseudoStateEPS_PKN2QP4QEvtE
                0x00005304       0x48 build/dspUNO/source/AOSERCOM.o
                0x00005304                AOSERCOM::InitialPseudoState(AOSERCOM*, QP::QEvt const*)
 .text._ZN8AOSERCOM7StoppedEPS_PKN2QP4QEvtE
                0x0000534c       0xa0 build/dspUNO/source/AOSERCOM.o
                0x0000534c                AOSERCOM::Stopped(AOSERCOM*, QP::QEvt const*)
 .text._ZN8AOSERCOM7StartedEPS_PKN2QP4QEvtE
                0x000053ec       0x50 build/dspUNO/source/AOSERCOM.o
                0x000053ec                AOSERCOM::Started(AOSERCOM*, QP::QEvt const*)
 .text._ZN8AOSERCOMD2Ev
                0x0000543c       0x14 build/dspUNO/source/AOSERCOM.o
                0x0000543c                AOSERCOM::~AOSERCOM()
                0x0000543c                AOSERCOM::~AOSERCOM()
 .text._ZN8AOSERCOMD0Ev
                0x00005450       0x12 build/dspUNO/source/AOSERCOM.o
                0x00005450                AOSERCOM::~AOSERCOM()
 *fill*         0x00005462        0x2 
 .text._ZN8AOSERCOMC2EP6Sercomhh
                0x00005464       0x38 build/dspUNO/source/AOSERCOM.o
                0x00005464                AOSERCOM::AOSERCOM(Sercom*, unsigned char, unsigned char)
                0x00005464                AOSERCOM::AOSERCOM(Sercom*, unsigned char, unsigned char)
 .text.sercom_handler
                0x0000549c       0x3c build/dspUNO/source/AOSERCOM.o
                0x0000549c                sercom_handler
 .text.SERCOM0_Handler
                0x000054d8       0x28 build/dspUNO/source/AOSERCOM.o
                0x000054d8                SERCOM0_Handler
 .text._ZN2FW4PipeIhE9ReadBlockEPhm
                0x00005500       0x44 build/dspUNO/source/AOSERCOM.o
                0x00005500                FW::Pipe<unsigned char>::ReadBlock(unsigned char*, unsigned long)
 .text._ZN2FW4PipeIhE10ReadNoCritEPhmPb
                0x00005544       0x70 build/dspUNO/source/AOSERCOM.o
                0x00005544                FW::Pipe<unsigned char>::ReadNoCrit(unsigned char*, unsigned long, bool*)
 .text._ZN2FW4PipeIhE10WriteBlockEPKhm
                0x000055b4       0x44 build/dspUNO/source/AOSERCOM.o
                0x000055b4                FW::Pipe<unsigned char>::WriteBlock(unsigned char const*, unsigned long)
 .text._ZN8AOSERCOM4UARTEPS_PKN2QP4QEvtE
                0x000055f8      0x250 build/dspUNO/source/AOSERCOM.o
                0x000055f8                AOSERCOM::UART(AOSERCOM*, QP::QEvt const*)
 .text._ZN5AOUSB4RootEPS_PKN2QP4QEvtE
                0x00005848       0x2c build/dspUNO/source/AOUSB.o
                0x00005848                AOUSB::Root(AOUSB*, QP::QEvt const*)
 .text._ZN5AOUSB18InitialPseudoStateEPS_PKN2QP4QEvtE
                0x00005874       0x20 build/dspUNO/source/AOUSB.o
                0x00005874                AOUSB::InitialPseudoState(AOUSB*, QP::QEvt const*)
 .text._ZN5AOUSB7StartedEPS_PKN2QP4QEvtE
                0x00005894       0x50 build/dspUNO/source/AOUSB.o
                0x00005894                AOUSB::Started(AOUSB*, QP::QEvt const*)
 .text._ZN5AOUSB7StoppedEPS_PKN2QP4QEvtE
                0x000058e4       0x90 build/dspUNO/source/AOUSB.o
                0x000058e4                AOUSB::Stopped(AOUSB*, QP::QEvt const*)
 .text._ZN5AOUSBD2Ev
                0x00005974       0x14 build/dspUNO/source/AOUSB.o
                0x00005974                AOUSB::~AOUSB()
                0x00005974                AOUSB::~AOUSB()
 .text._ZN5AOUSBD0Ev
                0x00005988       0x12 build/dspUNO/source/AOUSB.o
                0x00005988                AOUSB::~AOUSB()
 *fill*         0x0000599a        0x2 
 .text._ZN5AOUSBC2Ev
                0x0000599c       0x2c build/dspUNO/source/AOUSB.o
                0x0000599c                AOUSB::AOUSB()
                0x0000599c                AOUSB::AOUSB()
 .text._ZN5AOUSB15ReceiveCallbackEv
                0x000059c8       0xa4 build/dspUNO/source/AOUSB.o
                0x000059c8                AOUSB::ReceiveCallback()
 .text._Z16CDC_GetInterfacePh
                0x00005a6c       0x1c build/dspUNO/source/USB/CDC.o
                0x00005a6c                CDC_GetInterface(unsigned char*)
 .text._Z9CDC_SetupR8USBSetup
                0x00005a88       0x7c build/dspUNO/source/USB/CDC.o
                0x00005a88                CDC_Setup(USBSetup&)
 .text._ZN14USBDeviceClass6initEPEmm.part.5
                0x00005b04       0x88 build/dspUNO/source/USB/USBCore.o
 .text._ZN20USBDevice_SAMD21G18x5resetEv
                0x00005b8c       0x24 build/dspUNO/source/USB/USBCore.o
                0x00005b8c                USBDevice_SAMD21G18x::reset()
 .text._ZN20USBDevice_SAMD21G18x9calibrateEv
                0x00005bb0       0x60 build/dspUNO/source/USB/USBCore.o
                0x00005bb0                USBDevice_SAMD21G18x::calibrate()
 .text._ZN7__GuardC2Ev
                0x00005c10        0xe build/dspUNO/source/USB/USBCore.o
                0x00005c10                __Guard::__Guard()
                0x00005c10                __Guard::__Guard()
 .text._ZN7__GuardD2Ev
                0x00005c1e        0xe build/dspUNO/source/USB/USBCore.o
                0x00005c1e                __Guard::~__Guard()
                0x00005c1e                __Guard::~__Guard()
 .text._ZNK26DoubleBufferedEPOutHandler9availableEv
                0x00005c2c       0x5e build/dspUNO/source/USB/USBCore.o
                0x00005c2c                DoubleBufferedEPOutHandler::available() const
 *fill*         0x00005c8a        0x2 
 .text._ZN26DoubleBufferedEPOutHandler7releaseEv
                0x00005c8c       0x44 build/dspUNO/source/USB/USBCore.o
                0x00005c8c                DoubleBufferedEPOutHandler::release()
 .text._ZN26DoubleBufferedEPOutHandler4recvEPvm
                0x00005cd0      0x11e build/dspUNO/source/USB/USBCore.o
                0x00005cd0                DoubleBufferedEPOutHandler::recv(void*, unsigned long)
 .text._ZN26DoubleBufferedEPOutHandler14handleEndpointEv
                0x00005dee       0xb6 build/dspUNO/source/USB/USBCore.o
                0x00005dee                DoubleBufferedEPOutHandler::handleEndpoint()
 .text._ZN14USBDeviceClass14SendInterfacesEPm
                0x00005ea4       0x1c build/dspUNO/source/USB/USBCore.o
                0x00005ea4                USBDeviceClass::SendInterfaces(unsigned long*)
 .text._ZN14USBDeviceClass14handleEndpointEh
                0x00005ec0       0x44 build/dspUNO/source/USB/USBCore.o
                0x00005ec0                USBDeviceClass::handleEndpoint(unsigned char)
 .text._ZN14USBDeviceClass4initEv
                0x00005f04       0xa8 build/dspUNO/source/USB/USBCore.o
                0x00005f04                USBDeviceClass::init()
 .text._ZN14USBDeviceClass6attachEv
                0x00005fac       0x34 build/dspUNO/source/USB/USBCore.o
                0x00005fac                USBDeviceClass::attach()
 .text._ZN14USBDeviceClass10setAddressEm
                0x00005fe0       0x48 build/dspUNO/source/USB/USBCore.o
                0x00005fe0                USBDeviceClass::setAddress(unsigned long)
 .text._ZN14USBDeviceClass6detachEv
                0x00006028       0x18 build/dspUNO/source/USB/USBCore.o
                0x00006028                USBDeviceClass::detach()
 .text._ZN14USBDeviceClass25handleClassInterfaceSetupER8USBSetup
                0x00006040       0x28 build/dspUNO/source/USB/USBCore.o
                0x00006040                USBDeviceClass::handleClassInterfaceSetup(USBSetup&)
 .text._ZN14USBDeviceClass6initEPEmm
                0x00006068      0x120 build/dspUNO/source/USB/USBCore.o
                0x00006068                USBDeviceClass::initEP(unsigned long, unsigned long)
 .text._ZN14USBDeviceClass13initEndpointsEv
                0x00006188       0x24 build/dspUNO/source/USB/USBCore.o
                0x00006188                USBDeviceClass::initEndpoints()
 .text._ZN14USBDeviceClass9availableEm
                0x000061ac       0x2c build/dspUNO/source/USB/USBCore.o
                0x000061ac                USBDeviceClass::available(unsigned long)
 .text._ZN14USBDeviceClass14armRecvCtrlOUTEm
                0x000061d8       0x5c build/dspUNO/source/USB/USBCore.o
                0x000061d8                USBDeviceClass::armRecvCtrlOUT(unsigned long)
 .text._ZN14USBDeviceClass11recvControlEPvm
                0x00006234       0x3c build/dspUNO/source/USB/USBCore.o
                0x00006234                USBDeviceClass::recvControl(void*, unsigned long)
 .text._ZN14USBDeviceClass7armRecvEm
                0x00006270       0x38 build/dspUNO/source/USB/USBCore.o
                0x00006270                USBDeviceClass::armRecv(unsigned long)
 .text._ZN14USBDeviceClass4recvEmPvm
                0x000062a8       0xc0 build/dspUNO/source/USB/USBCore.o
                0x000062a8                USBDeviceClass::recv(unsigned long, void*, unsigned long)
 .text._ZN14USBDeviceClass4recvEm
                0x00006368       0x1c build/dspUNO/source/USB/USBCore.o
                0x00006368                USBDeviceClass::recv(unsigned long)
 .text._ZN14USBDeviceClass4sendEmPKvm
                0x00006384       0xf8 build/dspUNO/source/USB/USBCore.o
                0x00006384                USBDeviceClass::send(unsigned long, void const*, unsigned long)
 .text._ZN14USBDeviceClass7armSendEmPKvm
                0x0000647c       0x48 build/dspUNO/source/USB/USBCore.o
                0x0000647c                USBDeviceClass::armSend(unsigned long, void const*, unsigned long)
 .text._ZN14USBDeviceClass11sendControlEPKvm
                0x000064c4       0x54 build/dspUNO/source/USB/USBCore.o
                0x000064c4                USBDeviceClass::sendControl(void const*, unsigned long)
 .text._ZN14USBDeviceClass20sendStringDescriptorEPKhh
                0x00006518       0x64 build/dspUNO/source/USB/USBCore.o
                0x00006518                USBDeviceClass::sendStringDescriptor(unsigned char const*, unsigned char)
 .text._ZN14USBDeviceClass17sendConfigurationEm
                0x0000657c       0x94 build/dspUNO/source/USB/USBCore.o
                0x0000657c                USBDeviceClass::sendConfiguration(unsigned long)
 .text._ZN14USBDeviceClass14sendDescriptorER8USBSetup
                0x00006610       0x74 build/dspUNO/source/USB/USBCore.o
                0x00006610                USBDeviceClass::sendDescriptor(USBSetup&)
 .text._ZN14USBDeviceClass19handleStandardSetupER8USBSetup
                0x00006684      0x108 build/dspUNO/source/USB/USBCore.o
                0x00006684                USBDeviceClass::handleStandardSetup(USBSetup&)
 .text._ZN14USBDeviceClass10ISRHandlerEv
                0x0000678c      0x10c build/dspUNO/source/USB/USBCore.o
                0x0000678c                USBDeviceClass::ISRHandler()
 .text.UDD_Handler
                0x00006898       0x28 build/dspUNO/source/USB/USBCore.o
                0x00006898                UDD_Handler
 .text.startup._GLOBAL__sub_I__ZN20USBDevice_SAMD21G18x5resetEv
                0x000068c0       0x10 build/dspUNO/source/USB/USBCore.o
 .text._ZN8Delegate4RootEPS_PKN2QP4QEvtE
                0x000068d0       0x2c build/dspUNO/source/Delegate.o
                0x000068d0                Delegate::Root(Delegate*, QP::QEvt const*)
 .text._ZN8Delegate18InitialPseudoStateEPS_PKN2QP4QEvtE
                0x000068fc       0x30 build/dspUNO/source/Delegate.o
                0x000068fc                Delegate::InitialPseudoState(Delegate*, QP::QEvt const*)
 .text._ZN8Delegate7StoppedEPS_PKN2QP4QEvtE
                0x0000692c       0x78 build/dspUNO/source/Delegate.o
                0x0000692c                Delegate::Stopped(Delegate*, QP::QEvt const*)
 .text._ZN8DelegateD2Ev
                0x000069a4       0x14 build/dspUNO/source/Delegate.o
                0x000069a4                Delegate::~Delegate()
                0x000069a4                Delegate::~Delegate()
 .text._ZN8DelegateD0Ev
                0x000069b8       0x12 build/dspUNO/source/Delegate.o
                0x000069b8                Delegate::~Delegate()
 *fill*         0x000069ca        0x2 
 .text._ZN8DelegateC2Ev
                0x000069cc       0x2c build/dspUNO/source/Delegate.o
                0x000069cc                Delegate::Delegate()
                0x000069cc                Delegate::Delegate()
 .text._ZN8Delegate11intCallbackEv
                0x000069f8       0x16 build/dspUNO/source/Delegate.o
                0x000069f8                Delegate::intCallback()
 .text._ZN8Delegate10break32BitEmPh
                0x00006a0e       0x10 build/dspUNO/source/Delegate.o
                0x00006a0e                Delegate::break32Bit(unsigned long, unsigned char*)
 *fill*         0x00006a1e        0x2 
 .text._ZN2FW4PipeIhE5WriteEPKhmPb
                0x00006a20       0x98 build/dspUNO/source/Delegate.o
                0x00006a20                FW::Pipe<unsigned char>::Write(unsigned char const*, unsigned long, bool*)
 .text._ZN2FW4PipeIhE4ReadEPhmPb
                0x00006ab8       0x7c build/dspUNO/source/Delegate.o
                0x00006ab8                FW::Pipe<unsigned char>::Read(unsigned char*, unsigned long, bool*)
 .text._ZN8Delegate7discardEPN2FW4PipeIhEEh
                0x00006b34       0x20 build/dspUNO/source/Delegate.o
                0x00006b34                Delegate::discard(FW::Pipe<unsigned char>*, unsigned char)
 .text._ZN8Delegate7StartedEPS_PKN2QP4QEvtE
                0x00006b54      0x4c4 build/dspUNO/source/Delegate.o
                0x00006b54                Delegate::Started(Delegate*, QP::QEvt const*)
 .text._ZN8I2CSlave4RootEPS_PKN2QP4QEvtE
                0x00007018       0x2c build/dspUNO/source/I2CSlave.o
                0x00007018                I2CSlave::Root(I2CSlave*, QP::QEvt const*)
 .text._ZN8I2CSlave18InitialPseudoStateEPS_PKN2QP4QEvtE
                0x00007044       0x48 build/dspUNO/source/I2CSlave.o
                0x00007044                I2CSlave::InitialPseudoState(I2CSlave*, QP::QEvt const*)
 .text._ZN8I2CSlave4BusyEPS_PKN2QP4QEvtE
                0x0000708c       0x84 build/dspUNO/source/I2CSlave.o
                0x0000708c                I2CSlave::Busy(I2CSlave*, QP::QEvt const*)
 .text._ZN8I2CSlaveD2Ev
                0x00007110       0x14 build/dspUNO/source/I2CSlave.o
                0x00007110                I2CSlave::~I2CSlave()
                0x00007110                I2CSlave::~I2CSlave()
 .text._ZN8I2CSlaveD0Ev
                0x00007124       0x12 build/dspUNO/source/I2CSlave.o
                0x00007124                I2CSlave::~I2CSlave()
 *fill*         0x00007136        0x2 
 .text._ZN8I2CSlaveC2EP6Sercom
                0x00007138       0x3c build/dspUNO/source/I2CSlave.o
                0x00007138                I2CSlave::I2CSlave(Sercom*)
                0x00007138                I2CSlave::I2CSlave(Sercom*)
 .text._ZN8I2CSlave15ReceiveCallbackEhhh
                0x00007174       0x22 build/dspUNO/source/I2CSlave.o
                0x00007174                I2CSlave::ReceiveCallback(unsigned char, unsigned char, unsigned char)
 .text._ZN2FW4PipeIhE5ResetEv
                0x00007196       0x14 build/dspUNO/source/I2CSlave.o
                0x00007196                FW::Pipe<unsigned char>::Reset()
 *fill*         0x000071aa        0x2 
 .text._ZN8I2CSlave7StoppedEPS_PKN2QP4QEvtE
                0x000071ac      0x114 build/dspUNO/source/I2CSlave.o
                0x000071ac                I2CSlave::Stopped(I2CSlave*, QP::QEvt const*)
 .text._ZN8I2CSlave7StartedEPS_PKN2QP4QEvtE
                0x000072c0       0x8c build/dspUNO/source/I2CSlave.o
                0x000072c0                I2CSlave::Started(I2CSlave*, QP::QEvt const*)
 .text._ZN8I2CSlave4IdleEPS_PKN2QP4QEvtE
                0x0000734c       0xc4 build/dspUNO/source/I2CSlave.o
                0x0000734c                I2CSlave::Idle(I2CSlave*, QP::QEvt const*)
 .text.SERCOM3_Handler
                0x00007410      0x1d0 build/dspUNO/source/I2CSlave.o
                0x00007410                SERCOM3_Handler
 .text._Z10board_initv
                0x000075e0      0x198 build/dspUNO/source/main.o
                0x000075e0                board_init()
 .text._ZN6SystemD2Ev
                0x00007778       0x14 build/dspUNO/source/main.o
                0x00007778                System::~System()
                0x00007778                System::~System()
 .text._ZN6SystemD0Ev
                0x0000778c       0x12 build/dspUNO/source/main.o
                0x0000778c                System::~System()
 *fill*         0x0000779e        0x2 
 .text.startup.main
                0x000077a0      0x128 build/dspUNO/source/main.o
                0x000077a0                main
 .text.startup._GLOBAL__sub_I__Z10board_initv
                0x000078c8       0x9c build/dspUNO/source/main.o
 .text._ZN6System4RootEPS_PKN2QP4QEvtE
                0x00007964       0x3c build/dspUNO/source/System.o
                0x00007964                System::Root(System*, QP::QEvt const*)
 .text._ZN6System7StartedEPS_PKN2QP4QEvtE
                0x000079a0       0x2c build/dspUNO/source/System.o
                0x000079a0                System::Started(System*, QP::QEvt const*)
 .text._ZN2FW4PipeIhED2Ev
                0x000079cc        0x2 build/dspUNO/source/System.o
                0x000079cc                FW::Pipe<unsigned char>::~Pipe()
                0x000079cc                FW::Pipe<unsigned char>::~Pipe()
 .text._ZN2FW4PipeIhED0Ev
                0x000079ce        0xc build/dspUNO/source/System.o
                0x000079ce                FW::Pipe<unsigned char>::~Pipe()
 *fill*         0x000079da        0x2 
 .text._ZN6System18InitialPseudoStateEPS_PKN2QP4QEvtE
                0x000079dc       0x70 build/dspUNO/source/System.o
                0x000079dc                System::InitialPseudoState(System*, QP::QEvt const*)
 .text._ZN6System7StoppedEPS_PKN2QP4QEvtE
                0x00007a4c       0x4c build/dspUNO/source/System.o
                0x00007a4c                System::Stopped(System*, QP::QEvt const*)
 .text._ZN6System10ConflictedEPS_PKN2QP4QEvtE
                0x00007a98       0x18 build/dspUNO/source/System.o
                0x00007a98                System::Conflicted(System*, QP::QEvt const*)
 .text._ZN6System4IdleEPS_PKN2QP4QEvtE
                0x00007ab0        0x8 build/dspUNO/source/System.o
                0x00007ab0                System::Idle(System*, QP::QEvt const*)
 .text._ZN6System9HandleCfmERKN2FW8ErrorEvtEh
                0x00007ab8       0x4a build/dspUNO/source/System.o
                0x00007ab8                System::HandleCfm(FW::ErrorEvt const&, unsigned char)
 *fill*         0x00007b02        0x2 
 .text._ZN6System8StoppingEPS_PKN2QP4QEvtE
                0x00007b04       0xf8 build/dspUNO/source/System.o
                0x00007b04                System::Stopping(System*, QP::QEvt const*)
 .text._ZN6System8StartingEPS_PKN2QP4QEvtE
                0x00007bfc      0x108 build/dspUNO/source/System.o
                0x00007bfc                System::Starting(System*, QP::QEvt const*)
 .text._ZN2FW4PipeIhEC2EPhh
                0x00007d04       0x3c build/dspUNO/source/System.o
                0x00007d04                FW::Pipe<unsigned char>::Pipe(unsigned char*, unsigned char)
                0x00007d04                FW::Pipe<unsigned char>::Pipe(unsigned char*, unsigned char)
 .text._ZN6SystemC2Ev
                0x00007d40       0x7c build/dspUNO/source/System.o
                0x00007d40                System::System()
                0x00007d40                System::System()
 .text._Z13pinPeripheralhm
                0x00007dbc       0x54 build/dspUNO/bsp/bsp_gpio.o
                0x00007dbc                pinPeripheral(unsigned char, unsigned long)
 .text._Z13gpio_set_inenmh
                0x00007e10       0x34 build/dspUNO/bsp/bsp_gpio.o
                0x00007e10                gpio_set_inen(unsigned long, unsigned char)
 .text._Z19gpio_pullenset_bulkmh
                0x00007e44       0x2c build/dspUNO/bsp/bsp_gpio.o
                0x00007e44                gpio_pullenset_bulk(unsigned long, unsigned char)
 .text._Z19gpio_pullenclr_bulkmh
                0x00007e70       0x2c build/dspUNO/bsp/bsp_gpio.o
                0x00007e70                gpio_pullenclr_bulk(unsigned long, unsigned char)
 .text._Z17sendDataSlaveWIREP6Sercomh
                0x00007e9c       0x1c build/dspUNO/bsp/bsp_sercom.o
                0x00007e9c                sendDataSlaveWIRE(Sercom*, unsigned char)
 .text._Z18prepareNackBitWIREP6Sercom
                0x00007eb8        0xe build/dspUNO/bsp/bsp_sercom.o
                0x00007eb8                prepareNackBitWIRE(Sercom*)
 *fill*         0x00007ec6        0x2 
 .text._Z17prepareAckBitWIREP6Sercom
                0x00007ec8       0x10 build/dspUNO/bsp/bsp_sercom.o
                0x00007ec8                prepareAckBitWIRE(Sercom*)
 .text._Z22prepareCommandBitsWireP6Sercomh
                0x00007ed8       0x38 build/dspUNO/bsp/bsp_sercom.o
                0x00007ed8                prepareCommandBitsWire(Sercom*, unsigned char)
 .text._Z12readDataWIREP6Sercom
                0x00007f10       0x18 build/dspUNO/bsp/bsp_sercom.o
                0x00007f10                readDataWIRE(Sercom*)
 .text._Z9initClockP6Sercom
                0x00007f28       0x6c build/dspUNO/bsp/bsp_sercom.o
                0x00007f28                initClock(Sercom*)
 .text._Z9resetWIREP6Sercom
                0x00007f94       0x16 build/dspUNO/bsp/bsp_sercom.o
                0x00007f94                resetWIRE(Sercom*)
 .text._Z10enableWIREP6Sercom
                0x00007faa       0x24 build/dspUNO/bsp/bsp_sercom.o
                0x00007faa                enableWIRE(Sercom*)
 .text._Z13initSlaveWIREP6Sercomh
                0x00007fce       0x32 build/dspUNO/bsp/bsp_sercom.o
                0x00007fce                initSlaveWIRE(Sercom*, unsigned char)
 .text._Z9resetUARTP6Sercom
                0x00008000       0x16 build/dspUNO/bsp/bsp_sercom.o
                0x00008000                resetUART(Sercom*)
 *fill*         0x00008016        0x2 
 .text._Z8initUARTP6Sercom20SercomUartSampleRatem
                0x00008018       0x58 build/dspUNO/bsp/bsp_sercom.o
                0x00008018                initUART(Sercom*, SercomUartSampleRate, unsigned long)
 .text._Z9initFrameP6Sercom18SercomUartCharSize15SercomDataOrder16SercomParityMode19SercomNumberStopBit
                0x00008070       0x32 build/dspUNO/bsp/bsp_sercom.o
                0x00008070                initFrame(Sercom*, SercomUartCharSize, SercomDataOrder, SercomParityMode, SercomNumberStopBit)
 .text._Z8initPadsP6Sercom15SercomUartTXPad11SercomRXPad
                0x000080a2       0x22 build/dspUNO/bsp/bsp_sercom.o
                0x000080a2                initPads(Sercom*, SercomUartTXPad, SercomRXPad)
 .text._Z13writeDataUARTP6Sercomh
                0x000080c4        0xe build/dspUNO/bsp/bsp_sercom.o
                0x000080c4                writeDataUART(Sercom*, unsigned char)
 .text._Z10enableUARTP6Sercom
                0x000080d2       0x1c build/dspUNO/bsp/bsp_sercom.o
                0x000080d2                enableUART(Sercom*)
 .text._Z11disableUARTP6Sercom
                0x000080ee       0x1c build/dspUNO/bsp/bsp_sercom.o
                0x000080ee                disableUART(Sercom*)
 *fill*         0x0000810a        0x2 
 .text._Z11setUARTBaudP6Sercomm
                0x0000810c       0x40 build/dspUNO/bsp/bsp_sercom.o
                0x0000810c                setUARTBaud(Sercom*, unsigned long)
 .text          0x0000814c       0x14 c:/arm/2017-q2-update/bin/../lib/gcc/arm-none-eabi/6.3.1/thumb/v6-m\libgcc.a(_thumb1_case_uqi.o)
                0x0000814c                __gnu_thumb1_case_uqi
 .text          0x00008160       0x14 c:/arm/2017-q2-update/bin/../lib/gcc/arm-none-eabi/6.3.1/thumb/v6-m\libgcc.a(_thumb1_case_shi.o)
                0x00008160                __gnu_thumb1_case_shi
 .text          0x00008174       0x14 c:/arm/2017-q2-update/bin/../lib/gcc/arm-none-eabi/6.3.1/thumb/v6-m\libgcc.a(_thumb1_case_uhi.o)
                0x00008174                __gnu_thumb1_case_uhi
 .text          0x00008188      0x114 c:/arm/2017-q2-update/bin/../lib/gcc/arm-none-eabi/6.3.1/thumb/v6-m\libgcc.a(_udivsi3.o)
                0x00008188                __aeabi_uidiv
                0x00008188                __udivsi3
                0x00008294                __aeabi_uidivmod
 .text          0x0000829c        0x4 c:/arm/2017-q2-update/bin/../lib/gcc/arm-none-eabi/6.3.1/thumb/v6-m\libgcc.a(_dvmd_tls.o)
                0x0000829c                __aeabi_idiv0
                0x0000829c                __aeabi_ldiv0
 .text.__aeabi_atexit
                0x000082a0        0xe c:/arm/2017-q2-update/bin/../lib/gcc/arm-none-eabi/6.3.1/../../../../arm-none-eabi/lib/thumb/v6-m\libg_nano.a(lib_a-aeabi_atexit.o)
                0x000082a0                __aeabi_atexit
 *fill*         0x000082ae        0x2 
 .text.__cxa_atexit
                0x000082b0       0x1c c:/arm/2017-q2-update/bin/../lib/gcc/arm-none-eabi/6.3.1/../../../../arm-none-eabi/lib/thumb/v6-m\libg_nano.a(lib_a-cxa_atexit.o)
                0x000082b0                __cxa_atexit
 .text.__libc_init_array
                0x000082cc       0x48 c:/arm/2017-q2-update/bin/../lib/gcc/arm-none-eabi/6.3.1/../../../../arm-none-eabi/lib/thumb/v6-m\libg_nano.a(lib_a-init.o)
                0x000082cc                __libc_init_array
 .text.malloc   0x00008314       0x14 c:/arm/2017-q2-update/bin/../lib/gcc/arm-none-eabi/6.3.1/../../../../arm-none-eabi/lib/thumb/v6-m\libg_nano.a(lib_a-malloc.o)
                0x00008314                malloc
 .text.free     0x00008328       0x14 c:/arm/2017-q2-update/bin/../lib/gcc/arm-none-eabi/6.3.1/../../../../arm-none-eabi/lib/thumb/v6-m\libg_nano.a(lib_a-malloc.o)
                0x00008328                free
 .text.memcpy   0x0000833c       0x12 c:/arm/2017-q2-update/bin/../lib/gcc/arm-none-eabi/6.3.1/../../../../arm-none-eabi/lib/thumb/v6-m\libg_nano.a(lib_a-memcpy-stub.o)
                0x0000833c                memcpy
 .text.memset   0x0000834e       0x10 c:/arm/2017-q2-update/bin/../lib/gcc/arm-none-eabi/6.3.1/../../../../arm-none-eabi/lib/thumb/v6-m\libg_nano.a(lib_a-memset.o)
                0x0000834e                memset
 *fill*         0x0000835e        0x2 
 .text._free_r  0x00008360       0x94 c:/arm/2017-q2-update/bin/../lib/gcc/arm-none-eabi/6.3.1/../../../../arm-none-eabi/lib/thumb/v6-m\libg_nano.a(lib_a-nano-freer.o)
                0x00008360                _free_r
 .text._malloc_r
                0x000083f4       0xbc c:/arm/2017-q2-update/bin/../lib/gcc/arm-none-eabi/6.3.1/../../../../arm-none-eabi/lib/thumb/v6-m\libg_nano.a(lib_a-nano-mallocr.o)
                0x000083f4                _malloc_r
 .text._sbrk_r  0x000084b0       0x24 c:/arm/2017-q2-update/bin/../lib/gcc/arm-none-eabi/6.3.1/../../../../arm-none-eabi/lib/thumb/v6-m\libg_nano.a(lib_a-sbrkr.o)
                0x000084b0                _sbrk_r
 .text          0x000084d4        0xe c:/arm/2017-q2-update/bin/../lib/gcc/arm-none-eabi/6.3.1/../../../../arm-none-eabi/lib/thumb/v6-m\libg_nano.a(lib_a-strlen.o)
                0x000084d4                strlen
 .text.__malloc_lock
                0x000084e2        0x2 c:/arm/2017-q2-update/bin/../lib/gcc/arm-none-eabi/6.3.1/../../../../arm-none-eabi/lib/thumb/v6-m\libg_nano.a(lib_a-mlock.o)
                0x000084e2                __malloc_lock
 .text.__malloc_unlock
                0x000084e4        0x2 c:/arm/2017-q2-update/bin/../lib/gcc/arm-none-eabi/6.3.1/../../../../arm-none-eabi/lib/thumb/v6-m\libg_nano.a(lib_a-mlock.o)
                0x000084e4                __malloc_unlock
 *fill*         0x000084e6        0x2 
 .text._sbrk    0x000084e8       0x1c c:/arm/2017-q2-update/bin/../lib/gcc/arm-none-eabi/6.3.1/../../../../arm-none-eabi/lib/thumb/v6-m\libnosys.a(sbrk.o)
                0x000084e8                _sbrk
 *(.glue_7t)
 .glue_7t       0x00008504        0x0 linker stubs
 *(.glue_7)
 .glue_7        0x00008504        0x0 linker stubs
 *(.rodata .rodata* .gnu.linkonce.r.*)
 .rodata._ZN2QPL14Q_this_module_E
                0x00008504        0x8 build/dspUNO/lib/qp/source/qep_hsm.o
 .rodata._ZTVN2QP4QHsmE
                0x0000850c       0x1c build/dspUNO/lib/qp/source/qep_hsm.o
                0x0000850c                vtable for QP::QHsm
 .rodata._ZN2QP11QF_log2LkupE
                0x00008528      0x100 build/dspUNO/lib/qp/source/qf_act.o
                0x00008528                QP::QF_log2Lkup
 .rodata._ZN2QPL14Q_this_module_E
                0x00008628        0x7 build/dspUNO/lib/qp/source/qf_act.o
 .rodata._ZN2QPL14Q_this_module_E
                0x0000862f        0x8 build/dspUNO/lib/qp/source/qf_actq.o
 .rodata._ZN2QPL14Q_this_module_E
                0x00008637        0x7 build/dspUNO/lib/qp/source/qf_dyn.o
 .rodata._ZN2QPL14Q_this_module_E
                0x0000863e        0x7 build/dspUNO/lib/qp/source/qf_mem.o
 .rodata._ZN2QPL14Q_this_module_E
                0x00008645        0x6 build/dspUNO/lib/qp/source/qf_ps.o
 .rodata._ZN2QPL14Q_this_module_E
                0x0000864b        0x8 build/dspUNO/lib/qp/source/qf_time.o
 *fill*         0x00008653        0x1 
 .rodata._ZTVN2QP13QXKIdleThreadE
                0x00008654       0x2c build/dspUNO/lib/qp/source/qxk.o
                0x00008654                vtable for QP::QXKIdleThread
 .rodata._ZN2QPL14Q_this_module_E
                0x00008680        0x4 build/dspUNO/lib/qp/source/qxk.o
 .rodata._ZTVN2QP7QActiveE
                0x00008684       0x2c build/dspUNO/lib/qp/source/qxk.o
                0x00008684                vtable for QP::QActive
 .rodata._ZN2QPL14Q_this_module_E
                0x000086b0        0xa build/dspUNO/lib/qp/source/qxk_mutex.o
 *fill*         0x000086ba        0x2 
 .rodata._ZTV8AOSERCOM
                0x000086bc       0x2c build/dspUNO/source/AOSERCOM.o
                0x000086bc                vtable for AOSERCOM
 .rodata._ZL14Q_this_module_
                0x000086e8       0x14 build/dspUNO/source/AOSERCOM.o
 .rodata._ZN2FW4PipeIhE9ReadBlockEPhm.str1.1
                0x000086fc        0xa build/dspUNO/source/AOSERCOM.o
 .rodata._ZN8AOSERCOMC2EP6Sercomhh.str1.1
                0x00008706        0x7 build/dspUNO/source/AOSERCOM.o
 *fill*         0x0000870d        0x3 
 .rodata._ZTV5AOUSB
                0x00008710       0x2c build/dspUNO/source/AOUSB.o
                0x00008710                vtable for AOUSB
 .rodata._ZN5AOUSBC2Ev.str1.1
                0x0000873c        0x4 build/dspUNO/source/AOUSB.o
 .rodata._ZTV26DoubleBufferedEPOutHandler
                0x00008740       0x14 build/dspUNO/source/USB/USBCore.o
                0x00008740                vtable for DoubleBufferedEPOutHandler
 .rodata._ZL14STRING_PRODUCT
                0x00008754        0xc build/dspUNO/source/USB/USBCore.o
 .rodata._ZL15STRING_LANGUAGE
                0x00008760        0x4 build/dspUNO/source/USB/USBCore.o
 .rodata._ZL19STRING_MANUFACTURER
                0x00008764        0x8 build/dspUNO/source/USB/USBCore.o
 .rodata._ZL21USB_DeviceDescriptorB
                0x0000876c       0x12 build/dspUNO/source/USB/USBCore.o
 *fill*         0x0000877e        0x2 
 .rodata._ZTV8Delegate
                0x00008780       0x2c build/dspUNO/source/Delegate.o
                0x00008780                vtable for Delegate
 .rodata._ZL14Q_this_module_
                0x000087ac       0x14 build/dspUNO/source/Delegate.o
 .rodata._ZN2FW4PipeIhE10WriteBlockEPKhm.str1.1
                0x000087c0        0xa build/dspUNO/source/Delegate.o
 .rodata._ZN8DelegateC2Ev.str1.1
                0x000087c0        0x9 build/dspUNO/source/Delegate.o
 *fill*         0x000087c9        0x3 
 .rodata._ZTV8I2CSlave
                0x000087cc       0x2c build/dspUNO/source/I2CSlave.o
                0x000087cc                vtable for I2CSlave
 .rodata._ZN8I2CSlaveC2EP6Sercom.str1.1
                0x000087f8        0xa build/dspUNO/source/I2CSlave.o
 *fill*         0x00008802        0x2 
 .rodata._ZTV6System
                0x00008804       0x2c build/dspUNO/source/main.o
                0x00008804                vtable for System
 .rodata._ZTVN2FW4PipeIhEE
                0x00008830       0x10 build/dspUNO/source/System.o
                0x00008830                vtable for FW::Pipe<unsigned char>
 .rodata._ZL14Q_this_module_
                0x00008840       0x12 build/dspUNO/source/System.o
 .rodata._ZN2FW4PipeIhEC2EPhh.str1.1
                0x00008852        0xa build/dspUNO/source/System.o
 .rodata._ZN6SystemC2Ev.str1.1
                0x00008852        0x7 build/dspUNO/source/System.o
 *(.ARM.extab* .gnu.linkonce.armextab.*)
                0x0000885c                . = ALIGN (0x4)
 *fill*         0x00008859        0x3 
 *(.init)
 .init          0x0000885c        0x4 c:/arm/2017-q2-update/bin/../lib/gcc/arm-none-eabi/6.3.1/thumb/v6-m/crti.o
                0x0000885c                _init
 .init          0x00008860        0x8 c:/arm/2017-q2-update/bin/../lib/gcc/arm-none-eabi/6.3.1/thumb/v6-m/crtn.o
                0x00008868                . = ALIGN (0x4)
                0x00008868                __preinit_array_start = .
 *(.preinit_array)
                0x00008868                __preinit_array_end = .
                0x00008868                . = ALIGN (0x4)
                0x00008868                __init_array_start = .
 *(SORT(.init_array.*))
 *(.init_array)
 .init_array    0x00008868        0x4 c:/arm/2017-q2-update/bin/../lib/gcc/arm-none-eabi/6.3.1/thumb/v6-m/crtbegin.o
 .init_array    0x0000886c        0x4 build/dspUNO/lib/qp/source/qep_hsm.o
 .init_array    0x00008870        0x4 build/dspUNO/lib/qp/source/qf_dyn.o
 .init_array    0x00008874        0x4 build/dspUNO/lib/qp/source/qf_time.o
 .init_array    0x00008878        0x4 build/dspUNO/lib/qp/source/qxk.o
 .init_array    0x0000887c        0x4 build/dspUNO/source/USB/USBCore.o
 .init_array    0x00008880        0x4 build/dspUNO/source/main.o
                0x00008884                __init_array_end = .
                0x00008884                . = ALIGN (0x4)
 *crtbegin.o(.ctors)
 *(EXCLUDE_FILE(*crtend.o) .ctors)
 *(SORT(.ctors.*))
 *crtend.o(.ctors)
                0x00008884                . = ALIGN (0x4)
 *(.fini)
 .fini          0x00008884        0x4 c:/arm/2017-q2-update/bin/../lib/gcc/arm-none-eabi/6.3.1/thumb/v6-m/crti.o
                0x00008884                _fini
 .fini          0x00008888        0x8 c:/arm/2017-q2-update/bin/../lib/gcc/arm-none-eabi/6.3.1/thumb/v6-m/crtn.o
                0x00008890                . = ALIGN (0x4)
                0x00008890                __fini_array_start = .
 *(.fini_array)
 .fini_array    0x00008890        0x4 c:/arm/2017-q2-update/bin/../lib/gcc/arm-none-eabi/6.3.1/thumb/v6-m/crtbegin.o
 *(SORT(.fini_array.*))
                0x00008894                __fini_array_end = .
 *crtbegin.o(.dtors)
 *(EXCLUDE_FILE(*crtend.o) .dtors)
 *(SORT(.dtors.*))
 *crtend.o(.dtors)
                0x00008894                . = ALIGN (0x4)
                0x00008894                _efixed = .
                [!provide]                PROVIDE (__exidx_start, .)

.vfp11_veneer   0x00008894        0x0
 .vfp11_veneer  0x00008894        0x0 linker stubs

.v4_bx          0x00008894        0x0
 .v4_bx         0x00008894        0x0 linker stubs

.iplt           0x00008894        0x0
 .iplt          0x00008894        0x0 c:/arm/2017-q2-update/bin/../lib/gcc/arm-none-eabi/6.3.1/thumb/v6-m/crtbegin.o

.eh_frame       0x00008894        0x0
 .eh_frame      0x00008894        0x0 c:/arm/2017-q2-update/bin/../lib/gcc/arm-none-eabi/6.3.1/thumb/v6-m/crtbegin.o

.rel.dyn        0x00008894        0x0
 .rel.iplt      0x00008894        0x0 c:/arm/2017-q2-update/bin/../lib/gcc/arm-none-eabi/6.3.1/thumb/v6-m/crtbegin.o

.jcr            0x00008894        0x0
 .jcr           0x00008894        0x0 c:/arm/2017-q2-update/bin/../lib/gcc/arm-none-eabi/6.3.1/thumb/v6-m/crtbegin.o

.igot.plt       0x00008894        0x0
 .igot.plt      0x00008894        0x0 c:/arm/2017-q2-update/bin/../lib/gcc/arm-none-eabi/6.3.1/thumb/v6-m/crtbegin.o

.ARM.exidx
 *(.ARM.exidx* .gnu.linkonce.armexidx.*)
                [!provide]                PROVIDE (__exidx_end, .)
                0x00008894                . = ALIGN (0x4)
                0x00008894                _etext = .

.relocate       0x20000000       0xd0 load address 0x00008894
                0x20000000                . = ALIGN (0x4)
                0x20000000                _srelocate = .
 *(.ramfunc .ramfunc.*)
 *(.data .data.*)
 .data          0x20000000        0x4 c:/arm/2017-q2-update/bin/../lib/gcc/arm-none-eabi/6.3.1/thumb/v6-m/crtbegin.o
                0x20000000                __dso_handle
 .data          0x20000004        0x4 build/dspUNO/Device_Startup/system_samd21.o
                0x20000004                SystemCoreClock
 .data._ZN2QPL5ticksE
                0x20000008        0x4 build/dspUNO/source/bsp.o
 .data._ZL10breakValue
                0x2000000c        0x4 build/dspUNO/source/USB/CDC.o
 .data._ZL12_usbLineInfo
                0x20000010        0x8 build/dspUNO/source/USB/CDC.o
 .data._ZL13_cdcInterface
                0x20000018       0x42 build/dspUNO/source/USB/CDC.o
 *fill*         0x2000005a        0x2 
 .data.EndPoints
                0x2000005c       0x10 build/dspUNO/source/USB/USBCore.o
                0x2000005c                EndPoints
 .data._impure_ptr
                0x2000006c        0x4 c:/arm/2017-q2-update/bin/../lib/gcc/arm-none-eabi/6.3.1/../../../../arm-none-eabi/lib/thumb/v6-m\libg_nano.a(lib_a-impure.o)
                0x2000006c                _impure_ptr
 .data.impure_data
                0x20000070       0x60 c:/arm/2017-q2-update/bin/../lib/gcc/arm-none-eabi/6.3.1/../../../../arm-none-eabi/lib/thumb/v6-m\libg_nano.a(lib_a-impure.o)
                0x200000d0                . = ALIGN (0x4)
                0x200000d0                _erelocate = .

.bss            0x200000d0     0x380c load address 0x00008964
                0x200000d0                . = ALIGN (0x4)
                0x200000d0                _sbss = .
                0x200000d0                _szero = .
 *(.bss .bss.*)
 .bss           0x200000d0       0x1c c:/arm/2017-q2-update/bin/../lib/gcc/arm-none-eabi/6.3.1/thumb/v6-m/crtbegin.o
 .bss._ZN2QPL16QEP_reservedEvt_E
                0x200000ec       0x10 build/dspUNO/lib/qp/source/qep_hsm.o
 .bss._ZN2QP2QF7active_E
                0x200000fc       0x84 build/dspUNO/lib/qp/source/qf_act.o
                0x200000fc                QP::QF::active_
 .bss._ZN2QP11QF_maxPool_E
                0x20000180        0x4 build/dspUNO/lib/qp/source/qf_dyn.o
                0x20000180                QP::QF_maxPool_
 .bss._ZN2QP8QF_pool_E
                0x20000184       0x3c build/dspUNO/lib/qp/source/qf_dyn.o
                0x20000184                QP::QF_pool_
 .bss._ZN2QP14QF_subscrList_E
                0x200001c0        0x4 build/dspUNO/lib/qp/source/qf_ps.o
                0x200001c0                QP::QF_subscrList_
 .bss._ZN2QP16QF_maxPubSignal_E
                0x200001c4        0x4 build/dspUNO/lib/qp/source/qf_ps.o
                0x200001c4                QP::QF_maxPubSignal_
 .bss._ZN2QP2QF12timeEvtHead_E
                0x200001c8       0x20 build/dspUNO/lib/qp/source/qf_time.o
                0x200001c8                QP::QF::timeEvtHead_
 .bss.QXK_attr_
                0x200001e8       0x18 build/dspUNO/lib/qp/source/qxk.o
                0x200001e8                QXK_attr_
 .bss._ZN2QPL12l_idleThreadE
                0x20000200       0x34 build/dspUNO/lib/qp/source/qxk.o
 .bss._ZL7usb_isr
                0x20000234        0x4 build/dspUNO/source/bsp.o
 .bss._systemMs
                0x20000238        0x4 build/dspUNO/source/bsp.o
                0x20000238                _systemMs
 .bss.lastGPIOState
                0x2000023c        0x4 build/dspUNO/source/bsp.o
                0x2000023c                lastGPIOState
 .bss._ZL8m_rxFifo
                0x20000240        0x4 build/dspUNO/source/AOSERCOM.o
 .bss._ZL8m_inFifo
                0x20000244        0x4 build/dspUNO/source/AOUSB.o
 .bss.USBDevice
                0x20000248        0x1 build/dspUNO/source/USB/USBCore.o
                0x20000248                USBDevice
 *fill*         0x20000249        0x3 
 .bss._ZL10epHandlers
                0x2000024c       0x1c build/dspUNO/source/USB/USBCore.o
 .bss._ZL14isEndpointHalt
                0x20000268        0x1 build/dspUNO/source/USB/USBCore.o
 .bss._ZL20LastTransmitTimedOut
                0x20000269        0x7 build/dspUNO/source/USB/USBCore.o
 .bss._ZL21isRemoteWakeUpEnabled
                0x20000270        0x1 build/dspUNO/source/USB/USBCore.o
 *fill*         0x20000271        0x3 
 .bss._ZL22udd_ep_in_cache_buffer
                0x20000274      0x1c0 build/dspUNO/source/USB/USBCore.o
 .bss._ZL23udd_ep_out_cache_buffer
                0x20000434      0x1c0 build/dspUNO/source/USB/USBCore.o
 .bss._dry_run  0x200005f4        0x1 build/dspUNO/source/USB/USBCore.o
                0x200005f4                _dry_run
 .bss._pack_buffer
                0x200005f5      0x100 build/dspUNO/source/USB/USBCore.o
                0x200005f5                _pack_buffer
 .bss._pack_message
                0x200006f5        0x1 build/dspUNO/source/USB/USBCore.o
                0x200006f5                _pack_message
 .bss._pack_size
                0x200006f6        0x2 build/dspUNO/source/USB/USBCore.o
                0x200006f6                _pack_size
 .bss._usbConfiguration
                0x200006f8        0x4 build/dspUNO/source/USB/USBCore.o
                0x200006f8                _usbConfiguration
 .bss._usbSetInterface
                0x200006fc        0x4 build/dspUNO/source/USB/USBCore.o
                0x200006fc                _usbSetInterface
 .bss.usbd      0x20000700      0x104 build/dspUNO/source/USB/USBCore.o
                0x20000700                usbd
 .bss._ZN8Delegate7m_intenE
                0x20000804        0x4 build/dspUNO/source/Delegate.o
                0x20000804                Delegate::m_inten
 .bss._ZN8Delegate9m_intflagE
                0x20000808        0x4 build/dspUNO/source/Delegate.o
                0x20000808                Delegate::m_intflag
 .bss._ZL10slave_busy
                0x2000080c        0x1 build/dspUNO/source/I2CSlave.o
 .bss._ZL14bytes_received
                0x2000080d        0x1 build/dspUNO/source/I2CSlave.o
 *fill*         0x2000080e        0x2 
 .bss._ZL16m_defaultOutFifo
                0x20000810        0x4 build/dspUNO/source/I2CSlave.o
 .bss._ZL8low_byte
                0x20000814        0x1 build/dspUNO/source/I2CSlave.o
 *fill*         0x20000815        0x3 
 .bss._ZL8m_inFifo
                0x20000818        0x4 build/dspUNO/source/I2CSlave.o
 .bss._ZL9high_byte
                0x2000081c        0x1 build/dspUNO/source/I2CSlave.o
 *fill*         0x2000081d        0x3 
 .bss._ZL9m_outFifo
                0x20000820        0x4 build/dspUNO/source/I2CSlave.o
 .bss._ZL3del   0x20000824       0x7c build/dspUNO/source/main.o
 .bss._ZL3i2c   0x200008a0       0x90 build/dspUNO/source/main.o
 .bss._ZL3sys   0x20000930      0x198 build/dspUNO/source/main.o
 .bss._ZL3usb   0x20000ac8      0x23c build/dspUNO/source/main.o
 .bss._ZL7sercom0
                0x20000d04      0x24c build/dspUNO/source/main.o
 .bss.evtPoolLarge
                0x20000f50     0x1000 build/dspUNO/source/main.o
                0x20000f50                evtPoolLarge
 .bss.evtPoolMedium
                0x20001f50      0x800 build/dspUNO/source/main.o
                0x20001f50                evtPoolMedium
 .bss.evtPoolSmall
                0x20002750     0x1000 build/dspUNO/source/main.o
                0x20002750                evtPoolSmall
 .bss.subscrSto
                0x20003750      0x17c build/dspUNO/source/main.o
                0x20003750                subscrSto
 .bss.__malloc_free_list
                0x200038cc        0x4 c:/arm/2017-q2-update/bin/../lib/gcc/arm-none-eabi/6.3.1/../../../../arm-none-eabi/lib/thumb/v6-m\libg_nano.a(lib_a-nano-mallocr.o)
                0x200038cc                __malloc_free_list
 .bss.__malloc_sbrk_start
                0x200038d0        0x4 c:/arm/2017-q2-update/bin/../lib/gcc/arm-none-eabi/6.3.1/../../../../arm-none-eabi/lib/thumb/v6-m\libg_nano.a(lib_a-nano-mallocr.o)
                0x200038d0                __malloc_sbrk_start
 .bss.heap_end.4116
                0x200038d4        0x4 c:/arm/2017-q2-update/bin/../lib/gcc/arm-none-eabi/6.3.1/../../../../arm-none-eabi/lib/thumb/v6-m\libnosys.a(sbrk.o)
 *(COMMON)
 COMMON         0x200038d8        0x4 c:/arm/2017-q2-update/bin/../lib/gcc/arm-none-eabi/6.3.1/../../../../arm-none-eabi/lib/thumb/v6-m\libg_nano.a(lib_a-reent.o)
                0x200038d8                errno
                0x200038dc                . = ALIGN (0x4)
                0x200038dc                _ebss = .
                0x200038dc                _ezero = .

.stack          0x200038dc     0x2004 load address 0x0000c170
                0x200038e0                . = ALIGN (0x8)
 *fill*         0x200038dc        0x4 
                0x200038e0                _sstack = .
                0x200058e0                . = (. + STACK_SIZE)
 *fill*         0x200038e0     0x2000 
                0x200058e0                . = ALIGN (0x8)
                0x200058e0                _estack = .
                0x200058e0                . = ALIGN (0x4)
                0x200058e0                _end = .
                0x200058e0                PROVIDE (end, .)
OUTPUT(build/dspUNO/seesaw-dspUNO.elf elf32-littlearm)

.ARM.attributes
                0x00000000       0x28
 .ARM.attributes
                0x00000000       0x1e c:/arm/2017-q2-update/bin/../lib/gcc/arm-none-eabi/6.3.1/thumb/v6-m/crti.o
 .ARM.attributes
                0x0000001e       0x2c c:/arm/2017-q2-update/bin/../lib/gcc/arm-none-eabi/6.3.1/thumb/v6-m/crtbegin.o
 .ARM.attributes
                0x0000004a       0x22 build/dspUNO/lib/qp/ports/arm-cm/qxk/gnu/qxk_port.o
 .ARM.attributes
                0x0000006c       0x32 build/dspUNO/Device_Startup/startup_samd21.o
 .ARM.attributes
                0x0000009e       0x32 build/dspUNO/Device_Startup/system_samd21.o
 .ARM.attributes
                0x000000d0       0x32 build/dspUNO/lib/qp/source/qep_hsm.o
 .ARM.attributes
                0x00000102       0x32 build/dspUNO/lib/qp/source/qf_act.o
 .ARM.attributes
                0x00000134       0x32 build/dspUNO/lib/qp/source/qf_actq.o
 .ARM.attributes
                0x00000166       0x32 build/dspUNO/lib/qp/source/qf_dyn.o
 .ARM.attributes
                0x00000198       0x32 build/dspUNO/lib/qp/source/qf_mem.o
 .ARM.attributes
                0x000001ca       0x32 build/dspUNO/lib/qp/source/qf_ps.o
 .ARM.attributes
                0x000001fc       0x32 build/dspUNO/lib/qp/source/qf_qact.o
 .ARM.attributes
                0x0000022e       0x32 build/dspUNO/lib/qp/source/qf_qeq.o
 .ARM.attributes
                0x00000260       0x32 build/dspUNO/lib/qp/source/qf_time.o
 .ARM.attributes
                0x00000292       0x32 build/dspUNO/lib/qp/source/qxk.o
 .ARM.attributes
                0x000002c4       0x32 build/dspUNO/lib/qp/source/qxk_mutex.o
 .ARM.attributes
                0x000002f6       0x32 build/dspUNO/lib/qp/extras/fw_evt.o
 .ARM.attributes
                0x00000328       0x32 build/dspUNO/source/bsp.o
 .ARM.attributes
                0x0000035a       0x32 build/dspUNO/source/AOSERCOM.o
 .ARM.attributes
                0x0000038c       0x32 build/dspUNO/source/AOUSB.o
 .ARM.attributes
                0x000003be       0x32 build/dspUNO/source/USB/CDC.o
 .ARM.attributes
                0x000003f0       0x32 build/dspUNO/source/USB/USBCore.o
 .ARM.attributes
                0x00000422       0x32 build/dspUNO/source/Delegate.o
 .ARM.attributes
                0x00000454       0x32 build/dspUNO/source/I2CSlave.o
 .ARM.attributes
                0x00000486       0x32 build/dspUNO/source/main.o
 .ARM.attributes
                0x000004b8       0x32 build/dspUNO/source/System.o
 .ARM.attributes
                0x000004ea       0x32 build/dspUNO/bsp/bsp_gpio.o
 .ARM.attributes
                0x0000051c       0x32 build/dspUNO/bsp/bsp_sercom.o
 .ARM.attributes
                0x0000054e       0x1e c:/arm/2017-q2-update/bin/../lib/gcc/arm-none-eabi/6.3.1/thumb/v6-m\libgcc.a(_thumb1_case_uqi.o)
 .ARM.attributes
                0x0000056c       0x1e c:/arm/2017-q2-update/bin/../lib/gcc/arm-none-eabi/6.3.1/thumb/v6-m\libgcc.a(_thumb1_case_shi.o)
 .ARM.attributes
                0x0000058a       0x1e c:/arm/2017-q2-update/bin/../lib/gcc/arm-none-eabi/6.3.1/thumb/v6-m\libgcc.a(_thumb1_case_uhi.o)
 .ARM.attributes
                0x000005a8       0x1e c:/arm/2017-q2-update/bin/../lib/gcc/arm-none-eabi/6.3.1/thumb/v6-m\libgcc.a(_udivsi3.o)
 .ARM.attributes
                0x000005c6       0x1e c:/arm/2017-q2-update/bin/../lib/gcc/arm-none-eabi/6.3.1/thumb/v6-m\libgcc.a(_dvmd_tls.o)
 .ARM.attributes
                0x000005e4       0x2c c:/arm/2017-q2-update/bin/../lib/gcc/arm-none-eabi/6.3.1/../../../../arm-none-eabi/lib/thumb/v6-m\libg_nano.a(lib_a-aeabi_atexit.o)
 .ARM.attributes
                0x00000610       0x2c c:/arm/2017-q2-update/bin/../lib/gcc/arm-none-eabi/6.3.1/../../../../arm-none-eabi/lib/thumb/v6-m\libg_nano.a(lib_a-cxa_atexit.o)
 .ARM.attributes
                0x0000063c       0x2c c:/arm/2017-q2-update/bin/../lib/gcc/arm-none-eabi/6.3.1/../../../../arm-none-eabi/lib/thumb/v6-m\libg_nano.a(lib_a-impure.o)
 .ARM.attributes
                0x00000668       0x2c c:/arm/2017-q2-update/bin/../lib/gcc/arm-none-eabi/6.3.1/../../../../arm-none-eabi/lib/thumb/v6-m\libg_nano.a(lib_a-init.o)
 .ARM.attributes
                0x00000694       0x2c c:/arm/2017-q2-update/bin/../lib/gcc/arm-none-eabi/6.3.1/../../../../arm-none-eabi/lib/thumb/v6-m\libg_nano.a(lib_a-malloc.o)
 .ARM.attributes
                0x000006c0       0x2c c:/arm/2017-q2-update/bin/../lib/gcc/arm-none-eabi/6.3.1/../../../../arm-none-eabi/lib/thumb/v6-m\libg_nano.a(lib_a-memcpy-stub.o)
 .ARM.attributes
                0x000006ec       0x2c c:/arm/2017-q2-update/bin/../lib/gcc/arm-none-eabi/6.3.1/../../../../arm-none-eabi/lib/thumb/v6-m\libg_nano.a(lib_a-memset.o)
 .ARM.attributes
                0x00000718       0x2c c:/arm/2017-q2-update/bin/../lib/gcc/arm-none-eabi/6.3.1/../../../../arm-none-eabi/lib/thumb/v6-m\libg_nano.a(lib_a-nano-freer.o)
 .ARM.attributes
                0x00000744       0x2c c:/arm/2017-q2-update/bin/../lib/gcc/arm-none-eabi/6.3.1/../../../../arm-none-eabi/lib/thumb/v6-m\libg_nano.a(lib_a-nano-mallocr.o)
 .ARM.attributes
                0x00000770       0x2c c:/arm/2017-q2-update/bin/../lib/gcc/arm-none-eabi/6.3.1/../../../../arm-none-eabi/lib/thumb/v6-m\libg_nano.a(lib_a-sbrkr.o)
 .ARM.attributes
                0x0000079c       0x1c c:/arm/2017-q2-update/bin/../lib/gcc/arm-none-eabi/6.3.1/../../../../arm-none-eabi/lib/thumb/v6-m\libg_nano.a(lib_a-strlen.o)
 .ARM.attributes
                0x000007b8       0x2c c:/arm/2017-q2-update/bin/../lib/gcc/arm-none-eabi/6.3.1/../../../../arm-none-eabi/lib/thumb/v6-m\libg_nano.a(lib_a-mlock.o)
 .ARM.attributes
                0x000007e4       0x2c c:/arm/2017-q2-update/bin/../lib/gcc/arm-none-eabi/6.3.1/../../../../arm-none-eabi/lib/thumb/v6-m\libg_nano.a(lib_a-reent.o)
 .ARM.attributes
                0x00000810       0x2c c:/arm/2017-q2-update/bin/../lib/gcc/arm-none-eabi/6.3.1/../../../../arm-none-eabi/lib/thumb/v6-m\libnosys.a(sbrk.o)
 .ARM.attributes
                0x0000083c       0x1e c:/arm/2017-q2-update/bin/../lib/gcc/arm-none-eabi/6.3.1/thumb/v6-m/crtn.o

.comment        0x00000000       0x7f
 .comment       0x00000000       0x7f build/dspUNO/Device_Startup/startup_samd21.o
                                 0x80 (size before relaxing)
 .comment       0x0000007f       0x80 build/dspUNO/Device_Startup/system_samd21.o
 .comment       0x0000007f       0x80 build/dspUNO/lib/qp/source/qep_hsm.o
 .comment       0x0000007f       0x80 build/dspUNO/lib/qp/source/qf_act.o
 .comment       0x0000007f       0x80 build/dspUNO/lib/qp/source/qf_actq.o
 .comment       0x0000007f       0x80 build/dspUNO/lib/qp/source/qf_dyn.o
 .comment       0x0000007f       0x80 build/dspUNO/lib/qp/source/qf_mem.o
 .comment       0x0000007f       0x80 build/dspUNO/lib/qp/source/qf_ps.o
 .comment       0x0000007f       0x80 build/dspUNO/lib/qp/source/qf_qact.o
 .comment       0x0000007f       0x80 build/dspUNO/lib/qp/source/qf_qeq.o
 .comment       0x0000007f       0x80 build/dspUNO/lib/qp/source/qf_time.o
 .comment       0x0000007f       0x80 build/dspUNO/lib/qp/source/qxk.o
 .comment       0x0000007f       0x80 build/dspUNO/lib/qp/source/qxk_mutex.o
 .comment       0x0000007f       0x80 build/dspUNO/lib/qp/extras/fw_evt.o
 .comment       0x0000007f       0x80 build/dspUNO/source/bsp.o
 .comment       0x0000007f       0x80 build/dspUNO/source/AOSERCOM.o
 .comment       0x0000007f       0x80 build/dspUNO/source/AOUSB.o
 .comment       0x0000007f       0x80 build/dspUNO/source/USB/CDC.o
 .comment       0x0000007f       0x80 build/dspUNO/source/USB/USBCore.o
 .comment       0x0000007f       0x80 build/dspUNO/source/Delegate.o
 .comment       0x0000007f       0x80 build/dspUNO/source/I2CSlave.o
 .comment       0x0000007f       0x80 build/dspUNO/source/main.o
 .comment       0x0000007f       0x80 build/dspUNO/source/System.o
 .comment       0x0000007f       0x80 build/dspUNO/bsp/bsp_gpio.o
 .comment       0x0000007f       0x80 build/dspUNO/bsp/bsp_sercom.o

.debug_line     0x00000000     0xbd6e
 .debug_line    0x00000000      0x15f build/dspUNO/lib/qp/ports/arm-cm/qxk/gnu/qxk_port.o
 .debug_line    0x0000015f      0x4e7 build/dspUNO/Device_Startup/startup_samd21.o
 .debug_line    0x00000646      0x4c3 build/dspUNO/Device_Startup/system_samd21.o
 .debug_line    0x00000b09      0x3b5 build/dspUNO/lib/qp/source/qep_hsm.o
 .debug_line    0x00000ebe      0x3c6 build/dspUNO/lib/qp/source/qf_act.o
 .debug_line    0x00001284      0x5c0 build/dspUNO/lib/qp/source/qf_actq.o
 .debug_line    0x00001844      0x496 build/dspUNO/lib/qp/source/qf_dyn.o
 .debug_line    0x00001cda      0x462 build/dspUNO/lib/qp/source/qf_mem.o
 .debug_line    0x0000213c      0x501 build/dspUNO/lib/qp/source/qf_ps.o
 .debug_line    0x0000263d      0x35c build/dspUNO/lib/qp/source/qf_qact.o
 .debug_line    0x00002999      0x446 build/dspUNO/lib/qp/source/qf_qeq.o
 .debug_line    0x00002ddf      0x540 build/dspUNO/lib/qp/source/qf_time.o
 .debug_line    0x0000331f      0x5bd build/dspUNO/lib/qp/source/qxk.o
 .debug_line    0x000038dc      0x400 build/dspUNO/lib/qp/source/qxk_mutex.o
 .debug_line    0x00003cdc      0x3b2 build/dspUNO/lib/qp/extras/fw_evt.o
 .debug_line    0x0000408e      0xa65 build/dspUNO/source/bsp.o
 .debug_line    0x00004af3      0xd67 build/dspUNO/source/AOSERCOM.o
 .debug_line    0x0000585a      0x72a build/dspUNO/source/AOUSB.o
 .debug_line    0x00005f84      0x844 build/dspUNO/source/USB/CDC.o
 .debug_line    0x000067c8     0x1315 build/dspUNO/source/USB/USBCore.o
 .debug_line    0x00007add      0xea7 build/dspUNO/source/Delegate.o
 .debug_line    0x00008984      0xdcb build/dspUNO/source/I2CSlave.o
 .debug_line    0x0000974f      0xb90 build/dspUNO/source/main.o
 .debug_line    0x0000a2df      0xc88 build/dspUNO/source/System.o
 .debug_line    0x0000af67      0x58c build/dspUNO/bsp/bsp_gpio.o
 .debug_line    0x0000b4f3      0x87b build/dspUNO/bsp/bsp_sercom.o

.debug_info     0x00000000    0x41875
 .debug_info    0x00000000       0x6e build/dspUNO/lib/qp/ports/arm-cm/qxk/gnu/qxk_port.o
 .debug_info    0x0000006e     0x35d1 build/dspUNO/Device_Startup/startup_samd21.o
 .debug_info    0x0000363f       0xc2 build/dspUNO/Device_Startup/system_samd21.o
 .debug_info    0x00003701     0x10da build/dspUNO/lib/qp/source/qep_hsm.o
 .debug_info    0x000047db      0xd18 build/dspUNO/lib/qp/source/qf_act.o
 .debug_info    0x000054f3     0x1716 build/dspUNO/lib/qp/source/qf_actq.o
 .debug_info    0x00006c09     0x102a build/dspUNO/lib/qp/source/qf_dyn.o
 .debug_info    0x00007c33      0xe9a build/dspUNO/lib/qp/source/qf_mem.o
 .debug_info    0x00008acd     0x1249 build/dspUNO/lib/qp/source/qf_ps.o
 .debug_info    0x00009d16      0xbb9 build/dspUNO/lib/qp/source/qf_qact.o
 .debug_info    0x0000a8cf      0xc5f build/dspUNO/lib/qp/source/qf_qeq.o
 .debug_info    0x0000b52e     0x111d build/dspUNO/lib/qp/source/qf_time.o
 .debug_info    0x0000c64b     0x1ae8 build/dspUNO/lib/qp/source/qxk.o
 .debug_info    0x0000e133      0xa26 build/dspUNO/lib/qp/source/qxk_mutex.o
 .debug_info    0x0000eb59      0xc49 build/dspUNO/lib/qp/extras/fw_evt.o
 .debug_info    0x0000f7a2     0x326b build/dspUNO/source/bsp.o
 .debug_info    0x00012a0d     0x63ad build/dspUNO/source/AOSERCOM.o
 .debug_info    0x00018dba     0x32e9 build/dspUNO/source/AOUSB.o
 .debug_info    0x0001c0a3     0x1d9d build/dspUNO/source/USB/CDC.o
 .debug_info    0x0001de40     0x896a build/dspUNO/source/USB/USBCore.o
 .debug_info    0x000267aa     0x530c build/dspUNO/source/Delegate.o
 .debug_info    0x0002bab6     0x63d4 build/dspUNO/source/I2CSlave.o
 .debug_info    0x00031e8a     0x8c3e build/dspUNO/source/main.o
 .debug_info    0x0003aac8     0x3a59 build/dspUNO/source/System.o
 .debug_info    0x0003e521      0x814 build/dspUNO/bsp/bsp_gpio.o
 .debug_info    0x0003ed35     0x2b40 build/dspUNO/bsp/bsp_sercom.o

.debug_abbrev   0x00000000     0x9b9d
 .debug_abbrev  0x00000000       0x12 build/dspUNO/lib/qp/ports/arm-cm/qxk/gnu/qxk_port.o
 .debug_abbrev  0x00000012      0x25e build/dspUNO/Device_Startup/startup_samd21.o
 .debug_abbrev  0x00000270       0x86 build/dspUNO/Device_Startup/system_samd21.o
 .debug_abbrev  0x000002f6      0x51f build/dspUNO/lib/qp/source/qep_hsm.o
 .debug_abbrev  0x00000815      0x469 build/dspUNO/lib/qp/source/qf_act.o
 .debug_abbrev  0x00000c7e      0x77c build/dspUNO/lib/qp/source/qf_actq.o
 .debug_abbrev  0x000013fa      0x5c6 build/dspUNO/lib/qp/source/qf_dyn.o
 .debug_abbrev  0x000019c0      0x4fd build/dspUNO/lib/qp/source/qf_mem.o
 .debug_abbrev  0x00001ebd      0x5cf build/dspUNO/lib/qp/source/qf_ps.o
 .debug_abbrev  0x0000248c      0x41a build/dspUNO/lib/qp/source/qf_qact.o
 .debug_abbrev  0x000028a6      0x3e6 build/dspUNO/lib/qp/source/qf_qeq.o
 .debug_abbrev  0x00002c8c      0x610 build/dspUNO/lib/qp/source/qf_time.o
 .debug_abbrev  0x0000329c      0x829 build/dspUNO/lib/qp/source/qxk.o
 .debug_abbrev  0x00003ac5      0x375 build/dspUNO/lib/qp/source/qxk_mutex.o
 .debug_abbrev  0x00003e3a      0x441 build/dspUNO/lib/qp/extras/fw_evt.o
 .debug_abbrev  0x0000427b      0x9a5 build/dspUNO/source/bsp.o
 .debug_abbrev  0x00004c20      0xac7 build/dspUNO/source/AOSERCOM.o
 .debug_abbrev  0x000056e7      0x8b7 build/dspUNO/source/AOUSB.o
 .debug_abbrev  0x00005f9e      0x476 build/dspUNO/source/USB/CDC.o
 .debug_abbrev  0x00006414      0xa7e build/dspUNO/source/USB/USBCore.o
 .debug_abbrev  0x00006e92      0x9f4 build/dspUNO/source/Delegate.o
 .debug_abbrev  0x00007886      0xa1f build/dspUNO/source/I2CSlave.o
 .debug_abbrev  0x000082a5      0xa53 build/dspUNO/source/main.o
 .debug_abbrev  0x00008cf8      0x94b build/dspUNO/source/System.o
 .debug_abbrev  0x00009643      0x1d6 build/dspUNO/bsp/bsp_gpio.o
 .debug_abbrev  0x00009819      0x384 build/dspUNO/bsp/bsp_sercom.o

.debug_aranges  0x00000000      0xb28
 .debug_aranges
                0x00000000       0x40 build/dspUNO/lib/qp/ports/arm-cm/qxk/gnu/qxk_port.o
 .debug_aranges
                0x00000040       0x20 build/dspUNO/Device_Startup/startup_samd21.o
 .debug_aranges
                0x00000060       0x20 build/dspUNO/Device_Startup/system_samd21.o
 .debug_aranges
                0x00000080       0x70 build/dspUNO/lib/qp/source/qep_hsm.o
 .debug_aranges
                0x000000f0       0x30 build/dspUNO/lib/qp/source/qf_act.o
 .debug_aranges
                0x00000120       0x80 build/dspUNO/lib/qp/source/qf_actq.o
 .debug_aranges
                0x000001a0       0x48 build/dspUNO/lib/qp/source/qf_dyn.o
 .debug_aranges
                0x000001e8       0x40 build/dspUNO/lib/qp/source/qf_mem.o
 .debug_aranges
                0x00000228       0x48 build/dspUNO/lib/qp/source/qf_ps.o
 .debug_aranges
                0x00000270       0x20 build/dspUNO/lib/qp/source/qf_qact.o
 .debug_aranges
                0x00000290       0x40 build/dspUNO/lib/qp/source/qf_qeq.o
 .debug_aranges
                0x000002d0       0x60 build/dspUNO/lib/qp/source/qf_time.o
 .debug_aranges
                0x00000330       0x98 build/dspUNO/lib/qp/source/qxk.o
 .debug_aranges
                0x000003c8       0x30 build/dspUNO/lib/qp/source/qxk_mutex.o
 .debug_aranges
                0x000003f8       0x28 build/dspUNO/lib/qp/extras/fw_evt.o
 .debug_aranges
                0x00000420       0x98 build/dspUNO/source/bsp.o
 .debug_aranges
                0x000004b8       0xa0 build/dspUNO/source/AOSERCOM.o
 .debug_aranges
                0x00000558       0x70 build/dspUNO/source/AOUSB.o
 .debug_aranges
                0x000005c8       0x38 build/dspUNO/source/USB/CDC.o
 .debug_aranges
                0x00000600      0x160 build/dspUNO/source/USB/USBCore.o
 .debug_aranges
                0x00000760       0x98 build/dspUNO/source/Delegate.o
 .debug_aranges
                0x000007f8       0x98 build/dspUNO/source/I2CSlave.o
 .debug_aranges
                0x00000890       0xa0 build/dspUNO/source/main.o
 .debug_aranges
                0x00000930       0x98 build/dspUNO/source/System.o
 .debug_aranges
                0x000009c8       0x38 build/dspUNO/bsp/bsp_gpio.o
 .debug_aranges
                0x00000a00      0x128 build/dspUNO/bsp/bsp_sercom.o

.debug_ranges   0x00000000     0x2200
 .debug_ranges  0x00000000       0x38 build/dspUNO/lib/qp/ports/arm-cm/qxk/gnu/qxk_port.o
 .debug_ranges  0x00000038       0x90 build/dspUNO/lib/qp/source/qep_hsm.o
 .debug_ranges  0x000000c8       0x20 build/dspUNO/lib/qp/source/qf_act.o
 .debug_ranges  0x000000e8       0xb8 build/dspUNO/lib/qp/source/qf_actq.o
 .debug_ranges  0x000001a0       0x80 build/dspUNO/lib/qp/source/qf_dyn.o
 .debug_ranges  0x00000220       0x48 build/dspUNO/lib/qp/source/qf_mem.o
 .debug_ranges  0x00000268       0xa0 build/dspUNO/lib/qp/source/qf_ps.o
 .debug_ranges  0x00000308       0x10 build/dspUNO/lib/qp/source/qf_qact.o
 .debug_ranges  0x00000318       0x48 build/dspUNO/lib/qp/source/qf_qeq.o
 .debug_ranges  0x00000360       0xc8 build/dspUNO/lib/qp/source/qf_time.o
 .debug_ranges  0x00000428       0xf0 build/dspUNO/lib/qp/source/qxk.o
 .debug_ranges  0x00000518       0x20 build/dspUNO/lib/qp/source/qxk_mutex.o
 .debug_ranges  0x00000538       0x18 build/dspUNO/lib/qp/extras/fw_evt.o
 .debug_ranges  0x00000550      0x180 build/dspUNO/source/bsp.o
 .debug_ranges  0x000006d0      0x300 build/dspUNO/source/AOSERCOM.o
 .debug_ranges  0x000009d0      0x198 build/dspUNO/source/AOUSB.o
 .debug_ranges  0x00000b68       0x28 build/dspUNO/source/USB/CDC.o
 .debug_ranges  0x00000b90      0x770 build/dspUNO/source/USB/USBCore.o
 .debug_ranges  0x00001300      0x548 build/dspUNO/source/Delegate.o
 .debug_ranges  0x00001848      0x368 build/dspUNO/source/I2CSlave.o
 .debug_ranges  0x00001bb0      0x160 build/dspUNO/source/main.o
 .debug_ranges  0x00001d10      0x348 build/dspUNO/source/System.o
 .debug_ranges  0x00002058       0x48 build/dspUNO/bsp/bsp_gpio.o
 .debug_ranges  0x000020a0      0x160 build/dspUNO/bsp/bsp_sercom.o

.debug_loc      0x00000000     0xbd91
 .debug_loc     0x00000000       0x2b build/dspUNO/Device_Startup/startup_samd21.o
 .debug_loc     0x0000002b      0x6e9 build/dspUNO/lib/qp/source/qep_hsm.o
 .debug_loc     0x00000714       0xf7 build/dspUNO/lib/qp/source/qf_act.o
 .debug_loc     0x0000080b      0x556 build/dspUNO/lib/qp/source/qf_actq.o
 .debug_loc     0x00000d61      0x2a7 build/dspUNO/lib/qp/source/qf_dyn.o
 .debug_loc     0x00001008      0x231 build/dspUNO/lib/qp/source/qf_mem.o
 .debug_loc     0x00001239      0x37e build/dspUNO/lib/qp/source/qf_ps.o
 .debug_loc     0x000015b7       0x4a build/dspUNO/lib/qp/source/qf_qact.o
 .debug_loc     0x00001601      0x288 build/dspUNO/lib/qp/source/qf_qeq.o
 .debug_loc     0x00001889      0x3c1 build/dspUNO/lib/qp/source/qf_time.o
 .debug_loc     0x00001c4a      0x4ab build/dspUNO/lib/qp/source/qxk.o
 .debug_loc     0x000020f5       0x91 build/dspUNO/lib/qp/source/qxk_mutex.o
 .debug_loc     0x00002186       0x42 build/dspUNO/lib/qp/extras/fw_evt.o
 .debug_loc     0x000021c8      0x24b build/dspUNO/source/bsp.o
 .debug_loc     0x00002413     0x1497 build/dspUNO/source/AOSERCOM.o
 .debug_loc     0x000038aa      0xa4b build/dspUNO/source/AOUSB.o
 .debug_loc     0x000042f5      0x15d build/dspUNO/source/USB/CDC.o
 .debug_loc     0x00004452     0x266d build/dspUNO/source/USB/USBCore.o
 .debug_loc     0x00006abf     0x1fdb build/dspUNO/source/Delegate.o
 .debug_loc     0x00008a9a     0x14b4 build/dspUNO/source/I2CSlave.o
 .debug_loc     0x00009f4e      0x5aa build/dspUNO/source/main.o
 .debug_loc     0x0000a4f8      0xe8f build/dspUNO/source/System.o
 .debug_loc     0x0000b387      0x186 build/dspUNO/bsp/bsp_gpio.o
 .debug_loc     0x0000b50d      0x884 build/dspUNO/bsp/bsp_sercom.o

.debug_macro    0x00000000    0x16a56
 .debug_macro   0x00000000      0x2e5 build/dspUNO/Device_Startup/startup_samd21.o
 .debug_macro   0x000002e5      0x8aa build/dspUNO/Device_Startup/startup_samd21.o
 .debug_macro   0x00000b8f       0x22 build/dspUNO/Device_Startup/startup_samd21.o
 .debug_macro   0x00000bb1       0x87 build/dspUNO/Device_Startup/startup_samd21.o
 .debug_macro   0x00000c38       0x51 build/dspUNO/Device_Startup/startup_samd21.o
 .debug_macro   0x00000c89       0xef build/dspUNO/Device_Startup/startup_samd21.o
 .debug_macro   0x00000d78       0x6a build/dspUNO/Device_Startup/startup_samd21.o
 .debug_macro   0x00000de2      0x1df build/dspUNO/Device_Startup/startup_samd21.o
 .debug_macro   0x00000fc1       0x40 build/dspUNO/Device_Startup/startup_samd21.o
 .debug_macro   0x00001001       0x3a build/dspUNO/Device_Startup/startup_samd21.o
 .debug_macro   0x0000103b       0x1f build/dspUNO/Device_Startup/startup_samd21.o
 .debug_macro   0x0000105a      0x250 build/dspUNO/Device_Startup/startup_samd21.o
 .debug_macro   0x000012aa      0x67d build/dspUNO/Device_Startup/startup_samd21.o
 .debug_macro   0x00001927      0x8b0 build/dspUNO/Device_Startup/startup_samd21.o
 .debug_macro   0x000021d7      0x22e build/dspUNO/Device_Startup/startup_samd21.o
 .debug_macro   0x00002405      0xd5c build/dspUNO/Device_Startup/startup_samd21.o
 .debug_macro   0x00003161      0x4c6 build/dspUNO/Device_Startup/startup_samd21.o
 .debug_macro   0x00003627      0x9f6 build/dspUNO/Device_Startup/startup_samd21.o
 .debug_macro   0x0000401d      0x82a build/dspUNO/Device_Startup/startup_samd21.o
 .debug_macro   0x00004847      0x450 build/dspUNO/Device_Startup/startup_samd21.o
 .debug_macro   0x00004c97       0x5e build/dspUNO/Device_Startup/startup_samd21.o
 .debug_macro   0x00004cf5      0x8f8 build/dspUNO/Device_Startup/startup_samd21.o
 .debug_macro   0x000055ed      0x21c build/dspUNO/Device_Startup/startup_samd21.o
 .debug_macro   0x00005809      0x734 build/dspUNO/Device_Startup/startup_samd21.o
 .debug_macro   0x00005f3d       0x5e build/dspUNO/Device_Startup/startup_samd21.o
 .debug_macro   0x00005f9b      0x631 build/dspUNO/Device_Startup/startup_samd21.o
 .debug_macro   0x000065cc      0x3ab build/dspUNO/Device_Startup/startup_samd21.o
 .debug_macro   0x00006977      0xc75 build/dspUNO/Device_Startup/startup_samd21.o
 .debug_macro   0x000075ec     0x1092 build/dspUNO/Device_Startup/startup_samd21.o
 .debug_macro   0x0000867e      0xc4a build/dspUNO/Device_Startup/startup_samd21.o
 .debug_macro   0x000092c8      0x6ba build/dspUNO/Device_Startup/startup_samd21.o
 .debug_macro   0x00009982     0x1b3c build/dspUNO/Device_Startup/startup_samd21.o
 .debug_macro   0x0000b4be     0x143b build/dspUNO/Device_Startup/startup_samd21.o
 .debug_macro   0x0000c8f9      0x33f build/dspUNO/Device_Startup/startup_samd21.o
 .debug_macro   0x0000cc38       0x7c build/dspUNO/Device_Startup/startup_samd21.o
 .debug_macro   0x0000ccb4       0xa0 build/dspUNO/Device_Startup/startup_samd21.o
 .debug_macro   0x0000cd54       0x4c build/dspUNO/Device_Startup/startup_samd21.o
 .debug_macro   0x0000cda0       0xca build/dspUNO/Device_Startup/startup_samd21.o
 .debug_macro   0x0000ce6a       0x94 build/dspUNO/Device_Startup/startup_samd21.o
 .debug_macro   0x0000cefe       0x58 build/dspUNO/Device_Startup/startup_samd21.o
 .debug_macro   0x0000cf56      0x340 build/dspUNO/Device_Startup/startup_samd21.o
 .debug_macro   0x0000d296       0x82 build/dspUNO/Device_Startup/startup_samd21.o
 .debug_macro   0x0000d318      0x188 build/dspUNO/Device_Startup/startup_samd21.o
 .debug_macro   0x0000d4a0       0xb8 build/dspUNO/Device_Startup/startup_samd21.o
 .debug_macro   0x0000d558       0xa0 build/dspUNO/Device_Startup/startup_samd21.o
 .debug_macro   0x0000d5f8       0xb2 build/dspUNO/Device_Startup/startup_samd21.o
 .debug_macro   0x0000d6aa       0x1c build/dspUNO/Device_Startup/startup_samd21.o
 .debug_macro   0x0000d6c6       0x1c build/dspUNO/Device_Startup/startup_samd21.o
 .debug_macro   0x0000d6e2       0x1c build/dspUNO/Device_Startup/startup_samd21.o
 .debug_macro   0x0000d6fe       0x7c build/dspUNO/Device_Startup/startup_samd21.o
 .debug_macro   0x0000d77a      0x15a build/dspUNO/Device_Startup/startup_samd21.o
 .debug_macro   0x0000d8d4       0xdc build/dspUNO/Device_Startup/startup_samd21.o
 .debug_macro   0x0000d9b0      0x124 build/dspUNO/Device_Startup/startup_samd21.o
 .debug_macro   0x0000dad4      0x124 build/dspUNO/Device_Startup/startup_samd21.o
 .debug_macro   0x0000dbf8      0x124 build/dspUNO/Device_Startup/startup_samd21.o
 .debug_macro   0x0000dd1c      0x124 build/dspUNO/Device_Startup/startup_samd21.o
 .debug_macro   0x0000de40      0x124 build/dspUNO/Device_Startup/startup_samd21.o
 .debug_macro   0x0000df64      0x124 build/dspUNO/Device_Startup/startup_samd21.o
 .debug_macro   0x0000e088      0x124 build/dspUNO/Device_Startup/startup_samd21.o
 .debug_macro   0x0000e1ac       0xe2 build/dspUNO/Device_Startup/startup_samd21.o
 .debug_macro   0x0000e28e       0xe2 build/dspUNO/Device_Startup/startup_samd21.o
 .debug_macro   0x0000e370       0xe2 build/dspUNO/Device_Startup/startup_samd21.o
 .debug_macro   0x0000e452      0x12a build/dspUNO/Device_Startup/startup_samd21.o
 .debug_macro   0x0000e57c      0x100 build/dspUNO/Device_Startup/startup_samd21.o
 .debug_macro   0x0000e67c       0xf4 build/dspUNO/Device_Startup/startup_samd21.o
 .debug_macro   0x0000e770      0x40f build/dspUNO/Device_Startup/startup_samd21.o
 .debug_macro   0x0000eb7f       0x40 build/dspUNO/Device_Startup/startup_samd21.o
 .debug_macro   0x0000ebbf      0x376 build/dspUNO/Device_Startup/startup_samd21.o
 .debug_macro   0x0000ef35     0x17de build/dspUNO/Device_Startup/startup_samd21.o
 .debug_macro   0x00010713       0x6d build/dspUNO/Device_Startup/startup_samd21.o
 .debug_macro   0x00010780      0x2eb build/dspUNO/Device_Startup/system_samd21.o
 .debug_macro   0x00010a6b       0xa4 build/dspUNO/lib/qp/source/qep_hsm.o
 .debug_macro   0x00010b0f      0x952 build/dspUNO/lib/qp/source/qep_hsm.o
 .debug_macro   0x00011461       0x10 build/dspUNO/lib/qp/source/qep_hsm.o
 .debug_macro   0x00011471       0x1c build/dspUNO/lib/qp/source/qep_hsm.o
 .debug_macro   0x0001148d       0x4f build/dspUNO/lib/qp/source/qep_hsm.o
 .debug_macro   0x000114dc       0x9d build/dspUNO/lib/qp/source/qep_hsm.o
 .debug_macro   0x00011579      0x196 build/dspUNO/lib/qp/source/qep_hsm.o
 .debug_macro   0x0001170f       0x70 build/dspUNO/lib/qp/source/qep_hsm.o
 .debug_macro   0x0001177f      0x137 build/dspUNO/lib/qp/source/qf_act.o
 .debug_macro   0x000118b6       0x4c build/dspUNO/lib/qp/source/qf_act.o
 .debug_macro   0x00011902       0x28 build/dspUNO/lib/qp/source/qf_act.o
 .debug_macro   0x0001192a       0x10 build/dspUNO/lib/qp/source/qf_act.o
 .debug_macro   0x0001193a       0x1d build/dspUNO/lib/qp/source/qf_act.o
 .debug_macro   0x00011957       0x62 build/dspUNO/lib/qp/source/qf_act.o
 .debug_macro   0x000119b9      0x143 build/dspUNO/lib/qp/source/qf_act.o
 .debug_macro   0x00011afc       0x10 build/dspUNO/lib/qp/source/qf_act.o
 .debug_macro   0x00011b0c      0x3c3 build/dspUNO/lib/qp/source/qf_act.o
 .debug_macro   0x00011ecf       0x46 build/dspUNO/lib/qp/source/qf_act.o
 .debug_macro   0x00011f15       0x55 build/dspUNO/lib/qp/source/qf_act.o
 .debug_macro   0x00011f6a       0x11 build/dspUNO/lib/qp/source/qf_act.o
 .debug_macro   0x00011f7b       0x2f build/dspUNO/lib/qp/source/qf_act.o
 .debug_macro   0x00011faa      0x130 build/dspUNO/lib/qp/source/qf_actq.o
 .debug_macro   0x000120da      0x130 build/dspUNO/lib/qp/source/qf_dyn.o
 .debug_macro   0x0001220a      0x130 build/dspUNO/lib/qp/source/qf_mem.o
 .debug_macro   0x0001233a      0x130 build/dspUNO/lib/qp/source/qf_ps.o
 .debug_macro   0x0001246a      0x115 build/dspUNO/lib/qp/source/qf_qact.o
 .debug_macro   0x0001257f      0x130 build/dspUNO/lib/qp/source/qf_qeq.o
 .debug_macro   0x000126af      0x130 build/dspUNO/lib/qp/source/qf_time.o
 .debug_macro   0x000127df      0x13a build/dspUNO/lib/qp/source/qxk.o
 .debug_macro   0x00012919      0x13a build/dspUNO/lib/qp/source/qxk_mutex.o
 .debug_macro   0x00012a53      0x151 build/dspUNO/lib/qp/extras/fw_evt.o
 .debug_macro   0x00012ba4      0x17b build/dspUNO/lib/qp/extras/fw_evt.o
 .debug_macro   0x00012d1f       0x10 build/dspUNO/lib/qp/extras/fw_evt.o
 .debug_macro   0x00012d2f      0x57d build/dspUNO/source/bsp.o
 .debug_macro   0x000132ac       0x16 build/dspUNO/source/bsp.o
 .debug_macro   0x000132c2       0x58 build/dspUNO/source/bsp.o
 .debug_macro   0x0001331a       0x10 build/dspUNO/source/bsp.o
 .debug_macro   0x0001332a       0x16 build/dspUNO/source/bsp.o
 .debug_macro   0x00013340       0xe2 build/dspUNO/source/bsp.o
 .debug_macro   0x00013422       0x10 build/dspUNO/source/bsp.o
 .debug_macro   0x00013432       0x10 build/dspUNO/source/bsp.o
 .debug_macro   0x00013442       0x16 build/dspUNO/source/bsp.o
 .debug_macro   0x00013458       0x22 build/dspUNO/source/bsp.o
 .debug_macro   0x0001347a       0xea build/dspUNO/source/bsp.o
 .debug_macro   0x00013564      0x52d build/dspUNO/source/AOSERCOM.o
 .debug_macro   0x00013a91      0x1d3 build/dspUNO/source/AOSERCOM.o
 .debug_macro   0x00013c64       0x2e build/dspUNO/source/AOSERCOM.o
 .debug_macro   0x00013c92       0x6a build/dspUNO/source/AOSERCOM.o
 .debug_macro   0x00013cfc      0x258 build/dspUNO/source/AOUSB.o
 .debug_macro   0x00013f54      0x525 build/dspUNO/source/USB/CDC.o
 .debug_macro   0x00014479      0x10e build/dspUNO/source/USB/CDC.o
 .debug_macro   0x00014587       0x94 build/dspUNO/source/USB/CDC.o
 .debug_macro   0x0001461b       0x1c build/dspUNO/source/USB/CDC.o
 .debug_macro   0x00014637       0x10 build/dspUNO/source/USB/CDC.o
 .debug_macro   0x00014647      0x5f9 build/dspUNO/source/USB/USBCore.o
 .debug_macro   0x00014c40       0x2b build/dspUNO/source/USB/USBCore.o
 .debug_macro   0x00014c6b       0xc4 build/dspUNO/source/USB/USBCore.o
 .debug_macro   0x00014d2f      0x51f build/dspUNO/source/Delegate.o
 .debug_macro   0x0001524e       0x1c build/dspUNO/source/Delegate.o
 .debug_macro   0x0001526a      0x528 build/dspUNO/source/I2CSlave.o
 .debug_macro   0x00015792      0x5c2 build/dspUNO/source/main.o
 .debug_macro   0x00015d54       0x47 build/dspUNO/source/main.o
 .debug_macro   0x00015d9b      0x163 build/dspUNO/source/main.o
 .debug_macro   0x00015efe       0x10 build/dspUNO/source/main.o
 .debug_macro   0x00015f0e      0x508 build/dspUNO/source/System.o
 .debug_macro   0x00016416      0x331 build/dspUNO/bsp/bsp_gpio.o
 .debug_macro   0x00016747      0x2f9 build/dspUNO/bsp/bsp_sercom.o
 .debug_macro   0x00016a40       0x16 build/dspUNO/bsp/bsp_sercom.o

.debug_str      0x00000000    0x80d24
 .debug_str     0x00000000    0x6b64a build/dspUNO/Device_Startup/startup_samd21.o
                              0x6bebc (size before relaxing)
 .debug_str     0x0006b64a       0x59 build/dspUNO/Device_Startup/system_samd21.o