Archive member included to satisfy reference by file (symbol)

c:/arm/2017-q2-update/bin/../lib/gcc/arm-none-eabi/6.3.1/thumb/v6-m\libgcc.a(_thumb1_case_uqi.o)
                              build/dspBass/source/USB/USBCore.o (__gnu_thumb1_case_uqi)
c:/arm/2017-q2-update/bin/../lib/gcc/arm-none-eabi/6.3.1/thumb/v6-m\libgcc.a(_thumb1_case_shi.o)
                              build/dspBass/source/Delegate.o (__gnu_thumb1_case_shi)
c:/arm/2017-q2-update/bin/../lib/gcc/arm-none-eabi/6.3.1/thumb/v6-m\libgcc.a(_thumb1_case_uhi.o)
                              build/dspBass/source/Delegate.o (__gnu_thumb1_case_uhi)
c:/arm/2017-q2-update/bin/../lib/gcc/arm-none-eabi/6.3.1/thumb/v6-m\libgcc.a(_udivsi3.o)
                              build/dspBass/source/bsp.o (__aeabi_uidiv)
c:/arm/2017-q2-update/bin/../lib/gcc/arm-none-eabi/6.3.1/thumb/v6-m\libgcc.a(_divsi3.o)
                              build/dspBass/source/dap.o (__aeabi_idiv)
c:/arm/2017-q2-update/bin/../lib/gcc/arm-none-eabi/6.3.1/thumb/v6-m\libgcc.a(_dvmd_tls.o)
                              c:/arm/2017-q2-update/bin/../lib/gcc/arm-none-eabi/6.3.1/thumb/v6-m\libgcc.a(_udivsi3.o) (__aeabi_idiv0)
c:/arm/2017-q2-update/bin/../lib/gcc/arm-none-eabi/6.3.1/../../../../arm-none-eabi/lib/thumb/v6-m\libg_nano.a(lib_a-aeabi_atexit.o)
                              build/dspBass/lib/qp/source/qxk.o (__aeabi_atexit)
c:/arm/2017-q2-update/bin/../lib/gcc/arm-none-eabi/6.3.1/../../../../arm-none-eabi/lib/thumb/v6-m\libg_nano.a(lib_a-cxa_atexit.o)
                              c:/arm/2017-q2-update/bin/../lib/gcc/arm-none-eabi/6.3.1/../../../../arm-none-eabi/lib/thumb/v6-m\libg_nano.a(lib_a-aeabi_atexit.o) (__cxa_atexit)
c:/arm/2017-q2-update/bin/../lib/gcc/arm-none-eabi/6.3.1/../../../../arm-none-eabi/lib/thumb/v6-m\libg_nano.a(lib_a-exit.o)
                              c:/arm/2017-q2-update/bin/../lib/gcc/arm-none-eabi/6.3.1/../../../../arm-none-eabi/lib/thumb/v6-m/crt0.o (exit)
c:/arm/2017-q2-update/bin/../lib/gcc/arm-none-eabi/6.3.1/../../../../arm-none-eabi/lib/thumb/v6-m\libg_nano.a(lib_a-impure.o)
                              c:/arm/2017-q2-update/bin/../lib/gcc/arm-none-eabi/6.3.1/../../../../arm-none-eabi/lib/thumb/v6-m\libg_nano.a(lib_a-exit.o) (_global_impure_ptr)
c:/arm/2017-q2-update/bin/../lib/gcc/arm-none-eabi/6.3.1/../../../../arm-none-eabi/lib/thumb/v6-m\libg_nano.a(lib_a-init.o)
                              c:/arm/2017-q2-update/bin/../lib/gcc/arm-none-eabi/6.3.1/../../../../arm-none-eabi/lib/thumb/v6-m/crt0.o (__libc_init_array)
c:/arm/2017-q2-update/bin/../lib/gcc/arm-none-eabi/6.3.1/../../../../arm-none-eabi/lib/thumb/v6-m\libg_nano.a(lib_a-malloc.o)
                              build/dspBass/source/bsp.o (malloc)
c:/arm/2017-q2-update/bin/../lib/gcc/arm-none-eabi/6.3.1/../../../../arm-none-eabi/lib/thumb/v6-m\libg_nano.a(lib_a-memcpy-stub.o)
                              build/dspBass/source/USB/USBCore.o (memcpy)
c:/arm/2017-q2-update/bin/../lib/gcc/arm-none-eabi/6.3.1/../../../../arm-none-eabi/lib/thumb/v6-m\libg_nano.a(lib_a-memset.o)
                              c:/arm/2017-q2-update/bin/../lib/gcc/arm-none-eabi/6.3.1/../../../../arm-none-eabi/lib/thumb/v6-m/crt0.o (memset)
c:/arm/2017-q2-update/bin/../lib/gcc/arm-none-eabi/6.3.1/../../../../arm-none-eabi/lib/thumb/v6-m\libg_nano.a(lib_a-nano-freer.o)
                              c:/arm/2017-q2-update/bin/../lib/gcc/arm-none-eabi/6.3.1/../../../../arm-none-eabi/lib/thumb/v6-m\libg_nano.a(lib_a-malloc.o) (_free_r)
c:/arm/2017-q2-update/bin/../lib/gcc/arm-none-eabi/6.3.1/../../../../arm-none-eabi/lib/thumb/v6-m\libg_nano.a(lib_a-nano-mallocr.o)
                              c:/arm/2017-q2-update/bin/../lib/gcc/arm-none-eabi/6.3.1/../../../../arm-none-eabi/lib/thumb/v6-m\libg_nano.a(lib_a-malloc.o) (_malloc_r)
c:/arm/2017-q2-update/bin/../lib/gcc/arm-none-eabi/6.3.1/../../../../arm-none-eabi/lib/thumb/v6-m\libg_nano.a(lib_a-on_exit_args.o)
                              c:/arm/2017-q2-update/bin/../lib/gcc/arm-none-eabi/6.3.1/../../../../arm-none-eabi/lib/thumb/v6-m\libg_nano.a(lib_a-cxa_atexit.o) (__on_exit_args)
c:/arm/2017-q2-update/bin/../lib/gcc/arm-none-eabi/6.3.1/../../../../arm-none-eabi/lib/thumb/v6-m\libg_nano.a(lib_a-sbrkr.o)
                              c:/arm/2017-q2-update/bin/../lib/gcc/arm-none-eabi/6.3.1/../../../../arm-none-eabi/lib/thumb/v6-m\libg_nano.a(lib_a-nano-mallocr.o) (_sbrk_r)
c:/arm/2017-q2-update/bin/../lib/gcc/arm-none-eabi/6.3.1/../../../../arm-none-eabi/lib/thumb/v6-m\libg_nano.a(lib_a-strcpy.o)
                              build/dspBass/source/dap.o (strcpy)
c:/arm/2017-q2-update/bin/../lib/gcc/arm-none-eabi/6.3.1/../../../../arm-none-eabi/lib/thumb/v6-m\libg_nano.a(lib_a-strlen.o)
                              build/dspBass/source/USB/USBCore.o (strlen)
c:/arm/2017-q2-update/bin/../lib/gcc/arm-none-eabi/6.3.1/../../../../arm-none-eabi/lib/thumb/v6-m\libg_nano.a(lib_a-mlock.o)
[...]
Memory Configuration

Name             Origin             Length             Attributes
rom              0x00004000         0x0003c000         xr
ram              0x20000000         0x00008000         xrw
*default*        0x00000000         0xffffffff

Linker script and memory map

LOAD c:/arm/2017-q2-update/bin/../lib/gcc/arm-none-eabi/6.3.1/thumb/v6-m/crti.o
LOAD c:/arm/2017-q2-update/bin/../lib/gcc/arm-none-eabi/6.3.1/thumb/v6-m/crtbegin.o
LOAD c:/arm/2017-q2-update/bin/../lib/gcc/arm-none-eabi/6.3.1/../../../../arm-none-eabi/lib/thumb/v6-m/crt0.o
LOAD build/dspBass/lib/qp/ports/arm-cm/qxk/gnu/qxk_port.o
LOAD build/dspBass/Device_Startup/startup_samd21.o
LOAD build/dspBass/Device_Startup/system_samd21.o
LOAD build/dspBass/lib/qp/source/qep_hsm.o
LOAD build/dspBass/lib/qp/source/qep_msm.o
LOAD build/dspBass/lib/qp/source/qf_act.o
LOAD build/dspBass/lib/qp/source/qf_actq.o
LOAD build/dspBass/lib/qp/source/qf_defer.o
LOAD build/dspBass/lib/qp/source/qf_dyn.o
LOAD build/dspBass/lib/qp/source/qf_mem.o
LOAD build/dspBass/lib/qp/source/qf_ps.o
LOAD build/dspBass/lib/qp/source/qf_qact.o
LOAD build/dspBass/lib/qp/source/qf_qeq.o
LOAD build/dspBass/lib/qp/source/qf_qmact.o
LOAD build/dspBass/lib/qp/source/qf_time.o
LOAD build/dspBass/lib/qp/source/qxk.o
LOAD build/dspBass/lib/qp/source/qxk_mutex.o
LOAD build/dspBass/lib/qp/source/qxk_sema.o
LOAD build/dspBass/lib/qp/source/qxk_xthr.o
LOAD build/dspBass/lib/qp/include/qstamp.o
LOAD build/dspBass/lib/qp/extras/fw_evt.o
LOAD build/dspBass/lib/qp/extras/fw_log.o
LOAD build/dspBass/source/bsp.o
LOAD build/dspBass/source/event.o
LOAD build/dspBass/source/AOADC.o
LOAD build/dspBass/source/AODAC.o
LOAD build/dspBass/source/AOTouch.o
LOAD build/dspBass/source/AOInterrupt.o
LOAD build/dspBass/source/AOSERCOM.o
LOAD build/dspBass/source/AOTimer.o
LOAD build/dspBass/source/AOUSB.o
LOAD build/dspBass/source/USB/CDC.o
LOAD build/dspBass/source/USB/USBCore.o
LOAD build/dspBass/source/dap.o
LOAD build/dspBass/source/Delegate.o
LOAD build/dspBass/source/I2CSlave.o
LOAD build/dspBass/source/SPISlave.o
LOAD build/dspBass/source/main.o
LOAD build/dspBass/source/Neopixel.o
LOAD build/dspBass/source/System.o
LOAD build/dspBass/source/AOPedal.o
LOAD build/dspBass/bsp/bsp_adc.o
LOAD build/dspBass/bsp/bsp_gpio.o
LOAD build/dspBass/bsp/bsp_sercom.o
LOAD build/dspBass/bsp/bsp_timer.o
LOAD build/dspBass/bsp/bsp_dma.o
LOAD build/dspBass/bsp/pinmux.o
LOAD build/dspBass/bsp/bsp_neopix.o
LOAD build/dspBass/bsp/adafruit_ptc.o
START GROUP
LOAD c:/arm/2017-q2-update/bin/../lib/gcc/arm-none-eabi/6.3.1/thumb/v6-m\libgcc.a
LOAD c:/arm/2017-q2-update/bin/../lib/gcc/arm-none-eabi/6.3.1/../../../../arm-none-eabi/lib/thumb/v6-m\libg_nano.a
LOAD c:/arm/2017-q2-update/bin/../lib/gcc/arm-none-eabi/6.3.1/../../../../arm-none-eabi/lib/thumb/v6-m\libc_nano.a
END GROUP
START GROUP
LOAD c:/arm/2017-q2-update/bin/../lib/gcc/arm-none-eabi/6.3.1/thumb/v6-m\libgcc.a
LOAD c:/arm/2017-q2-update/bin/../lib/gcc/arm-none-eabi/6.3.1/../../../../arm-none-eabi/lib/thumb/v6-m\libc_nano.a
LOAD c:/arm/2017-q2-update/bin/../lib/gcc/arm-none-eabi/6.3.1/../../../../arm-none-eabi/lib/thumb/v6-m\libnosys.a
END GROUP
START GROUP
LOAD c:/arm/2017-q2-update/bin/../lib/gcc/arm-none-eabi/6.3.1/thumb/v6-m\libgcc.a
LOAD c:/arm/2017-q2-update/bin/../lib/gcc/arm-none-eabi/6.3.1/../../../../arm-none-eabi/lib/thumb/v6-m\libc_nano.a
LOAD c:/arm/2017-q2-update/bin/../lib/gcc/arm-none-eabi/6.3.1/../../../../arm-none-eabi/lib/thumb/v6-m\libnosys.a
END GROUP
LOAD c:/arm/2017-q2-update/bin/../lib/gcc/arm-none-eabi/6.3.1/thumb/v6-m/crtend.o
LOAD c:/arm/2017-q2-update/bin/../lib/gcc/arm-none-eabi/6.3.1/thumb/v6-m/crtn.o
                0x00002000                STACK_SIZE = DEFINED (STACK_SIZE)?STACK_SIZE:DEFINED (__stack_size__)?__stack_size__:0x2000

.text           0x00004000     0x4880
                0x00004000                . = ALIGN (0x4)
                0x00004000                _sfixed = .
 *(.vectors .vectors.*)
 .vectors       0x00004000       0xb4 build/dspBass/Device_Startup/startup_samd21.o
                0x00004000                exception_table
 *(.text .text.* .gnu.linkonce.t.*)
 .text          0x000040b4       0x60 c:/arm/2017-q2-update/bin/../lib/gcc/arm-none-eabi/6.3.1/thumb/v6-m/crtbegin.o
 .text.QXK_init
                0x00004114       0x20 build/dspBass/lib/qp/ports/arm-cm/qxk/gnu/qxk_port.o
                0x00004114                QXK_init
 .text.PendSV_Handler
                0x00004134       0xcc build/dspBass/lib/qp/ports/arm-cm/qxk/gnu/qxk_port.o
                0x00004134                PendSV_Handler
 .text.Thread_ret
                0x00004200       0x10 build/dspBass/lib/qp/ports/arm-cm/qxk/gnu/qxk_port.o
 .text.NMI_Handler
                0x00004210        0x6 build/dspBass/lib/qp/ports/arm-cm/qxk/gnu/qxk_port.o
                0x00004210                NMI_Handler
 *fill*         0x00004216        0x2 
 .text          0x00004218       0xb8 build/dspBass/Device_Startup/startup_samd21.o
                0x00004218                DMAC_Handler
                0x00004218                HardFault_Handler
                0x00004218                AC_Handler
                0x00004218                SERCOM1_Handler
                0x00004218                ADC_Handler
                0x00004218                TCC1_Handler
                0x00004218                SERCOM2_Handler
                0x00004218                TCC0_Handler
                0x00004218                RTC_Handler
                0x00004218                EIC_Handler
                0x00004218                WDT_Handler
                0x00004218                TC4_Handler
                0x00004218                TC5_Handler
                0x00004218                TC3_Handler
                0x00004218                Dummy_Handler
                0x00004218                PM_Handler
                0x00004218                SERCOM5_Handler
                0x00004218                SVC_Handler
                0x00004218                TCC2_Handler
                0x00004218                EVSYS_Handler
                0x00004218                SERCOM3_Handler
                0x00004218                I2S_Handler
                0x00004218                NVMCTRL_Handler
                0x00004218                DAC_Handler
                0x00004218                PTC_Handler
                0x00004218                SYSCTRL_Handler
                0x0000421c                Reset_Handler
 .text          0x000042d0       0x20 build/dspBass/Device_Startup/system_samd21.o
                0x000042d0                SystemInit
                0x000042e0                SystemCoreClockUpdate
 .text._ZN2QP4QHsm4initEv
                0x000042f0        0xc build/dspBass/lib/qp/source/qep_hsm.o
                0x000042f0                QP::QHsm::init()
 .text._ZN2QP4QHsmD2Ev
                0x000042fc        0x2 build/dspBass/lib/qp/source/qep_hsm.o
                0x000042fc                QP::QHsm::~QHsm()
                0x000042fc                QP::QHsm::~QHsm()
 .text._ZN2QP4QHsm3topEPvPKNS_4QEvtE
                0x000042fe        0x4 build/dspBass/lib/qp/source/qep_hsm.o
                0x000042fe                QP::QHsm::top(void*, QP::QEvt const*)
 .text._ZN2QP4QHsmD0Ev
                0x00004302        0xc build/dspBass/lib/qp/source/qep_hsm.o
                0x00004302                QP::QHsm::~QHsm()
 *fill*         0x0000430e        0x2 
 .text._ZN2QP4QHsm4initEPKNS_4QEvtE
                0x00004310       0x98 build/dspBass/lib/qp/source/qep_hsm.o
                0x00004310                QP::QHsm::init(QP::QEvt const*)
 .text._ZN2QP4QHsmC2EPFjPvPKNS_4QEvtEE
                0x000043a8       0x18 build/dspBass/lib/qp/source/qep_hsm.o
                0x000043a8                QP::QHsm::QHsm(unsigned int (*)(void*, QP::QEvt const*))
                0x000043a8                QP::QHsm::QHsm(unsigned int (*)(void*, QP::QEvt const*))
 .text._ZN2QP4QHsm8hsm_tranERA6_PFjPvPKNS_4QEvtEE
                0x000043c0      0x110 build/dspBass/lib/qp/source/qep_hsm.o
                0x000043c0                QP::QHsm::hsm_tran(unsigned int (* (&) [6])(void*, QP::QEvt const*))
 .text._ZN2QP4QHsm8dispatchEPKNS_4QEvtE
                0x000044d0       0xd8 build/dspBass/lib/qp/source/qep_hsm.o
                0x000044d0                QP::QHsm::dispatch(QP::QEvt const*)
 .text.startup._GLOBAL__sub_I__ZN2QP4QHsmC2EPFjPvPKNS_4QEvtEE
                0x000045a8       0x18 build/dspBass/lib/qp/source/qep_hsm.o
 .text._ZN2QP2QF4add_EPNS_7QActiveE
                0x000045c0       0x34 build/dspBass/lib/qp/source/qf_act.o
                0x000045c0                QP::QF::add_(QP::QActive*)
 .text._ZN2QP2QF5bzeroEPvj
                0x000045f4       0x10 build/dspBass/lib/qp/source/qf_act.o
                0x000045f4                QP::QF::bzero(void*, unsigned int)
 .text._ZN2QP7QActive5startEjPPKNS_4QEvtEjPvj
                0x00004604       0x1a build/dspBass/lib/qp/source/qf_actq.o
                0x00004604                QP::QActive::start(unsigned int, QP::QEvt const**, unsigned int, void*, unsigned int)
 *fill*         0x0000461e        0x2 
 .text._ZN2QP7QActive5post_EPKNS_4QEvtEj
                0x00004620       0xb4 build/dspBass/lib/qp/source/qf_actq.o
                0x00004620                QP::QActive::post_(QP::QEvt const*, unsigned int)
 .text._ZN2QP7QActive8postLIFOEPKNS_4QEvtE
                0x000046d4       0x8c build/dspBass/lib/qp/source/qf_actq.o
                0x000046d4                QP::QActive::postLIFO(QP::QEvt const*)
 .text._ZN2QP7QActive4get_Ev
                0x00004760       0x60 build/dspBass/lib/qp/source/qf_actq.o
                0x00004760                QP::QActive::get_()
 .text._ZN2QP2QF8poolInitEPvjj
                0x000047c0       0x5c build/dspBass/lib/qp/source/qf_dyn.o
                0x000047c0                QP::QF::poolInit(void*, unsigned int, unsigned int)
 .text._ZN2QP2QF5newX_Ejji
                0x0000481c       0x74 build/dspBass/lib/qp/source/qf_dyn.o
                0x0000481c                QP::QF::newX_(unsigned int, unsigned int, int)
 .text._ZN2QP2QF2gcEPKNS_4QEvtE
                0x00004890       0x58 build/dspBass/lib/qp/source/qf_dyn.o
                0x00004890                QP::QF::gc(QP::QEvt const*)
 .text.startup._GLOBAL__sub_I__ZN2QP8QF_pool_E
                0x000048e8       0x20 build/dspBass/lib/qp/source/qf_dyn.o
 .text._ZN2QP6QMPoolC2Ev
                0x00004908       0x12 build/dspBass/lib/qp/source/qf_mem.o
                0x00004908                QP::QMPool::QMPool()
                0x00004908                QP::QMPool::QMPool()
 *fill*         0x0000491a        0x2 
 .text._ZN2QP6QMPool4initEPvjj
                0x0000491c       0x80 build/dspBass/lib/qp/source/qf_mem.o
                0x0000491c                QP::QMPool::init(void*, unsigned int, unsigned int)
 .text._ZN2QP6QMPool3putEPv
                0x0000499c       0x40 build/dspBass/lib/qp/source/qf_mem.o
                0x0000499c                QP::QMPool::put(void*)
 .text._ZN2QP6QMPool3getEj
                0x000049dc       0x78 build/dspBass/lib/qp/source/qf_mem.o
                0x000049dc                QP::QMPool::get(unsigned int)
 .text._ZN2QP7QF_LOG2Em
                0x00004a54       0x28 build/dspBass/lib/qp/source/qf_ps.o
                0x00004a54                QP::QF_LOG2(unsigned long)
 .text._ZN2QP2QF6psInitEPNS_5QPSetEi
                0x00004a7c       0x1c build/dspBass/lib/qp/source/qf_ps.o
                0x00004a7c                QP::QF::psInit(QP::QPSet*, int)
 .text._ZN2QP2QF8publish_EPKNS_4QEvtE
                0x00004a98       0xc4 build/dspBass/lib/qp/source/qf_ps.o
                0x00004a98                QP::QF::publish_(QP::QEvt const*)
 .text._ZNK2QP7QActive9subscribeEi
                0x00004b5c       0x5c build/dspBass/lib/qp/source/qf_ps.o
                0x00004b5c                QP::QActive::subscribe(int) const
 .text._ZN2QP7QActiveC2EPFjPvPKNS_4QEvtEE
                0x00004bb8       0x3c build/dspBass/lib/qp/source/qf_qact.o
                0x00004bb8                QP::QActive::QActive(unsigned int (*)(void*, QP::QEvt const*))
                0x00004bb8                QP::QActive::QActive(unsigned int (*)(void*, QP::QEvt const*))
 .text._ZN2QP7QEQueueC2Ev
                0x00004bf4       0x12 build/dspBass/lib/qp/source/qf_qeq.o
                0x00004bf4                QP::QEQueue::QEQueue()
                0x00004bf4                QP::QEQueue::QEQueue()
 .text._ZN2QP7QEQueue4initEPPKNS_4QEvtEj
                0x00004c06       0x1a build/dspBass/lib/qp/source/qf_qeq.o
                0x00004c06                QP::QEQueue::init(QP::QEvt const**, unsigned int)
 .text._ZN2QP2QF6tickX_Ej
                0x00004c20       0x98 build/dspBass/lib/qp/source/qf_time.o
                0x00004c20                QP::QF::tickX_(unsigned int)
 .text._ZN2QP8QTimeEvtC2EPNS_7QActiveEij
                0x00004cb8       0x34 build/dspBass/lib/qp/source/qf_time.o
                0x00004cb8                QP::QTimeEvt::QTimeEvt(QP::QActive*, int, unsigned int)
                0x00004cb8                QP::QTimeEvt::QTimeEvt(QP::QActive*, int, unsigned int)
 .text._ZN2QP8QTimeEvtC2Ev
                0x00004cec       0x12 build/dspBass/lib/qp/source/qf_time.o
                0x00004cec                QP::QTimeEvt::QTimeEvt()
                0x00004cec                QP::QTimeEvt::QTimeEvt()
 *fill*         0x00004cfe        0x2 
 .text._ZN2QP8QTimeEvt4armXEtt
                0x00004d00       0x68 build/dspBass/lib/qp/source/qf_time.o
                0x00004d00                QP::QTimeEvt::armX(unsigned short, unsigned short)
 .text._ZN2QP8QTimeEvt6disarmEv
                0x00004d68       0x1a build/dspBass/lib/qp/source/qf_time.o
                0x00004d68                QP::QTimeEvt::disarm()
 *fill*         0x00004d82        0x2 
 .text.startup._GLOBAL__sub_I__ZN2QP2QF12timeEvtHead_E
                0x00004d84       0x18 build/dspBass/lib/qp/source/qf_time.o
 .text._ZN2QP7QActiveD2Ev
                0x00004d9c       0x18 build/dspBass/lib/qp/source/qxk.o
                0x00004d9c                QP::QActive::~QActive()
                0x00004d9c                QP::QActive::~QActive()
 .text._ZN2QP7QActiveD0Ev
                0x00004db4       0x12 build/dspBass/lib/qp/source/qxk.o
                0x00004db4                QP::QActive::~QActive()
 *fill*         0x00004dc6        0x2 
 .text._ZN2QP13QXKIdleThreadD2Ev
                0x00004dc8       0x14 build/dspBass/lib/qp/source/qxk.o
                0x00004dc8                QP::QXKIdleThread::~QXKIdleThread()
                0x00004dc8                QP::QXKIdleThread::~QXKIdleThread()
 .text._ZN2QP13QXKIdleThreadD0Ev
                0x00004ddc       0x12 build/dspBass/lib/qp/source/qxk.o
                0x00004ddc                QP::QXKIdleThread::~QXKIdleThread()
 *fill*         0x00004dee        0x2 
 .text._ZN2QP2QF4initEv
                0x00004df0       0x60 build/dspBass/lib/qp/source/qxk.o
                0x00004df0                QP::QF::init()
 .text.QXK_sched_
                0x00004e50       0x60 build/dspBass/lib/qp/source/qxk.o
                0x00004e50                QXK_sched_
 .text.QXK_activate_
                0x00004eb0       0x90 build/dspBass/lib/qp/source/qxk.o
                0x00004eb0                QXK_activate_
 .text._ZN2QP2QF3runEv
                0x00004f40       0x28 build/dspBass/lib/qp/source/qxk.o
                0x00004f40                QP::QF::run()
 .text._ZN2QP7QActive5startEjPPKNS_4QEvtEjPvjS3_
                0x00004f68       0x78 build/dspBass/lib/qp/source/qxk.o
                0x00004f68                QP::QActive::start(unsigned int, QP::QEvt const**, unsigned int, void*, unsigned int, QP::QEvt const*)
 .text.startup._GLOBAL__sub_I_QXK_attr_
                0x00004fe0       0x2c build/dspBass/lib/qp/source/qxk.o
 .text._ZN2QP7QXMutex4initEj
                0x0000500c        0x8 build/dspBass/lib/qp/source/qxk_mutex.o
                0x0000500c                QP::QXMutex::init(unsigned int)
 .text._ZN2QP7QXMutex4lockEv
                0x00005014       0x50 build/dspBass/lib/qp/source/qxk_mutex.o
                0x00005014                QP::QXMutex::lock()
 .text._ZN2QP7QXMutex6unlockEv
                0x00005064       0x50 build/dspBass/lib/qp/source/qxk_mutex.o
                0x00005064                QP::QXMutex::unlock()
 .text._ZN2FW3EvtnwEj
                0x000050b4        0xc build/dspBass/lib/qp/extras/fw_evt.o
                0x000050b4                FW::Evt::operator new(unsigned int)
 .text._ZdlPv   0x000050c0        0x8 build/dspBass/source/bsp.o
                0x000050c0                operator delete(void*)
 .text._Znwj    0x000050c8        0x8 build/dspBass/source/bsp.o
                0x000050c8                operator new(unsigned int)
 .text._Z7BspInitv
                0x000050d0       0x38 build/dspBass/source/bsp.o
                0x000050d0                BspInit()
 .text.SysTick_Handler
                0x00005108       0x6c build/dspBass/source/bsp.o
                0x00005108                SysTick_Handler
 .text.USB_Handler
                0x00005174       0x14 build/dspBass/source/bsp.o
                0x00005174                USB_Handler
 .text.USB_SetHandler
                0x00005188        0xc build/dspBass/source/bsp.o
                0x00005188                USB_SetHandler
 .text._ZN2QP2QF9onStartupEv
                0x00005194       0xd0 build/dspBass/source/bsp.o
                0x00005194                QP::QF::onStartup()
 .text._ZN2QP3QXK6onIdleEv
                0x00005264        0x4 build/dspBass/source/bsp.o
                0x00005264                QP::QXK::onIdle()
 .text.Q_onAssert
                0x00005268        0x6 build/dspBass/source/bsp.o
                0x00005268                Q_onAssert
 .text.assert_failed
                0x0000526e        0x4 build/dspBass/source/bsp.o
                0x0000526e                assert_failed
 *fill*         0x00005272        0x2 
 .text.initiateReset
                0x00005274        0xc build/dspBass/source/bsp.o
                0x00005274                initiateReset
 .text.cancelReset
                0x00005280       0x10 build/dspBass/source/bsp.o
                0x00005280                cancelReset
 .text.tickReset
                0x00005290       0x40 build/dspBass/source/bsp.o
                0x00005290                tickReset
 .text._ZN2FW4PipeIhE10WriteBlockEPKhm
                0x000052d0       0x44 build/dspBass/source/AOADC.o
                0x000052d0                FW::Pipe<unsigned char>::WriteBlock(unsigned char const*, unsigned long)
 .text._ZN8AOSERCOM4RootEPS_PKN2QP4QEvtE
                0x00005314       0x2c build/dspBass/source/AOSERCOM.o
                0x00005314                AOSERCOM::Root(AOSERCOM*, QP::QEvt const*)
 .text._ZN8AOSERCOM18InitialPseudoStateEPS_PKN2QP4QEvtE
                0x00005340       0x48 build/dspBass/source/AOSERCOM.o
                0x00005340                AOSERCOM::InitialPseudoState(AOSERCOM*, QP::QEvt const*)
 .text._ZN8AOSERCOM7StoppedEPS_PKN2QP4QEvtE
                0x00005388       0xa0 build/dspBass/source/AOSERCOM.o
                0x00005388                AOSERCOM::Stopped(AOSERCOM*, QP::QEvt const*)
 .text._ZN8AOSERCOM7StartedEPS_PKN2QP4QEvtE
                0x00005428       0x50 build/dspBass/source/AOSERCOM.o
                0x00005428                AOSERCOM::Started(AOSERCOM*, QP::QEvt const*)
 .text._ZN8AOSERCOMD2Ev
                0x00005478       0x14 build/dspBass/source/AOSERCOM.o
                0x00005478                AOSERCOM::~AOSERCOM()
                0x00005478                AOSERCOM::~AOSERCOM()
 .text._ZN8AOSERCOMD0Ev
                0x0000548c       0x12 build/dspBass/source/AOSERCOM.o
                0x0000548c                AOSERCOM::~AOSERCOM()
 *fill*         0x0000549e        0x2 
 .text._ZN8AOSERCOMC2EP6Sercomhh
                0x000054a0       0x38 build/dspBass/source/AOSERCOM.o
                0x000054a0                AOSERCOM::AOSERCOM(Sercom*, unsigned char, unsigned char)
                0x000054a0                AOSERCOM::AOSERCOM(Sercom*, unsigned char, unsigned char)
 .text.sercom_handler
                0x000054d8       0x3c build/dspBass/source/AOSERCOM.o
                0x000054d8                sercom_handler
 .text.SERCOM0_Handler
                0x00005514       0x28 build/dspBass/source/AOSERCOM.o
                0x00005514                SERCOM0_Handler
 .text._ZN2FW4PipeIhE9ReadBlockEPhm
                0x0000553c       0x44 build/dspBass/source/AOSERCOM.o
                0x0000553c                FW::Pipe<unsigned char>::ReadBlock(unsigned char*, unsigned long)
 .text._ZN2FW4PipeIhE10ReadNoCritEPhmPb
                0x00005580       0x70 build/dspBass/source/AOSERCOM.o
                0x00005580                FW::Pipe<unsigned char>::ReadNoCrit(unsigned char*, unsigned long, bool*)
 .text._ZN8AOSERCOM4UARTEPS_PKN2QP4QEvtE
                0x000055f0      0x250 build/dspBass/source/AOSERCOM.o
                0x000055f0                AOSERCOM::UART(AOSERCOM*, QP::QEvt const*)
 .text._ZN5AOUSB4RootEPS_PKN2QP4QEvtE
                0x00005840       0x2c build/dspBass/source/AOUSB.o
                0x00005840                AOUSB::Root(AOUSB*, QP::QEvt const*)
 .text._ZN5AOUSB18InitialPseudoStateEPS_PKN2QP4QEvtE
                0x0000586c       0x20 build/dspBass/source/AOUSB.o
                0x0000586c                AOUSB::InitialPseudoState(AOUSB*, QP::QEvt const*)
 .text._ZN5AOUSB7StartedEPS_PKN2QP4QEvtE
                0x0000588c       0x50 build/dspBass/source/AOUSB.o
                0x0000588c                AOUSB::Started(AOUSB*, QP::QEvt const*)
 .text._ZN5AOUSB7StoppedEPS_PKN2QP4QEvtE
                0x000058dc       0x90 build/dspBass/source/AOUSB.o
                0x000058dc                AOUSB::Stopped(AOUSB*, QP::QEvt const*)
 .text._ZN5AOUSBD2Ev
                0x0000596c       0x14 build/dspBass/source/AOUSB.o
                0x0000596c                AOUSB::~AOUSB()
                0x0000596c                AOUSB::~AOUSB()
 .text._ZN5AOUSBD0Ev
                0x00005980       0x12 build/dspBass/source/AOUSB.o
                0x00005980                AOUSB::~AOUSB()
 *fill*         0x00005992        0x2 
 .text._ZN5AOUSBC2Ev
                0x00005994       0x2c build/dspBass/source/AOUSB.o
                0x00005994                AOUSB::AOUSB()
                0x00005994                AOUSB::AOUSB()
 .text._ZN5AOUSB15ReceiveCallbackEv
                0x000059c0       0xa4 build/dspBass/source/AOUSB.o
                0x000059c0                AOUSB::ReceiveCallback()
 .text._Z16CDC_GetInterfacePh
                0x00005a64       0x1c build/dspBass/source/USB/CDC.o
                0x00005a64                CDC_GetInterface(unsigned char*)
 .text._Z9CDC_SetupR8USBSetup
                0x00005a80       0x7c build/dspBass/source/USB/CDC.o
                0x00005a80                CDC_Setup(USBSetup&)
 .text._ZN14USBDeviceClass6initEPEmm.part.5
                0x00005afc       0x88 build/dspBass/source/USB/USBCore.o
 .text._ZN20USBDevice_SAMD21G18x5resetEv
                0x00005b84       0x24 build/dspBass/source/USB/USBCore.o
                0x00005b84                USBDevice_SAMD21G18x::reset()
 .text._ZN20USBDevice_SAMD21G18x9calibrateEv
                0x00005ba8       0x60 build/dspBass/source/USB/USBCore.o
                0x00005ba8                USBDevice_SAMD21G18x::calibrate()
 .text._ZN7__GuardC2Ev
                0x00005c08        0xe build/dspBass/source/USB/USBCore.o
                0x00005c08                __Guard::__Guard()
                0x00005c08                __Guard::__Guard()
 .text._ZN7__GuardD2Ev
                0x00005c16        0xe build/dspBass/source/USB/USBCore.o
                0x00005c16                __Guard::~__Guard()
                0x00005c16                __Guard::~__Guard()
 .text._ZNK26DoubleBufferedEPOutHandler9availableEv
                0x00005c24       0x5e build/dspBass/source/USB/USBCore.o
                0x00005c24                DoubleBufferedEPOutHandler::available() const
 *fill*         0x00005c82        0x2 
 .text._ZN26DoubleBufferedEPOutHandler7releaseEv
                0x00005c84       0x44 build/dspBass/source/USB/USBCore.o
                0x00005c84                DoubleBufferedEPOutHandler::release()
 .text._ZN26DoubleBufferedEPOutHandler4recvEPvm
                0x00005cc8      0x11e build/dspBass/source/USB/USBCore.o
                0x00005cc8                DoubleBufferedEPOutHandler::recv(void*, unsigned long)
 .text._ZN26DoubleBufferedEPOutHandler14handleEndpointEv
                0x00005de6       0xb6 build/dspBass/source/USB/USBCore.o
                0x00005de6                DoubleBufferedEPOutHandler::handleEndpoint()
 .text._ZN14USBDeviceClass14SendInterfacesEPm
                0x00005e9c       0x1c build/dspBass/source/USB/USBCore.o
                0x00005e9c                USBDeviceClass::SendInterfaces(unsigned long*)
 .text._ZN14USBDeviceClass14handleEndpointEh
                0x00005eb8       0x44 build/dspBass/source/USB/USBCore.o
                0x00005eb8                USBDeviceClass::handleEndpoint(unsigned char)
 .text._ZN14USBDeviceClass4initEv
                0x00005efc       0xa8 build/dspBass/source/USB/USBCore.o
                0x00005efc                USBDeviceClass::init()
 .text._ZN14USBDeviceClass6attachEv
                0x00005fa4       0x34 build/dspBass/source/USB/USBCore.o
                0x00005fa4                USBDeviceClass::attach()
 .text._ZN14USBDeviceClass10setAddressEm
                0x00005fd8       0x48 build/dspBass/source/USB/USBCore.o
                0x00005fd8                USBDeviceClass::setAddress(unsigned long)
 .text._ZN14USBDeviceClass6detachEv
                0x00006020       0x18 build/dspBass/source/USB/USBCore.o
                0x00006020                USBDeviceClass::detach()
 .text._ZN14USBDeviceClass25handleClassInterfaceSetupER8USBSetup
                0x00006038       0x28 build/dspBass/source/USB/USBCore.o
                0x00006038                USBDeviceClass::handleClassInterfaceSetup(USBSetup&)
 .text._ZN14USBDeviceClass6initEPEmm
                0x00006060      0x120 build/dspBass/source/USB/USBCore.o
                0x00006060                USBDeviceClass::initEP(unsigned long, unsigned long)
 .text._ZN14USBDeviceClass13initEndpointsEv
                0x00006180       0x24 build/dspBass/source/USB/USBCore.o
                0x00006180                USBDeviceClass::initEndpoints()
 .text._ZN14USBDeviceClass9availableEm
                0x000061a4       0x2c build/dspBass/source/USB/USBCore.o
                0x000061a4                USBDeviceClass::available(unsigned long)
 .text._ZN14USBDeviceClass14armRecvCtrlOUTEm
                0x000061d0       0x5c build/dspBass/source/USB/USBCore.o
                0x000061d0                USBDeviceClass::armRecvCtrlOUT(unsigned long)
 .text._ZN14USBDeviceClass11recvControlEPvm
                0x0000622c       0x3c build/dspBass/source/USB/USBCore.o
                0x0000622c                USBDeviceClass::recvControl(void*, unsigned long)
 .text._ZN14USBDeviceClass7armRecvEm
                0x00006268       0x38 build/dspBass/source/USB/USBCore.o
                0x00006268                USBDeviceClass::armRecv(unsigned long)
 .text._ZN14USBDeviceClass4recvEmPvm
                0x000062a0       0xc0 build/dspBass/source/USB/USBCore.o
                0x000062a0                USBDeviceClass::recv(unsigned long, void*, unsigned long)
 .text._ZN14USBDeviceClass4recvEm
                0x00006360       0x1c build/dspBass/source/USB/USBCore.o
                0x00006360                USBDeviceClass::recv(unsigned long)
 .text._ZN14USBDeviceClass4sendEmPKvm
                0x0000637c       0xf8 build/dspBass/source/USB/USBCore.o
                0x0000637c                USBDeviceClass::send(unsigned long, void const*, unsigned long)
 .text._ZN14USBDeviceClass7armSendEmPKvm
                0x00006474       0x48 build/dspBass/source/USB/USBCore.o
                0x00006474                USBDeviceClass::armSend(unsigned long, void const*, unsigned long)
 .text._ZN14USBDeviceClass11sendControlEPKvm
                0x000064bc       0x54 build/dspBass/source/USB/USBCore.o
                0x000064bc                USBDeviceClass::sendControl(void const*, unsigned long)
 .text._ZN14USBDeviceClass20sendStringDescriptorEPKhh
                0x00006510       0x64 build/dspBass/source/USB/USBCore.o
                0x00006510                USBDeviceClass::sendStringDescriptor(unsigned char const*, unsigned char)
 .text._ZN14USBDeviceClass17sendConfigurationEm
                0x00006574       0x94 build/dspBass/source/USB/USBCore.o
                0x00006574                USBDeviceClass::sendConfiguration(unsigned long)
 .text._ZN14USBDeviceClass14sendDescriptorER8USBSetup
                0x00006608       0x74 build/dspBass/source/USB/USBCore.o
                0x00006608                USBDeviceClass::sendDescriptor(USBSetup&)
 .text._ZN14USBDeviceClass19handleStandardSetupER8USBSetup
                0x0000667c      0x108 build/dspBass/source/USB/USBCore.o
                0x0000667c                USBDeviceClass::handleStandardSetup(USBSetup&)
 .text._ZN14USBDeviceClass10ISRHandlerEv
                0x00006784      0x10c build/dspBass/source/USB/USBCore.o
                0x00006784                USBDeviceClass::ISRHandler()
 .text.UDD_Handler
                0x00006890       0x28 build/dspBass/source/USB/USBCore.o
                0x00006890                UDD_Handler
 .text.startup._GLOBAL__sub_I__ZN20USBDevice_SAMD21G18x5resetEv
                0x000068b8       0x10 build/dspBass/source/USB/USBCore.o
 .text._ZN8Delegate4RootEPS_PKN2QP4QEvtE
                0x000068c8       0x2c build/dspBass/source/Delegate.o
                0x000068c8                Delegate::Root(Delegate*, QP::QEvt const*)
 .text._ZN8Delegate18InitialPseudoStateEPS_PKN2QP4QEvtE
                0x000068f4       0x30 build/dspBass/source/Delegate.o
                0x000068f4                Delegate::InitialPseudoState(Delegate*, QP::QEvt const*)
 .text._ZN8Delegate7StoppedEPS_PKN2QP4QEvtE
                0x00006924       0x78 build/dspBass/source/Delegate.o
                0x00006924                Delegate::Stopped(Delegate*, QP::QEvt const*)
 .text._ZN8DelegateD2Ev
                0x0000699c       0x14 build/dspBass/source/Delegate.o
                0x0000699c                Delegate::~Delegate()
                0x0000699c                Delegate::~Delegate()
 .text._ZN8DelegateD0Ev
                0x000069b0       0x12 build/dspBass/source/Delegate.o
                0x000069b0                Delegate::~Delegate()
 *fill*         0x000069c2        0x2 
 .text._ZN8DelegateC2Ev
                0x000069c4       0x2c build/dspBass/source/Delegate.o
                0x000069c4                Delegate::Delegate()
                0x000069c4                Delegate::Delegate()
 .text._ZN8Delegate11intCallbackEv
                0x000069f0       0x16 build/dspBass/source/Delegate.o
                0x000069f0                Delegate::intCallback()
 .text._ZN8Delegate10break32BitEmPh
                0x00006a06       0x10 build/dspBass/source/Delegate.o
                0x00006a06                Delegate::break32Bit(unsigned long, unsigned char*)
 *fill*         0x00006a16        0x2 
 .text._ZN2FW4PipeIhE5WriteEPKhmPb
                0x00006a18       0x98 build/dspBass/source/Delegate.o
                0x00006a18                FW::Pipe<unsigned char>::Write(unsigned char const*, unsigned long, bool*)
 .text._ZN2FW4PipeIhE4ReadEPhmPb
                0x00006ab0       0x7c build/dspBass/source/Delegate.o
                0x00006ab0                FW::Pipe<unsigned char>::Read(unsigned char*, unsigned long, bool*)
 .text._ZN8Delegate7discardEPN2FW4PipeIhEEh
                0x00006b2c       0x20 build/dspBass/source/Delegate.o
                0x00006b2c                Delegate::discard(FW::Pipe<unsigned char>*, unsigned char)
 .text._ZN8Delegate7StartedEPS_PKN2QP4QEvtE
                0x00006b4c      0x4e4 build/dspBass/source/Delegate.o
                0x00006b4c                Delegate::Started(Delegate*, QP::QEvt const*)
 .text._ZN8I2CSlave4RootEPS_PKN2QP4QEvtE
                0x00007030       0x2c build/dspBass/source/I2CSlave.o
                0x00007030                I2CSlave::Root(I2CSlave*, QP::QEvt const*)
 .text._ZN8I2CSlave18InitialPseudoStateEPS_PKN2QP4QEvtE
                0x0000705c       0x48 build/dspBass/source/I2CSlave.o
                0x0000705c                I2CSlave::InitialPseudoState(I2CSlave*, QP::QEvt const*)
 .text._ZN8I2CSlave4BusyEPS_PKN2QP4QEvtE
                0x000070a4       0x84 build/dspBass/source/I2CSlave.o
                0x000070a4                I2CSlave::Busy(I2CSlave*, QP::QEvt const*)
 .text._ZN8I2CSlaveD2Ev
                0x00007128       0x14 build/dspBass/source/I2CSlave.o
                0x00007128                I2CSlave::~I2CSlave()
                0x00007128                I2CSlave::~I2CSlave()
 .text._ZN8I2CSlaveD0Ev
                0x0000713c       0x12 build/dspBass/source/I2CSlave.o
                0x0000713c                I2CSlave::~I2CSlave()
 *fill*         0x0000714e        0x2 
 .text._ZN8I2CSlaveC2EP6Sercom
                0x00007150       0x3c build/dspBass/source/I2CSlave.o
                0x00007150                I2CSlave::I2CSlave(Sercom*)
                0x00007150                I2CSlave::I2CSlave(Sercom*)
 .text._ZN8I2CSlave15ReceiveCallbackEhhh
                0x0000718c       0x22 build/dspBass/source/I2CSlave.o
                0x0000718c                I2CSlave::ReceiveCallback(unsigned char, unsigned char, unsigned char)
 .text._ZN2FW4PipeIhE5ResetEv
                0x000071ae       0x14 build/dspBass/source/I2CSlave.o
                0x000071ae                FW::Pipe<unsigned char>::Reset()
 *fill*         0x000071c2        0x2 
 .text._ZN8I2CSlave7StoppedEPS_PKN2QP4QEvtE
                0x000071c4      0x114 build/dspBass/source/I2CSlave.o
                0x000071c4                I2CSlave::Stopped(I2CSlave*, QP::QEvt const*)
 .text._ZN8I2CSlave7StartedEPS_PKN2QP4QEvtE
                0x000072d8       0x8c build/dspBass/source/I2CSlave.o
                0x000072d8                I2CSlave::Started(I2CSlave*, QP::QEvt const*)
 .text._ZN8I2CSlave4IdleEPS_PKN2QP4QEvtE
                0x00007364       0xc4 build/dspBass/source/I2CSlave.o
                0x00007364                I2CSlave::Idle(I2CSlave*, QP::QEvt const*)
 .text.SERCOM4_Handler
                0x00007428      0x1d0 build/dspBass/source/I2CSlave.o
                0x00007428                SERCOM4_Handler
 .text._Z10board_initv
                0x000075f8      0x198 build/dspBass/source/main.o
                0x000075f8                board_init()
 .text._ZN6SystemD2Ev
                0x00007790       0x14 build/dspBass/source/main.o
                0x00007790                System::~System()
                0x00007790                System::~System()
 .text._ZN6SystemD0Ev
                0x000077a4       0x12 build/dspBass/source/main.o
                0x000077a4                System::~System()
 *fill*         0x000077b6        0x2 
 .text.startup.main
                0x000077b8      0x128 build/dspBass/source/main.o
                0x000077b8                main
 .text.startup._GLOBAL__sub_I__Z10board_initv
                0x000078e0       0x9c build/dspBass/source/main.o
 .text._ZN6System4RootEPS_PKN2QP4QEvtE
                0x0000797c       0x3c build/dspBass/source/System.o
                0x0000797c                System::Root(System*, QP::QEvt const*)
 .text._ZN6System7StartedEPS_PKN2QP4QEvtE
                0x000079b8       0x24 build/dspBass/source/System.o
                0x000079b8                System::Started(System*, QP::QEvt const*)
 .text._ZN2FW4PipeIhED2Ev
                0x000079dc        0x2 build/dspBass/source/System.o
                0x000079dc                FW::Pipe<unsigned char>::~Pipe()
                0x000079dc                FW::Pipe<unsigned char>::~Pipe()
 .text._ZN2FW4PipeIhED0Ev
                0x000079de        0xc build/dspBass/source/System.o
                0x000079de                FW::Pipe<unsigned char>::~Pipe()
 *fill*         0x000079ea        0x2 
 .text._ZN6System18InitialPseudoStateEPS_PKN2QP4QEvtE
                0x000079ec       0x70 build/dspBass/source/System.o
                0x000079ec                System::InitialPseudoState(System*, QP::QEvt const*)
 .text._ZN6System7StoppedEPS_PKN2QP4QEvtE
                0x00007a5c       0x4c build/dspBass/source/System.o
                0x00007a5c                System::Stopped(System*, QP::QEvt const*)
 .text._ZN6System9HandleCfmERKN2FW8ErrorEvtEh
                0x00007aa8       0x4a build/dspBass/source/System.o
                0x00007aa8                System::HandleCfm(FW::ErrorEvt const&, unsigned char)
 *fill*         0x00007af2        0x2 
 .text._ZN6System8StoppingEPS_PKN2QP4QEvtE
                0x00007af4       0xf8 build/dspBass/source/System.o
                0x00007af4                System::Stopping(System*, QP::QEvt const*)
 .text._ZN6System8StartingEPS_PKN2QP4QEvtE
                0x00007bec      0x108 build/dspBass/source/System.o
                0x00007bec                System::Starting(System*, QP::QEvt const*)
 .text._ZN2FW4PipeIhEC2EPhh
                0x00007cf4       0x3c build/dspBass/source/System.o
                0x00007cf4                FW::Pipe<unsigned char>::Pipe(unsigned char*, unsigned char)
                0x00007cf4                FW::Pipe<unsigned char>::Pipe(unsigned char*, unsigned char)
 .text._ZN6SystemC2Ev
                0x00007d30       0x7c build/dspBass/source/System.o
                0x00007d30                System::System()
                0x00007d30                System::System()
 .text._Z13pinPeripheralhm
                0x00007dac       0x54 build/dspBass/bsp/bsp_gpio.o
                0x00007dac                pinPeripheral(unsigned char, unsigned long)
 .text._Z13gpio_set_inenmh
                0x00007e00       0x34 build/dspBass/bsp/bsp_gpio.o
                0x00007e00                gpio_set_inen(unsigned long, unsigned char)
 .text._Z19gpio_pullenset_bulkmh
                0x00007e34       0x2c build/dspBass/bsp/bsp_gpio.o
                0x00007e34                gpio_pullenset_bulk(unsigned long, unsigned char)
 .text._Z19gpio_pullenclr_bulkmh
                0x00007e60       0x2c build/dspBass/bsp/bsp_gpio.o
                0x00007e60                gpio_pullenclr_bulk(unsigned long, unsigned char)
 .text._Z17sendDataSlaveWIREP6Sercomh
                0x00007e8c       0x1c build/dspBass/bsp/bsp_sercom.o
                0x00007e8c                sendDataSlaveWIRE(Sercom*, unsigned char)
 .text._Z18prepareNackBitWIREP6Sercom
                0x00007ea8        0xe build/dspBass/bsp/bsp_sercom.o
                0x00007ea8                prepareNackBitWIRE(Sercom*)
 *fill*         0x00007eb6        0x2 
 .text._Z17prepareAckBitWIREP6Sercom
                0x00007eb8       0x10 build/dspBass/bsp/bsp_sercom.o
                0x00007eb8                prepareAckBitWIRE(Sercom*)
 .text._Z22prepareCommandBitsWireP6Sercomh
                0x00007ec8       0x38 build/dspBass/bsp/bsp_sercom.o
                0x00007ec8                prepareCommandBitsWire(Sercom*, unsigned char)
 .text._Z12readDataWIREP6Sercom
                0x00007f00       0x18 build/dspBass/bsp/bsp_sercom.o
                0x00007f00                readDataWIRE(Sercom*)
 .text._Z9initClockP6Sercom
                0x00007f18       0x6c build/dspBass/bsp/bsp_sercom.o
                0x00007f18                initClock(Sercom*)
 .text._Z9resetWIREP6Sercom
                0x00007f84       0x16 build/dspBass/bsp/bsp_sercom.o
                0x00007f84                resetWIRE(Sercom*)
 .text._Z10enableWIREP6Sercom
                0x00007f9a       0x24 build/dspBass/bsp/bsp_sercom.o
                0x00007f9a                enableWIRE(Sercom*)
 .text._Z13initSlaveWIREP6Sercomh
                0x00007fbe       0x32 build/dspBass/bsp/bsp_sercom.o
                0x00007fbe                initSlaveWIRE(Sercom*, unsigned char)
 .text._Z9resetUARTP6Sercom
                0x00007ff0       0x16 build/dspBass/bsp/bsp_sercom.o
                0x00007ff0                resetUART(Sercom*)
 *fill*         0x00008006        0x2 
 .text._Z8initUARTP6Sercom20SercomUartSampleRatem
                0x00008008       0x58 build/dspBass/bsp/bsp_sercom.o
                0x00008008                initUART(Sercom*, SercomUartSampleRate, unsigned long)
 .text._Z9initFrameP6Sercom18SercomUartCharSize15SercomDataOrder16SercomParityMode19SercomNumberStopBit
                0x00008060       0x32 build/dspBass/bsp/bsp_sercom.o
                0x00008060                initFrame(Sercom*, SercomUartCharSize, SercomDataOrder, SercomParityMode, SercomNumberStopBit)
 .text._Z8initPadsP6Sercom15SercomUartTXPad11SercomRXPad
                0x00008092       0x22 build/dspBass/bsp/bsp_sercom.o
                0x00008092                initPads(Sercom*, SercomUartTXPad, SercomRXPad)
 .text._Z13writeDataUARTP6Sercomh
                0x000080b4        0xe build/dspBass/bsp/bsp_sercom.o
                0x000080b4                writeDataUART(Sercom*, unsigned char)
 .text._Z10enableUARTP6Sercom
                0x000080c2       0x1c build/dspBass/bsp/bsp_sercom.o
                0x000080c2                enableUART(Sercom*)
 .text._Z11disableUARTP6Sercom
                0x000080de       0x1c build/dspBass/bsp/bsp_sercom.o
                0x000080de                disableUART(Sercom*)
 *fill*         0x000080fa        0x2 
 .text._Z11setUARTBaudP6Sercomm
                0x000080fc       0x40 build/dspBass/bsp/bsp_sercom.o
                0x000080fc                setUARTBaud(Sercom*, unsigned long)
 .text          0x0000813c       0x14 c:/arm/2017-q2-update/bin/../lib/gcc/arm-none-eabi/6.3.1/thumb/v6-m\libgcc.a(_thumb1_case_uqi.o)
                0x0000813c                __gnu_thumb1_case_uqi
 .text          0x00008150       0x14 c:/arm/2017-q2-update/bin/../lib/gcc/arm-none-eabi/6.3.1/thumb/v6-m\libgcc.a(_thumb1_case_shi.o)
                0x00008150                __gnu_thumb1_case_shi
 .text          0x00008164       0x14 c:/arm/2017-q2-update/bin/../lib/gcc/arm-none-eabi/6.3.1/thumb/v6-m\libgcc.a(_thumb1_case_uhi.o)
                0x00008164                __gnu_thumb1_case_uhi
 .text          0x00008178      0x114 c:/arm/2017-q2-update/bin/../lib/gcc/arm-none-eabi/6.3.1/thumb/v6-m\libgcc.a(_udivsi3.o)
                0x00008178                __aeabi_uidiv
                0x00008178                __udivsi3
                0x00008284                __aeabi_uidivmod
 .text          0x0000828c        0x4 c:/arm/2017-q2-update/bin/../lib/gcc/arm-none-eabi/6.3.1/thumb/v6-m\libgcc.a(_dvmd_tls.o)
                0x0000828c                __aeabi_idiv0
                0x0000828c                __aeabi_ldiv0
 .text.__aeabi_atexit
                0x00008290        0xe c:/arm/2017-q2-update/bin/../lib/gcc/arm-none-eabi/6.3.1/../../../../arm-none-eabi/lib/thumb/v6-m\libg_nano.a(lib_a-aeabi_atexit.o)
                0x00008290                __aeabi_atexit
 *fill*         0x0000829e        0x2 
 .text.__cxa_atexit
                0x000082a0       0x1c c:/arm/2017-q2-update/bin/../lib/gcc/arm-none-eabi/6.3.1/../../../../arm-none-eabi/lib/thumb/v6-m\libg_nano.a(lib_a-cxa_atexit.o)
                0x000082a0                __cxa_atexit
 .text.__libc_init_array
                0x000082bc       0x48 c:/arm/2017-q2-update/bin/../lib/gcc/arm-none-eabi/6.3.1/../../../../arm-none-eabi/lib/thumb/v6-m\libg_nano.a(lib_a-init.o)
                0x000082bc                __libc_init_array
 .text.malloc   0x00008304       0x14 c:/arm/2017-q2-update/bin/../lib/gcc/arm-none-eabi/6.3.1/../../../../arm-none-eabi/lib/thumb/v6-m\libg_nano.a(lib_a-malloc.o)
                0x00008304                malloc
 .text.free     0x00008318       0x14 c:/arm/2017-q2-update/bin/../lib/gcc/arm-none-eabi/6.3.1/../../../../arm-none-eabi/lib/thumb/v6-m\libg_nano.a(lib_a-malloc.o)
                0x00008318                free
 .text.memcpy   0x0000832c       0x12 c:/arm/2017-q2-update/bin/../lib/gcc/arm-none-eabi/6.3.1/../../../../arm-none-eabi/lib/thumb/v6-m\libg_nano.a(lib_a-memcpy-stub.o)
                0x0000832c                memcpy
 .text.memset   0x0000833e       0x10 c:/arm/2017-q2-update/bin/../lib/gcc/arm-none-eabi/6.3.1/../../../../arm-none-eabi/lib/thumb/v6-m\libg_nano.a(lib_a-memset.o)
                0x0000833e                memset
 *fill*         0x0000834e        0x2 
 .text._free_r  0x00008350       0x94 c:/arm/2017-q2-update/bin/../lib/gcc/arm-none-eabi/6.3.1/../../../../arm-none-eabi/lib/thumb/v6-m\libg_nano.a(lib_a-nano-freer.o)
                0x00008350                _free_r
 .text._malloc_r
                0x000083e4       0xbc c:/arm/2017-q2-update/bin/../lib/gcc/arm-none-eabi/6.3.1/../../../../arm-none-eabi/lib/thumb/v6-m\libg_nano.a(lib_a-nano-mallocr.o)
                0x000083e4                _malloc_r
 .text._sbrk_r  0x000084a0       0x24 c:/arm/2017-q2-update/bin/../lib/gcc/arm-none-eabi/6.3.1/../../../../arm-none-eabi/lib/thumb/v6-m\libg_nano.a(lib_a-sbrkr.o)
                0x000084a0                _sbrk_r
 .text          0x000084c4        0xe c:/arm/2017-q2-update/bin/../lib/gcc/arm-none-eabi/6.3.1/../../../../arm-none-eabi/lib/thumb/v6-m\libg_nano.a(lib_a-strlen.o)
                0x000084c4                strlen
 .text.__malloc_lock
                0x000084d2        0x2 c:/arm/2017-q2-update/bin/../lib/gcc/arm-none-eabi/6.3.1/../../../../arm-none-eabi/lib/thumb/v6-m\libg_nano.a(lib_a-mlock.o)
                0x000084d2                __malloc_lock
 .text.__malloc_unlock
                0x000084d4        0x2 c:/arm/2017-q2-update/bin/../lib/gcc/arm-none-eabi/6.3.1/../../../../arm-none-eabi/lib/thumb/v6-m\libg_nano.a(lib_a-mlock.o)
                0x000084d4                __malloc_unlock
 *fill*         0x000084d6        0x2 
 .text._sbrk    0x000084d8       0x1c c:/arm/2017-q2-update/bin/../lib/gcc/arm-none-eabi/6.3.1/../../../../arm-none-eabi/lib/thumb/v6-m\libnosys.a(sbrk.o)
                0x000084d8                _sbrk
 *(.glue_7t)
 .glue_7t       0x000084f4        0x0 linker stubs
 *(.glue_7)
 .glue_7        0x000084f4        0x0 linker stubs
 *(.rodata .rodata* .gnu.linkonce.r.*)
 .rodata._ZN2QPL14Q_this_module_E
                0x000084f4        0x8 build/dspBass/lib/qp/source/qep_hsm.o
 .rodata._ZTVN2QP4QHsmE
                0x000084fc       0x1c build/dspBass/lib/qp/source/qep_hsm.o
                0x000084fc                vtable for QP::QHsm
 .rodata._ZN2QP11QF_log2LkupE
                0x00008518      0x100 build/dspBass/lib/qp/source/qf_act.o
                0x00008518                QP::QF_log2Lkup
 .rodata._ZN2QPL14Q_this_module_E
                0x00008618        0x7 build/dspBass/lib/qp/source/qf_act.o
 .rodata._ZN2QPL14Q_this_module_E
                0x0000861f        0x8 build/dspBass/lib/qp/source/qf_actq.o
 .rodata._ZN2QPL14Q_this_module_E
                0x00008627        0x7 build/dspBass/lib/qp/source/qf_dyn.o
 .rodata._ZN2QPL14Q_this_module_E
                0x0000862e        0x7 build/dspBass/lib/qp/source/qf_mem.o
 .rodata._ZN2QPL14Q_this_module_E
                0x00008635        0x6 build/dspBass/lib/qp/source/qf_ps.o
 .rodata._ZN2QPL14Q_this_module_E
                0x0000863b        0x8 build/dspBass/lib/qp/source/qf_time.o
 *fill*         0x00008643        0x1 
 .rodata._ZTVN2QP13QXKIdleThreadE
                0x00008644       0x2c build/dspBass/lib/qp/source/qxk.o
                0x00008644                vtable for QP::QXKIdleThread
 .rodata._ZN2QPL14Q_this_module_E
                0x00008670        0x4 build/dspBass/lib/qp/source/qxk.o
 .rodata._ZTVN2QP7QActiveE
                0x00008674       0x2c build/dspBass/lib/qp/source/qxk.o
                0x00008674                vtable for QP::QActive
 .rodata._ZN2QPL14Q_this_module_E
                0x000086a0        0xa build/dspBass/lib/qp/source/qxk_mutex.o
 .rodata._ZN2FW4PipeIhE10WriteBlockEPKhm.str1.1
                0x000086aa        0xa build/dspBass/source/AOADC.o
 .rodata._ZTV8AOSERCOM
                0x000086b4       0x2c build/dspBass/source/AOSERCOM.o
                0x000086b4                vtable for AOSERCOM
 .rodata._ZL14Q_this_module_
                0x000086e0       0x14 build/dspBass/source/AOSERCOM.o
 .rodata._ZN2FW4PipeIhE9ReadBlockEPhm.str1.1
                0x000086f4        0xa build/dspBass/source/AOSERCOM.o
 .rodata._ZN8AOSERCOMC2EP6Sercomhh.str1.1
                0x000086f4        0x7 build/dspBass/source/AOSERCOM.o
 *fill*         0x000086fb        0x1 
 .rodata._ZTV5AOUSB
                0x000086fc       0x2c build/dspBass/source/AOUSB.o
                0x000086fc                vtable for AOUSB
 .rodata._ZN5AOUSBC2Ev.str1.1
                0x00008728        0x4 build/dspBass/source/AOUSB.o
 .rodata._ZTV26DoubleBufferedEPOutHandler
                0x0000872c       0x14 build/dspBass/source/USB/USBCore.o
                0x0000872c                vtable for DoubleBufferedEPOutHandler
 .rodata._ZL14STRING_PRODUCT
                0x00008740        0xc build/dspBass/source/USB/USBCore.o
 .rodata._ZL15STRING_LANGUAGE
                0x0000874c        0x4 build/dspBass/source/USB/USBCore.o
 .rodata._ZL19STRING_MANUFACTURER
                0x00008750        0x8 build/dspBass/source/USB/USBCore.o
 .rodata._ZL21USB_DeviceDescriptorB
                0x00008758       0x12 build/dspBass/source/USB/USBCore.o
 *fill*         0x0000876a        0x2 
 .rodata._ZTV8Delegate
                0x0000876c       0x2c build/dspBass/source/Delegate.o
                0x0000876c                vtable for Delegate
 .rodata._ZL14Q_this_module_
                0x00008798       0x14 build/dspBass/source/Delegate.o
 .rodata._ZN2FW4PipeIhE10WriteBlockEPKhm.str1.1
                0x000087ac        0xa build/dspBass/source/Delegate.o
 .rodata._ZN8DelegateC2Ev.str1.1
                0x000087ac        0x9 build/dspBass/source/Delegate.o
 *fill*         0x000087b5        0x3 
 .rodata._ZTV8I2CSlave
                0x000087b8       0x2c build/dspBass/source/I2CSlave.o
                0x000087b8                vtable for I2CSlave
 .rodata._ZN8I2CSlaveC2EP6Sercom.str1.1
                0x000087e4        0xa build/dspBass/source/I2CSlave.o
 *fill*         0x000087ee        0x2 
 .rodata._ZTV6System
                0x000087f0       0x2c build/dspBass/source/main.o
                0x000087f0                vtable for System
 .rodata._ZTVN2FW4PipeIhEE
                0x0000881c       0x10 build/dspBass/source/System.o
                0x0000881c                vtable for FW::Pipe<unsigned char>
 .rodata._ZL14Q_this_module_
                0x0000882c       0x12 build/dspBass/source/System.o
 .rodata._ZN2FW4PipeIhEC2EPhh.str1.1
                0x0000883e        0xa build/dspBass/source/System.o
 .rodata._ZN6SystemC2Ev.str1.1
                0x0000883e        0x7 build/dspBass/source/System.o
 *(.ARM.extab* .gnu.linkonce.armextab.*)
                0x00008848                . = ALIGN (0x4)
 *fill*         0x00008845        0x3 
 *(.init)
 .init          0x00008848        0x4 c:/arm/2017-q2-update/bin/../lib/gcc/arm-none-eabi/6.3.1/thumb/v6-m/crti.o
                0x00008848                _init
 .init          0x0000884c        0x8 c:/arm/2017-q2-update/bin/../lib/gcc/arm-none-eabi/6.3.1/thumb/v6-m/crtn.o
                0x00008854                . = ALIGN (0x4)
                0x00008854                __preinit_array_start = .
 *(.preinit_array)
                0x00008854                __preinit_array_end = .
                0x00008854                . = ALIGN (0x4)
                0x00008854                __init_array_start = .
 *(SORT(.init_array.*))
 *(.init_array)
 .init_array    0x00008854        0x4 c:/arm/2017-q2-update/bin/../lib/gcc/arm-none-eabi/6.3.1/thumb/v6-m/crtbegin.o
 .init_array    0x00008858        0x4 build/dspBass/lib/qp/source/qep_hsm.o
 .init_array    0x0000885c        0x4 build/dspBass/lib/qp/source/qf_dyn.o
 .init_array    0x00008860        0x4 build/dspBass/lib/qp/source/qf_time.o
 .init_array    0x00008864        0x4 build/dspBass/lib/qp/source/qxk.o
 .init_array    0x00008868        0x4 build/dspBass/source/USB/USBCore.o
 .init_array    0x0000886c        0x4 build/dspBass/source/main.o
                0x00008870                __init_array_end = .
                0x00008870                . = ALIGN (0x4)
 *crtbegin.o(.ctors)
 *(EXCLUDE_FILE(*crtend.o) .ctors)
 *(SORT(.ctors.*))
 *crtend.o(.ctors)
                0x00008870                . = ALIGN (0x4)
 *(.fini)
 .fini          0x00008870        0x4 c:/arm/2017-q2-update/bin/../lib/gcc/arm-none-eabi/6.3.1/thumb/v6-m/crti.o
                0x00008870                _fini
 .fini          0x00008874        0x8 c:/arm/2017-q2-update/bin/../lib/gcc/arm-none-eabi/6.3.1/thumb/v6-m/crtn.o
                0x0000887c                . = ALIGN (0x4)
                0x0000887c                __fini_array_start = .
 *(.fini_array)
 .fini_array    0x0000887c        0x4 c:/arm/2017-q2-update/bin/../lib/gcc/arm-none-eabi/6.3.1/thumb/v6-m/crtbegin.o
 *(SORT(.fini_array.*))
                0x00008880                __fini_array_end = .
 *crtbegin.o(.dtors)
 *(EXCLUDE_FILE(*crtend.o) .dtors)
 *(SORT(.dtors.*))
 *crtend.o(.dtors)
                0x00008880                . = ALIGN (0x4)
                0x00008880                _efixed = .
                [!provide]                PROVIDE (__exidx_start, .)

.vfp11_veneer   0x00008880        0x0
 .vfp11_veneer  0x00008880        0x0 linker stubs

.v4_bx          0x00008880        0x0
 .v4_bx         0x00008880        0x0 linker stubs

.iplt           0x00008880        0x0
 .iplt          0x00008880        0x0 c:/arm/2017-q2-update/bin/../lib/gcc/arm-none-eabi/6.3.1/thumb/v6-m/crtbegin.o

.eh_frame       0x00008880        0x0
 .eh_frame      0x00008880        0x0 c:/arm/2017-q2-update/bin/../lib/gcc/arm-none-eabi/6.3.1/thumb/v6-m/crtbegin.o

.rel.dyn        0x00008880        0x0
 .rel.iplt      0x00008880        0x0 c:/arm/2017-q2-update/bin/../lib/gcc/arm-none-eabi/6.3.1/thumb/v6-m/crtbegin.o

.jcr            0x00008880        0x0
 .jcr           0x00008880        0x0 c:/arm/2017-q2-update/bin/../lib/gcc/arm-none-eabi/6.3.1/thumb/v6-m/crtbegin.o

.igot.plt       0x00008880        0x0
 .igot.plt      0x00008880        0x0 c:/arm/2017-q2-update/bin/../lib/gcc/arm-none-eabi/6.3.1/thumb/v6-m/crtbegin.o

.ARM.exidx
 *(.ARM.exidx* .gnu.linkonce.armexidx.*)
                [!provide]                PROVIDE (__exidx_end, .)
                0x00008880                . = ALIGN (0x4)
                0x00008880                _etext = .

.relocate       0x20000000       0xd0 load address 0x00008880
                0x20000000                . = ALIGN (0x4)
                0x20000000                _srelocate = .
 *(.ramfunc .ramfunc.*)
 *(.data .data.*)
 .data          0x20000000        0x4 c:/arm/2017-q2-update/bin/../lib/gcc/arm-none-eabi/6.3.1/thumb/v6-m/crtbegin.o
                0x20000000                __dso_handle
 .data          0x20000004        0x4 build/dspBass/Device_Startup/system_samd21.o
                0x20000004                SystemCoreClock
 .data._ZN2QPL5ticksE
                0x20000008        0x4 build/dspBass/source/bsp.o
 .data._ZL10breakValue
                0x2000000c        0x4 build/dspBass/source/USB/CDC.o
 .data._ZL12_usbLineInfo
                0x20000010        0x8 build/dspBass/source/USB/CDC.o
 .data._ZL13_cdcInterface
                0x20000018       0x42 build/dspBass/source/USB/CDC.o
 *fill*         0x2000005a        0x2 
 .data.EndPoints
                0x2000005c       0x10 build/dspBass/source/USB/USBCore.o
                0x2000005c                EndPoints
 .data._impure_ptr
                0x2000006c        0x4 c:/arm/2017-q2-update/bin/../lib/gcc/arm-none-eabi/6.3.1/../../../../arm-none-eabi/lib/thumb/v6-m\libg_nano.a(lib_a-impure.o)
                0x2000006c                _impure_ptr
 .data.impure_data
                0x20000070       0x60 c:/arm/2017-q2-update/bin/../lib/gcc/arm-none-eabi/6.3.1/../../../../arm-none-eabi/lib/thumb/v6-m\libg_nano.a(lib_a-impure.o)
                0x200000d0                . = ALIGN (0x4)
                0x200000d0                _erelocate = .

.bss            0x200000d0     0x3808 load address 0x00008950
                0x200000d0                . = ALIGN (0x4)
                0x200000d0                _sbss = .
                0x200000d0                _szero = .
 *(.bss .bss.*)
 .bss           0x200000d0       0x1c c:/arm/2017-q2-update/bin/../lib/gcc/arm-none-eabi/6.3.1/thumb/v6-m/crtbegin.o
 .bss._ZN2QPL16QEP_reservedEvt_E
                0x200000ec       0x10 build/dspBass/lib/qp/source/qep_hsm.o
 .bss._ZN2QP2QF7active_E
                0x200000fc       0x84 build/dspBass/lib/qp/source/qf_act.o
                0x200000fc                QP::QF::active_
 .bss._ZN2QP11QF_maxPool_E
                0x20000180        0x4 build/dspBass/lib/qp/source/qf_dyn.o
                0x20000180                QP::QF_maxPool_
 .bss._ZN2QP8QF_pool_E
                0x20000184       0x3c build/dspBass/lib/qp/source/qf_dyn.o
                0x20000184                QP::QF_pool_
 .bss._ZN2QP14QF_subscrList_E
                0x200001c0        0x4 build/dspBass/lib/qp/source/qf_ps.o
                0x200001c0                QP::QF_subscrList_
 .bss._ZN2QP16QF_maxPubSignal_E
                0x200001c4        0x4 build/dspBass/lib/qp/source/qf_ps.o
                0x200001c4                QP::QF_maxPubSignal_
 .bss._ZN2QP2QF12timeEvtHead_E
                0x200001c8       0x20 build/dspBass/lib/qp/source/qf_time.o
                0x200001c8                QP::QF::timeEvtHead_
 .bss.QXK_attr_
                0x200001e8       0x18 build/dspBass/lib/qp/source/qxk.o
                0x200001e8                QXK_attr_
 .bss._ZN2QPL12l_idleThreadE
                0x20000200       0x34 build/dspBass/lib/qp/source/qxk.o
 .bss._ZL7usb_isr
                0x20000234        0x4 build/dspBass/source/bsp.o
 .bss._systemMs
                0x20000238        0x4 build/dspBass/source/bsp.o
                0x20000238                _systemMs
 .bss.lastGPIOState
                0x2000023c        0x4 build/dspBass/source/bsp.o
                0x2000023c                lastGPIOState
 .bss._ZL8m_rxFifo
                0x20000240        0x4 build/dspBass/source/AOSERCOM.o
 .bss._ZL8m_inFifo
                0x20000244        0x4 build/dspBass/source/AOUSB.o
 .bss.USBDevice
                0x20000248        0x1 build/dspBass/source/USB/USBCore.o
                0x20000248                USBDevice
 *fill*         0x20000249        0x3 
 .bss._ZL10epHandlers
                0x2000024c       0x1c build/dspBass/source/USB/USBCore.o
 .bss._ZL14isEndpointHalt
                0x20000268        0x1 build/dspBass/source/USB/USBCore.o
 .bss._ZL20LastTransmitTimedOut
                0x20000269        0x7 build/dspBass/source/USB/USBCore.o
 .bss._ZL21isRemoteWakeUpEnabled
                0x20000270        0x1 build/dspBass/source/USB/USBCore.o
 *fill*         0x20000271        0x3 
 .bss._ZL22udd_ep_in_cache_buffer
                0x20000274      0x1c0 build/dspBass/source/USB/USBCore.o
 .bss._ZL23udd_ep_out_cache_buffer
                0x20000434      0x1c0 build/dspBass/source/USB/USBCore.o
 .bss._dry_run  0x200005f4        0x1 build/dspBass/source/USB/USBCore.o
                0x200005f4                _dry_run
 .bss._pack_buffer
                0x200005f5      0x100 build/dspBass/source/USB/USBCore.o
                0x200005f5                _pack_buffer
 .bss._pack_message
                0x200006f5        0x1 build/dspBass/source/USB/USBCore.o
                0x200006f5                _pack_message
 .bss._pack_size
                0x200006f6        0x2 build/dspBass/source/USB/USBCore.o
                0x200006f6                _pack_size
 .bss._usbConfiguration
                0x200006f8        0x4 build/dspBass/source/USB/USBCore.o
                0x200006f8                _usbConfiguration
 .bss._usbSetInterface
                0x200006fc        0x4 build/dspBass/source/USB/USBCore.o
                0x200006fc                _usbSetInterface
 .bss.usbd      0x20000700      0x104 build/dspBass/source/USB/USBCore.o
                0x20000700                usbd
 .bss._ZN8Delegate7m_intenE
                0x20000804        0x4 build/dspBass/source/Delegate.o
                0x20000804                Delegate::m_inten
 .bss._ZN8Delegate9m_intflagE
                0x20000808        0x4 build/dspBass/source/Delegate.o
                0x20000808                Delegate::m_intflag
 .bss._ZL10slave_busy
                0x2000080c        0x1 build/dspBass/source/I2CSlave.o
 .bss._ZL14bytes_received
                0x2000080d        0x1 build/dspBass/source/I2CSlave.o
 *fill*         0x2000080e        0x2 
 .bss._ZL16m_defaultOutFifo
                0x20000810        0x4 build/dspBass/source/I2CSlave.o
 .bss._ZL8low_byte
                0x20000814        0x1 build/dspBass/source/I2CSlave.o
 *fill*         0x20000815        0x3 
 .bss._ZL8m_inFifo
                0x20000818        0x4 build/dspBass/source/I2CSlave.o
 .bss._ZL9high_byte
                0x2000081c        0x1 build/dspBass/source/I2CSlave.o
 *fill*         0x2000081d        0x3 
 .bss._ZL9m_outFifo
                0x20000820        0x4 build/dspBass/source/I2CSlave.o
 .bss._ZL3del   0x20000824       0x7c build/dspBass/source/main.o
 .bss._ZL3i2c   0x200008a0       0x90 build/dspBass/source/main.o
 .bss._ZL3sys   0x20000930      0x198 build/dspBass/source/main.o
 .bss._ZL3usb   0x20000ac8      0x23c build/dspBass/source/main.o
 .bss._ZL7sercom0
                0x20000d04      0x24c build/dspBass/source/main.o
 .bss.evtPoolLarge
                0x20000f50     0x1000 build/dspBass/source/main.o
                0x20000f50                evtPoolLarge
 .bss.evtPoolMedium
                0x20001f50      0x800 build/dspBass/source/main.o
                0x20001f50                evtPoolMedium
 .bss.evtPoolSmall
                0x20002750     0x1000 build/dspBass/source/main.o
                0x20002750                evtPoolSmall
 .bss.subscrSto
                0x20003750      0x178 build/dspBass/source/main.o
                0x20003750                subscrSto
 .bss.__malloc_free_list
                0x200038c8        0x4 c:/arm/2017-q2-update/bin/../lib/gcc/arm-none-eabi/6.3.1/../../../../arm-none-eabi/lib/thumb/v6-m\libg_nano.a(lib_a-nano-mallocr.o)
                0x200038c8                __malloc_free_list
 .bss.__malloc_sbrk_start
                0x200038cc        0x4 c:/arm/2017-q2-update/bin/../lib/gcc/arm-none-eabi/6.3.1/../../../../arm-none-eabi/lib/thumb/v6-m\libg_nano.a(lib_a-nano-mallocr.o)
                0x200038cc                __malloc_sbrk_start
 .bss.heap_end.4116
                0x200038d0        0x4 c:/arm/2017-q2-update/bin/../lib/gcc/arm-none-eabi/6.3.1/../../../../arm-none-eabi/lib/thumb/v6-m\libnosys.a(sbrk.o)
 *(COMMON)
 COMMON         0x200038d4        0x4 c:/arm/2017-q2-update/bin/../lib/gcc/arm-none-eabi/6.3.1/../../../../arm-none-eabi/lib/thumb/v6-m\libg_nano.a(lib_a-reent.o)
                0x200038d4                errno
                0x200038d8                . = ALIGN (0x4)
                0x200038d8                _ebss = .
                0x200038d8                _ezero = .

.stack          0x200038d8     0x2000 load address 0x0000c158
                0x200038d8                . = ALIGN (0x8)
                0x200038d8                _sstack = .
                0x200058d8                . = (. + STACK_SIZE)
 *fill*         0x200038d8     0x2000 
                0x200058d8                . = ALIGN (0x8)
                0x200058d8                _estack = .
                0x200058d8                . = ALIGN (0x4)
                0x200058d8                _end = .
                0x200058d8                PROVIDE (end, .)
OUTPUT(build/dspBass/seesaw-dspBass.elf elf32-littlearm)

.ARM.attributes
                0x00000000       0x28
 .ARM.attributes
                0x00000000       0x1e c:/arm/2017-q2-update/bin/../lib/gcc/arm-none-eabi/6.3.1/thumb/v6-m/crti.o
 .ARM.attributes
                0x0000001e       0x2c c:/arm/2017-q2-update/bin/../lib/gcc/arm-none-eabi/6.3.1/thumb/v6-m/crtbegin.o
 .ARM.attributes
                0x0000004a       0x22 build/dspBass/lib/qp/ports/arm-cm/qxk/gnu/qxk_port.o
 .ARM.attributes
                0x0000006c       0x32 build/dspBass/Device_Startup/startup_samd21.o
 .ARM.attributes
                0x0000009e       0x32 build/dspBass/Device_Startup/system_samd21.o
 .ARM.attributes
                0x000000d0       0x32 build/dspBass/lib/qp/source/qep_hsm.o
 .ARM.attributes
                0x00000102       0x32 build/dspBass/lib/qp/source/qf_act.o
 .ARM.attributes
                0x00000134       0x32 build/dspBass/lib/qp/source/qf_actq.o
 .ARM.attributes
                0x00000166       0x32 build/dspBass/lib/qp/source/qf_dyn.o
 .ARM.attributes
                0x00000198       0x32 build/dspBass/lib/qp/source/qf_mem.o
 .ARM.attributes
                0x000001ca       0x32 build/dspBass/lib/qp/source/qf_ps.o
 .ARM.attributes
                0x000001fc       0x32 build/dspBass/lib/qp/source/qf_qact.o
 .ARM.attributes
                0x0000022e       0x32 build/dspBass/lib/qp/source/qf_qeq.o
 .ARM.attributes
                0x00000260       0x32 build/dspBass/lib/qp/source/qf_time.o
 .ARM.attributes
                0x00000292       0x32 build/dspBass/lib/qp/source/qxk.o
 .ARM.attributes
                0x000002c4       0x32 build/dspBass/lib/qp/source/qxk_mutex.o
 .ARM.attributes
                0x000002f6       0x32 build/dspBass/lib/qp/extras/fw_evt.o
 .ARM.attributes
                0x00000328       0x32 build/dspBass/source/bsp.o
 .ARM.attributes
                0x0000035a       0x32 build/dspBass/source/AOADC.o
 .ARM.attributes
                0x0000038c       0x32 build/dspBass/source/AOSERCOM.o
 .ARM.attributes
                0x000003be       0x32 build/dspBass/source/AOUSB.o
 .ARM.attributes
                0x000003f0       0x32 build/dspBass/source/USB/CDC.o
 .ARM.attributes
                0x00000422       0x32 build/dspBass/source/USB/USBCore.o
 .ARM.attributes
                0x00000454       0x32 build/dspBass/source/Delegate.o
 .ARM.attributes
                0x00000486       0x32 build/dspBass/source/I2CSlave.o
 .ARM.attributes
                0x000004b8       0x32 build/dspBass/source/main.o
 .ARM.attributes
                0x000004ea       0x32 build/dspBass/source/System.o
 .ARM.attributes
                0x0000051c       0x32 build/dspBass/bsp/bsp_gpio.o
 .ARM.attributes
                0x0000054e       0x32 build/dspBass/bsp/bsp_sercom.o
 .ARM.attributes
                0x00000580       0x1e c:/arm/2017-q2-update/bin/../lib/gcc/arm-none-eabi/6.3.1/thumb/v6-m\libgcc.a(_thumb1_case_uqi.o)
 .ARM.attributes
                0x0000059e       0x1e c:/arm/2017-q2-update/bin/../lib/gcc/arm-none-eabi/6.3.1/thumb/v6-m\libgcc.a(_thumb1_case_shi.o)
 .ARM.attributes
                0x000005bc       0x1e c:/arm/2017-q2-update/bin/../lib/gcc/arm-none-eabi/6.3.1/thumb/v6-m\libgcc.a(_thumb1_case_uhi.o)
 .ARM.attributes
                0x000005da       0x1e c:/arm/2017-q2-update/bin/../lib/gcc/arm-none-eabi/6.3.1/thumb/v6-m\libgcc.a(_udivsi3.o)
 .ARM.attributes
                0x000005f8       0x1e c:/arm/2017-q2-update/bin/../lib/gcc/arm-none-eabi/6.3.1/thumb/v6-m\libgcc.a(_dvmd_tls.o)
 .ARM.attributes
                0x00000616       0x2c c:/arm/2017-q2-update/bin/../lib/gcc/arm-none-eabi/6.3.1/../../../../arm-none-eabi/lib/thumb/v6-m\libg_nano.a(lib_a-aeabi_atexit.o)
 .ARM.attributes
                0x00000642       0x2c c:/arm/2017-q2-update/bin/../lib/gcc/arm-none-eabi/6.3.1/../../../../arm-none-eabi/lib/thumb/v6-m\libg_nano.a(lib_a-cxa_atexit.o)
 .ARM.attributes
                0x0000066e       0x2c c:/arm/2017-q2-update/bin/../lib/gcc/arm-none-eabi/6.3.1/../../../../arm-none-eabi/lib/thumb/v6-m\libg_nano.a(lib_a-impure.o)
 .ARM.attributes
                0x0000069a       0x2c c:/arm/2017-q2-update/bin/../lib/gcc/arm-none-eabi/6.3.1/../../../../arm-none-eabi/lib/thumb/v6-m\libg_nano.a(lib_a-init.o)
 .ARM.attributes
                0x000006c6       0x2c c:/arm/2017-q2-update/bin/../lib/gcc/arm-none-eabi/6.3.1/../../../../arm-none-eabi/lib/thumb/v6-m\libg_nano.a(lib_a-malloc.o)
 .ARM.attributes
                0x000006f2       0x2c c:/arm/2017-q2-update/bin/../lib/gcc/arm-none-eabi/6.3.1/../../../../arm-none-eabi/lib/thumb/v6-m\libg_nano.a(lib_a-memcpy-stub.o)
 .ARM.attributes
                0x0000071e       0x2c c:/arm/2017-q2-update/bin/../lib/gcc/arm-none-eabi/6.3.1/../../../../arm-none-eabi/lib/thumb/v6-m\libg_nano.a(lib_a-memset.o)
 .ARM.attributes
                0x0000074a       0x2c c:/arm/2017-q2-update/bin/../lib/gcc/arm-none-eabi/6.3.1/../../../../arm-none-eabi/lib/thumb/v6-m\libg_nano.a(lib_a-nano-freer.o)
 .ARM.attributes
                0x00000776       0x2c c:/arm/2017-q2-update/bin/../lib/gcc/arm-none-eabi/6.3.1/../../../../arm-none-eabi/lib/thumb/v6-m\libg_nano.a(lib_a-nano-mallocr.o)
 .ARM.attributes
                0x000007a2       0x2c c:/arm/2017-q2-update/bin/../lib/gcc/arm-none-eabi/6.3.1/../../../../arm-none-eabi/lib/thumb/v6-m\libg_nano.a(lib_a-sbrkr.o)
 .ARM.attributes
                0x000007ce       0x1c c:/arm/2017-q2-update/bin/../lib/gcc/arm-none-eabi/6.3.1/../../../../arm-none-eabi/lib/thumb/v6-m\libg_nano.a(lib_a-strlen.o)
 .ARM.attributes
                0x000007ea       0x2c c:/arm/2017-q2-update/bin/../lib/gcc/arm-none-eabi/6.3.1/../../../../arm-none-eabi/lib/thumb/v6-m\libg_nano.a(lib_a-mlock.o)
 .ARM.attributes
                0x00000816       0x2c c:/arm/2017-q2-update/bin/../lib/gcc/arm-none-eabi/6.3.1/../../../../arm-none-eabi/lib/thumb/v6-m\libg_nano.a(lib_a-reent.o)
 .ARM.attributes
                0x00000842       0x2c c:/arm/2017-q2-update/bin/../lib/gcc/arm-none-eabi/6.3.1/../../../../arm-none-eabi/lib/thumb/v6-m\libnosys.a(sbrk.o)
 .ARM.attributes
                0x0000086e       0x1e c:/arm/2017-q2-update/bin/../lib/gcc/arm-none-eabi/6.3.1/thumb/v6-m/crtn.o

.comment        0x00000000       0x7f
 .comment       0x00000000       0x7f build/dspBass/Device_Startup/startup_samd21.o
                                 0x80 (size before relaxing)
 .comment       0x0000007f       0x80 build/dspBass/Device_Startup/system_samd21.o
 .comment       0x0000007f       0x80 build/dspBass/lib/qp/source/qep_hsm.o
 .comment       0x0000007f       0x80 build/dspBass/lib/qp/source/qf_act.o
 .comment       0x0000007f       0x80 build/dspBass/lib/qp/source/qf_actq.o
 .comment       0x0000007f       0x80 build/dspBass/lib/qp/source/qf_dyn.o
 .comment       0x0000007f       0x80 build/dspBass/lib/qp/source/qf_mem.o
 .comment       0x0000007f       0x80 build/dspBass/lib/qp/source/qf_ps.o
 .comment       0x0000007f       0x80 build/dspBass/lib/qp/source/qf_qact.o
 .comment       0x0000007f       0x80 build/dspBass/lib/qp/source/qf_qeq.o
 .comment       0x0000007f       0x80 build/dspBass/lib/qp/source/qf_time.o
 .comment       0x0000007f       0x80 build/dspBass/lib/qp/source/qxk.o
 .comment       0x0000007f       0x80 build/dspBass/lib/qp/source/qxk_mutex.o
 .comment       0x0000007f       0x80 build/dspBass/lib/qp/extras/fw_evt.o
 .comment       0x0000007f       0x80 build/dspBass/source/bsp.o
 .comment       0x0000007f       0x80 build/dspBass/source/AOADC.o
 .comment       0x0000007f       0x80 build/dspBass/source/AOSERCOM.o
 .comment       0x0000007f       0x80 build/dspBass/source/AOUSB.o
 .comment       0x0000007f       0x80 build/dspBass/source/USB/CDC.o
 .comment       0x0000007f       0x80 build/dspBass/source/USB/USBCore.o
 .comment       0x0000007f       0x80 build/dspBass/source/Delegate.o
 .comment       0x0000007f       0x80 build/dspBass/source/I2CSlave.o
 .comment       0x0000007f       0x80 build/dspBass/source/main.o
 .comment       0x0000007f       0x80 build/dspBass/source/System.o
 .comment       0x0000007f       0x80 build/dspBass/bsp/bsp_gpio.o
 .comment       0x0000007f       0x80 build/dspBass/bsp/bsp_sercom.o

.debug_line     0x00000000     0xc87e
 .debug_line    0x00000000      0x15f build/dspBass/lib/qp/ports/arm-cm/qxk/gnu/qxk_port.o
 .debug_line    0x0000015f      0x4e7 build/dspBass/Device_Startup/startup_samd21.o
 .debug_line    0x00000646      0x4c3 build/dspBass/Device_Startup/system_samd21.o
 .debug_line    0x00000b09      0x3b5 build/dspBass/lib/qp/source/qep_hsm.o
 .debug_line    0x00000ebe      0x3c6 build/dspBass/lib/qp/source/qf_act.o
 .debug_line    0x00001284      0x5c0 build/dspBass/lib/qp/source/qf_actq.o
 .debug_line    0x00001844      0x496 build/dspBass/lib/qp/source/qf_dyn.o
 .debug_line    0x00001cda      0x462 build/dspBass/lib/qp/source/qf_mem.o
 .debug_line    0x0000213c      0x501 build/dspBass/lib/qp/source/qf_ps.o
 .debug_line    0x0000263d      0x35c build/dspBass/lib/qp/source/qf_qact.o
 .debug_line    0x00002999      0x446 build/dspBass/lib/qp/source/qf_qeq.o
 .debug_line    0x00002ddf      0x540 build/dspBass/lib/qp/source/qf_time.o
 .debug_line    0x0000331f      0x5bd build/dspBass/lib/qp/source/qxk.o
 .debug_line    0x000038dc      0x400 build/dspBass/lib/qp/source/qxk_mutex.o
 .debug_line    0x00003cdc      0x3b2 build/dspBass/lib/qp/extras/fw_evt.o
 .debug_line    0x0000408e      0xa53 build/dspBass/source/bsp.o
 .debug_line    0x00004ae1      0xb6e build/dspBass/source/AOADC.o
 .debug_line    0x0000564f      0xd68 build/dspBass/source/AOSERCOM.o
 .debug_line    0x000063b7      0x72a build/dspBass/source/AOUSB.o
 .debug_line    0x00006ae1      0x844 build/dspBass/source/USB/CDC.o
 .debug_line    0x00007325     0x1316 build/dspBass/source/USB/USBCore.o
 .debug_line    0x0000863b      0xe99 build/dspBass/source/Delegate.o
 .debug_line    0x000094d4      0xdcc build/dspBass/source/I2CSlave.o
 .debug_line    0x0000a2a0      0xb91 build/dspBass/source/main.o
 .debug_line    0x0000ae31      0xc45 build/dspBass/source/System.o
 .debug_line    0x0000ba76      0x58d build/dspBass/bsp/bsp_gpio.o
 .debug_line    0x0000c003      0x87b build/dspBass/bsp/bsp_sercom.o

.debug_info     0x00000000    0x45556
 .debug_info    0x00000000       0x6e build/dspBass/lib/qp/ports/arm-cm/qxk/gnu/qxk_port.o
 .debug_info    0x0000006e     0x35d1 build/dspBass/Device_Startup/startup_samd21.o
 .debug_info    0x0000363f       0xc2 build/dspBass/Device_Startup/system_samd21.o
 .debug_info    0x00003701     0x10da build/dspBass/lib/qp/source/qep_hsm.o
 .debug_info    0x000047db      0xd18 build/dspBass/lib/qp/source/qf_act.o
 .debug_info    0x000054f3     0x1716 build/dspBass/lib/qp/source/qf_actq.o
 .debug_info    0x00006c09     0x102a build/dspBass/lib/qp/source/qf_dyn.o
 .debug_info    0x00007c33      0xe9a build/dspBass/lib/qp/source/qf_mem.o
 .debug_info    0x00008acd     0x1249 build/dspBass/lib/qp/source/qf_ps.o
 .debug_info    0x00009d16      0xbb9 build/dspBass/lib/qp/source/qf_qact.o
 .debug_info    0x0000a8cf      0xc5f build/dspBass/lib/qp/source/qf_qeq.o
 .debug_info    0x0000b52e     0x111d build/dspBass/lib/qp/source/qf_time.o
 .debug_info    0x0000c64b     0x1ae8 build/dspBass/lib/qp/source/qxk.o
 .debug_info    0x0000e133      0xa26 build/dspBass/lib/qp/source/qxk_mutex.o
 .debug_info    0x0000eb59      0xc49 build/dspBass/lib/qp/extras/fw_evt.o
 .debug_info    0x0000f7a2     0x326b build/dspBass/source/bsp.o
 .debug_info    0x00012a0d     0x3e5a build/dspBass/source/AOADC.o
 .debug_info    0x00016867     0x63a7 build/dspBass/source/AOSERCOM.o
 .debug_info    0x0001cc0e     0x32e3 build/dspBass/source/AOUSB.o
 .debug_info    0x0001fef1     0x1d9d build/dspBass/source/USB/CDC.o
 .debug_info    0x00021c8e     0x896a build/dspBass/source/USB/USBCore.o
 .debug_info    0x0002a5f8     0x5301 build/dspBass/source/Delegate.o
 .debug_info    0x0002f8f9     0x63cf build/dspBass/source/I2CSlave.o
 .debug_info    0x00035cc8     0x8c00 build/dspBass/source/main.o
 .debug_info    0x0003e8c8     0x393a build/dspBass/source/System.o
 .debug_info    0x00042202      0x814 build/dspBass/bsp/bsp_gpio.o
 .debug_info    0x00042a16     0x2b40 build/dspBass/bsp/bsp_sercom.o

.debug_abbrev   0x00000000     0xa560
 .debug_abbrev  0x00000000       0x12 build/dspBass/lib/qp/ports/arm-cm/qxk/gnu/qxk_port.o
 .debug_abbrev  0x00000012      0x25e build/dspBass/Device_Startup/startup_samd21.o
 .debug_abbrev  0x00000270       0x86 build/dspBass/Device_Startup/system_samd21.o
 .debug_abbrev  0x000002f6      0x51f build/dspBass/lib/qp/source/qep_hsm.o
 .debug_abbrev  0x00000815      0x469 build/dspBass/lib/qp/source/qf_act.o
 .debug_abbrev  0x00000c7e      0x77c build/dspBass/lib/qp/source/qf_actq.o
 .debug_abbrev  0x000013fa      0x5c6 build/dspBass/lib/qp/source/qf_dyn.o
 .debug_abbrev  0x000019c0      0x4fd build/dspBass/lib/qp/source/qf_mem.o
 .debug_abbrev  0x00001ebd      0x5cf build/dspBass/lib/qp/source/qf_ps.o
 .debug_abbrev  0x0000248c      0x41a build/dspBass/lib/qp/source/qf_qact.o
 .debug_abbrev  0x000028a6      0x3e6 build/dspBass/lib/qp/source/qf_qeq.o
 .debug_abbrev  0x00002c8c      0x610 build/dspBass/lib/qp/source/qf_time.o
 .debug_abbrev  0x0000329c      0x829 build/dspBass/lib/qp/source/qxk.o
 .debug_abbrev  0x00003ac5      0x375 build/dspBass/lib/qp/source/qxk_mutex.o
 .debug_abbrev  0x00003e3a      0x441 build/dspBass/lib/qp/extras/fw_evt.o
 .debug_abbrev  0x0000427b      0x9a5 build/dspBass/source/bsp.o
 .debug_abbrev  0x00004c20      0x9fb build/dspBass/source/AOADC.o
 .debug_abbrev  0x0000561b      0xac7 build/dspBass/source/AOSERCOM.o
 .debug_abbrev  0x000060e2      0x8b7 build/dspBass/source/AOUSB.o
 .debug_abbrev  0x00006999      0x476 build/dspBass/source/USB/CDC.o
 .debug_abbrev  0x00006e0f      0xa7e build/dspBass/source/USB/USBCore.o
 .debug_abbrev  0x0000788d      0x9f4 build/dspBass/source/Delegate.o
 .debug_abbrev  0x00008281      0xa1f build/dspBass/source/I2CSlave.o
 .debug_abbrev  0x00008ca0      0xa53 build/dspBass/source/main.o
 .debug_abbrev  0x000096f3      0x913 build/dspBass/source/System.o
 .debug_abbrev  0x0000a006      0x1d6 build/dspBass/bsp/bsp_gpio.o
 .debug_abbrev  0x0000a1dc      0x384 build/dspBass/bsp/bsp_sercom.o

.debug_aranges  0x00000000      0xb98
 .debug_aranges
                0x00000000       0x40 build/dspBass/lib/qp/ports/arm-cm/qxk/gnu/qxk_port.o
 .debug_aranges
                0x00000040       0x20 build/dspBass/Device_Startup/startup_samd21.o
 .debug_aranges
                0x00000060       0x20 build/dspBass/Device_Startup/system_samd21.o
 .debug_aranges
                0x00000080       0x70 build/dspBass/lib/qp/source/qep_hsm.o
 .debug_aranges
                0x000000f0       0x30 build/dspBass/lib/qp/source/qf_act.o
 .debug_aranges
                0x00000120       0x80 build/dspBass/lib/qp/source/qf_actq.o
 .debug_aranges
                0x000001a0       0x48 build/dspBass/lib/qp/source/qf_dyn.o
 .debug_aranges
                0x000001e8       0x40 build/dspBass/lib/qp/source/qf_mem.o
 .debug_aranges
                0x00000228       0x48 build/dspBass/lib/qp/source/qf_ps.o
 .debug_aranges
                0x00000270       0x20 build/dspBass/lib/qp/source/qf_qact.o
 .debug_aranges
                0x00000290       0x40 build/dspBass/lib/qp/source/qf_qeq.o
 .debug_aranges
                0x000002d0       0x60 build/dspBass/lib/qp/source/qf_time.o
 .debug_aranges
                0x00000330       0x98 build/dspBass/lib/qp/source/qxk.o
 .debug_aranges
                0x000003c8       0x30 build/dspBass/lib/qp/source/qxk_mutex.o
 .debug_aranges
                0x000003f8       0x28 build/dspBass/lib/qp/extras/fw_evt.o
 .debug_aranges
                0x00000420       0x98 build/dspBass/source/bsp.o
 .debug_aranges
                0x000004b8       0x78 build/dspBass/source/AOADC.o
 .debug_aranges
                0x00000530       0xa0 build/dspBass/source/AOSERCOM.o
 .debug_aranges
                0x000005d0       0x70 build/dspBass/source/AOUSB.o
 .debug_aranges
                0x00000640       0x38 build/dspBass/source/USB/CDC.o
 .debug_aranges
                0x00000678      0x160 build/dspBass/source/USB/USBCore.o
 .debug_aranges
                0x000007d8       0x98 build/dspBass/source/Delegate.o
 .debug_aranges
                0x00000870       0x98 build/dspBass/source/I2CSlave.o
 .debug_aranges
                0x00000908       0xa0 build/dspBass/source/main.o
 .debug_aranges
                0x000009a8       0x90 build/dspBass/source/System.o
 .debug_aranges
                0x00000a38       0x38 build/dspBass/bsp/bsp_gpio.o
 .debug_aranges
                0x00000a70      0x128 build/dspBass/bsp/bsp_sercom.o

.debug_ranges   0x00000000     0x23d8
 .debug_ranges  0x00000000       0x38 build/dspBass/lib/qp/ports/arm-cm/qxk/gnu/qxk_port.o
 .debug_ranges  0x00000038       0x90 build/dspBass/lib/qp/source/qep_hsm.o
 .debug_ranges  0x000000c8       0x20 build/dspBass/lib/qp/source/qf_act.o
 .debug_ranges  0x000000e8       0xb8 build/dspBass/lib/qp/source/qf_actq.o
 .debug_ranges  0x000001a0       0x80 build/dspBass/lib/qp/source/qf_dyn.o
 .debug_ranges  0x00000220       0x48 build/dspBass/lib/qp/source/qf_mem.o
 .debug_ranges  0x00000268       0xa0 build/dspBass/lib/qp/source/qf_ps.o
 .debug_ranges  0x00000308       0x10 build/dspBass/lib/qp/source/qf_qact.o
 .debug_ranges  0x00000318       0x48 build/dspBass/lib/qp/source/qf_qeq.o
 .debug_ranges  0x00000360       0xc8 build/dspBass/lib/qp/source/qf_time.o
 .debug_ranges  0x00000428       0xf0 build/dspBass/lib/qp/source/qxk.o
 .debug_ranges  0x00000518       0x20 build/dspBass/lib/qp/source/qxk_mutex.o
 .debug_ranges  0x00000538       0x18 build/dspBass/lib/qp/extras/fw_evt.o
 .debug_ranges  0x00000550      0x168 build/dspBass/source/bsp.o
 .debug_ranges  0x000006b8      0x218 build/dspBass/source/AOADC.o
 .debug_ranges  0x000008d0      0x300 build/dspBass/source/AOSERCOM.o
 .debug_ranges  0x00000bd0      0x198 build/dspBass/source/AOUSB.o
 .debug_ranges  0x00000d68       0x28 build/dspBass/source/USB/CDC.o
 .debug_ranges  0x00000d90      0x770 build/dspBass/source/USB/USBCore.o
 .debug_ranges  0x00001500      0x528 build/dspBass/source/Delegate.o
 .debug_ranges  0x00001a28      0x368 build/dspBass/source/I2CSlave.o
 .debug_ranges  0x00001d90      0x160 build/dspBass/source/main.o
 .debug_ranges  0x00001ef0      0x340 build/dspBass/source/System.o
 .debug_ranges  0x00002230       0x48 build/dspBass/bsp/bsp_gpio.o
 .debug_ranges  0x00002278      0x160 build/dspBass/bsp/bsp_sercom.o

.debug_loc      0x00000000     0xcb6f
 .debug_loc     0x00000000       0x2b build/dspBass/Device_Startup/startup_samd21.o
 .debug_loc     0x0000002b      0x6e9 build/dspBass/lib/qp/source/qep_hsm.o
 .debug_loc     0x00000714       0xf7 build/dspBass/lib/qp/source/qf_act.o
 .debug_loc     0x0000080b      0x556 build/dspBass/lib/qp/source/qf_actq.o
 .debug_loc     0x00000d61      0x2a7 build/dspBass/lib/qp/source/qf_dyn.o
 .debug_loc     0x00001008      0x231 build/dspBass/lib/qp/source/qf_mem.o
 .debug_loc     0x00001239      0x37e build/dspBass/lib/qp/source/qf_ps.o
 .debug_loc     0x000015b7       0x4a build/dspBass/lib/qp/source/qf_qact.o
 .debug_loc     0x00001601      0x288 build/dspBass/lib/qp/source/qf_qeq.o
 .debug_loc     0x00001889      0x3c1 build/dspBass/lib/qp/source/qf_time.o
 .debug_loc     0x00001c4a      0x4ab build/dspBass/lib/qp/source/qxk.o
 .debug_loc     0x000020f5       0x91 build/dspBass/lib/qp/source/qxk_mutex.o
 .debug_loc     0x00002186       0x42 build/dspBass/lib/qp/extras/fw_evt.o
 .debug_loc     0x000021c8      0x24b build/dspBass/source/bsp.o
 .debug_loc     0x00002413      0xe40 build/dspBass/source/AOADC.o
 .debug_loc     0x00003253     0x1493 build/dspBass/source/AOSERCOM.o
 .debug_loc     0x000046e6      0xa4b build/dspBass/source/AOUSB.o
 .debug_loc     0x00005131      0x15d build/dspBass/source/USB/CDC.o
 .debug_loc     0x0000528e     0x266d build/dspBass/source/USB/USBCore.o
 .debug_loc     0x000078fb     0x200e build/dspBass/source/Delegate.o
 .debug_loc     0x00009909     0x14b4 build/dspBass/source/I2CSlave.o
 .debug_loc     0x0000adbd      0x5aa build/dspBass/source/main.o
 .debug_loc     0x0000b367      0xdfe build/dspBass/source/System.o
 .debug_loc     0x0000c165      0x186 build/dspBass/bsp/bsp_gpio.o
 .debug_loc     0x0000c2eb      0x884 build/dspBass/bsp/bsp_sercom.o

.debug_macro    0x00000000    0x16f93
 .debug_macro   0x00000000      0x2e5 build/dspBass/Device_Startup/startup_samd21.o
 .debug_macro   0x000002e5      0x8aa build/dspBass/Device_Startup/startup_samd21.o
 .debug_macro   0x00000b8f       0x22 build/dspBass/Device_Startup/startup_samd21.o
 .debug_macro   0x00000bb1       0x87 build/dspBass/Device_Startup/startup_samd21.o
 .debug_macro   0x00000c38       0x51 build/dspBass/Device_Startup/startup_samd21.o
 .debug_macro   0x00000c89       0xef build/dspBass/Device_Startup/startup_samd21.o
 .debug_macro   0x00000d78       0x6a build/dspBass/Device_Startup/startup_samd21.o
 .debug_macro   0x00000de2      0x1df build/dspBass/Device_Startup/startup_samd21.o
 .debug_macro   0x00000fc1       0x40 build/dspBass/Device_Startup/startup_samd21.o
 .debug_macro   0x00001001       0x3a build/dspBass/Device_Startup/startup_samd21.o
 .debug_macro   0x0000103b       0x1f build/dspBass/Device_Startup/startup_samd21.o
 .debug_macro   0x0000105a      0x250 build/dspBass/Device_Startup/startup_samd21.o
 .debug_macro   0x000012aa      0x67d build/dspBass/Device_Startup/startup_samd21.o
 .debug_macro   0x00001927      0x8b0 build/dspBass/Device_Startup/startup_samd21.o
 .debug_macro   0x000021d7      0x22e build/dspBass/Device_Startup/startup_samd21.o
 .debug_macro   0x00002405      0xd5c build/dspBass/Device_Startup/startup_samd21.o
 .debug_macro   0x00003161      0x4c6 build/dspBass/Device_Startup/startup_samd21.o
 .debug_macro   0x00003627      0x9f6 build/dspBass/Device_Startup/startup_samd21.o
 .debug_macro   0x0000401d      0x82a build/dspBass/Device_Startup/startup_samd21.o
 .debug_macro   0x00004847      0x450 build/dspBass/Device_Startup/startup_samd21.o
 .debug_macro   0x00004c97       0x5e build/dspBass/Device_Startup/startup_samd21.o
 .debug_macro   0x00004cf5      0x8f8 build/dspBass/Device_Startup/startup_samd21.o
 .debug_macro   0x000055ed      0x21c build/dspBass/Device_Startup/startup_samd21.o
 .debug_macro   0x00005809      0x734 build/dspBass/Device_Startup/startup_samd21.o
 .debug_macro   0x00005f3d       0x5e build/dspBass/Device_Startup/startup_samd21.o
 .debug_macro   0x00005f9b      0x631 build/dspBass/Device_Startup/startup_samd21.o
 .debug_macro   0x000065cc      0x3ab build/dspBass/Device_Startup/startup_samd21.o
 .debug_macro   0x00006977      0xc75 build/dspBass/Device_Startup/startup_samd21.o
 .debug_macro   0x000075ec     0x1092 build/dspBass/Device_Startup/startup_samd21.o
 .debug_macro   0x0000867e      0xc4a build/dspBass/Device_Startup/startup_samd21.o
 .debug_macro   0x000092c8      0x6ba build/dspBass/Device_Startup/startup_samd21.o
 .debug_macro   0x00009982     0x1b3c build/dspBass/Device_Startup/startup_samd21.o
 .debug_macro   0x0000b4be     0x143b build/dspBass/Device_Startup/startup_samd21.o
 .debug_macro   0x0000c8f9      0x33f build/dspBass/Device_Startup/startup_samd21.o
 .debug_macro   0x0000cc38       0x7c build/dspBass/Device_Startup/startup_samd21.o
 .debug_macro   0x0000ccb4       0xa0 build/dspBass/Device_Startup/startup_samd21.o
 .debug_macro   0x0000cd54       0x4c build/dspBass/Device_Startup/startup_samd21.o
 .debug_macro   0x0000cda0       0xca build/dspBass/Device_Startup/startup_samd21.o
 .debug_macro   0x0000ce6a       0x94 build/dspBass/Device_Startup/startup_samd21.o
 .debug_macro   0x0000cefe       0x58 build/dspBass/Device_Startup/startup_samd21.o
 .debug_macro   0x0000cf56      0x340 build/dspBass/Device_Startup/startup_samd21.o
 .debug_macro   0x0000d296       0x82 build/dspBass/Device_Startup/startup_samd21.o
 .debug_macro   0x0000d318      0x188 build/dspBass/Device_Startup/startup_samd21.o
 .debug_macro   0x0000d4a0       0xb8 build/dspBass/Device_Startup/startup_samd21.o
 .debug_macro   0x0000d558       0xa0 build/dspBass/Device_Startup/startup_samd21.o
 .debug_macro   0x0000d5f8       0xb2 build/dspBass/Device_Startup/startup_samd21.o
 .debug_macro   0x0000d6aa       0x1c build/dspBass/Device_Startup/startup_samd21.o
 .debug_macro   0x0000d6c6       0x1c build/dspBass/Device_Startup/startup_samd21.o
 .debug_macro   0x0000d6e2       0x1c build/dspBass/Device_Startup/startup_samd21.o
 .debug_macro   0x0000d6fe       0x7c build/dspBass/Device_Startup/startup_samd21.o
 .debug_macro   0x0000d77a      0x15a build/dspBass/Device_Startup/startup_samd21.o
 .debug_macro   0x0000d8d4       0xdc build/dspBass/Device_Startup/startup_samd21.o
 .debug_macro   0x0000d9b0      0x124 build/dspBass/Device_Startup/startup_samd21.o
 .debug_macro   0x0000dad4      0x124 build/dspBass/Device_Startup/startup_samd21.o
 .debug_macro   0x0000dbf8      0x124 build/dspBass/Device_Startup/startup_samd21.o
 .debug_macro   0x0000dd1c      0x124 build/dspBass/Device_Startup/startup_samd21.o
 .debug_macro   0x0000de40      0x124 build/dspBass/Device_Startup/startup_samd21.o
 .debug_macro   0x0000df64      0x124 build/dspBass/Device_Startup/startup_samd21.o
 .debug_macro   0x0000e088      0x124 build/dspBass/Device_Startup/startup_samd21.o
 .debug_macro   0x0000e1ac       0xe2 build/dspBass/Device_Startup/startup_samd21.o
 .debug_macro   0x0000e28e       0xe2 build/dspBass/Device_Startup/startup_samd21.o
 .debug_macro   0x0000e370       0xe2 build/dspBass/Device_Startup/startup_samd21.o
 .debug_macro   0x0000e452      0x12a build/dspBass/Device_Startup/startup_samd21.o
 .debug_macro   0x0000e57c      0x100 build/dspBass/Device_Startup/startup_samd21.o
 .debug_macro   0x0000e67c       0xf4 build/dspBass/Device_Startup/startup_samd21.o
 .debug_macro   0x0000e770      0x40f build/dspBass/Device_Startup/startup_samd21.o
 .debug_macro   0x0000eb7f       0x40 build/dspBass/Device_Startup/startup_samd21.o
 .debug_macro   0x0000ebbf      0x376 build/dspBass/Device_Startup/startup_samd21.o
 .debug_macro   0x0000ef35     0x17de build/dspBass/Device_Startup/startup_samd21.o
 .debug_macro   0x00010713       0x6d build/dspBass/Device_Startup/startup_samd21.o
 .debug_macro   0x00010780      0x2eb build/dspBass/Device_Startup/system_samd21.o
 .debug_macro   0x00010a6b       0xa4 build/dspBass/lib/qp/source/qep_hsm.o
 .debug_macro   0x00010b0f      0x952 build/dspBass/lib/qp/source/qep_hsm.o
 .debug_macro   0x00011461       0x10 build/dspBass/lib/qp/source/qep_hsm.o
 .debug_macro   0x00011471       0x1c build/dspBass/lib/qp/source/qep_hsm.o
 .debug_macro   0x0001148d       0x4f build/dspBass/lib/qp/source/qep_hsm.o
 .debug_macro   0x000114dc       0x9d build/dspBass/lib/qp/source/qep_hsm.o
 .debug_macro   0x00011579      0x196 build/dspBass/lib/qp/source/qep_hsm.o
 .debug_macro   0x0001170f       0x70 build/dspBass/lib/qp/source/qep_hsm.o
 .debug_macro   0x0001177f      0x137 build/dspBass/lib/qp/source/qf_act.o
 .debug_macro   0x000118b6       0x4c build/dspBass/lib/qp/source/qf_act.o
 .debug_macro   0x00011902       0x28 build/dspBass/lib/qp/source/qf_act.o
 .debug_macro   0x0001192a       0x10 build/dspBass/lib/qp/source/qf_act.o
 .debug_macro   0x0001193a       0x1d build/dspBass/lib/qp/source/qf_act.o
 .debug_macro   0x00011957       0x62 build/dspBass/lib/qp/source/qf_act.o
 .debug_macro   0x000119b9      0x143 build/dspBass/lib/qp/source/qf_act.o
 .debug_macro   0x00011afc       0x10 build/dspBass/lib/qp/source/qf_act.o
 .debug_macro   0x00011b0c      0x3c3 build/dspBass/lib/qp/source/qf_act.o
 .debug_macro   0x00011ecf       0x46 build/dspBass/lib/qp/source/qf_act.o
 .debug_macro   0x00011f15       0x55 build/dspBass/lib/qp/source/qf_act.o
 .debug_macro   0x00011f6a       0x11 build/dspBass/lib/qp/source/qf_act.o
 .debug_macro   0x00011f7b       0x2f build/dspBass/lib/qp/source/qf_act.o
 .debug_macro   0x00011faa      0x130 build/dspBass/lib/qp/source/qf_actq.o
 .debug_macro   0x000120da      0x130 build/dspBass/lib/qp/source/qf_dyn.o
 .debug_macro   0x0001220a      0x130 build/dspBass/lib/qp/source/qf_mem.o
 .debug_macro   0x0001233a      0x130 build/dspBass/lib/qp/source/qf_ps.o
 .debug_macro   0x0001246a      0x115 build/dspBass/lib/qp/source/qf_qact.o
 .debug_macro   0x0001257f      0x130 build/dspBass/lib/qp/source/qf_qeq.o
 .debug_macro   0x000126af      0x130 build/dspBass/lib/qp/source/qf_time.o
 .debug_macro   0x000127df      0x13a build/dspBass/lib/qp/source/qxk.o
 .debug_macro   0x00012919      0x13a build/dspBass/lib/qp/source/qxk_mutex.o
 .debug_macro   0x00012a53      0x151 build/dspBass/lib/qp/extras/fw_evt.o
 .debug_macro   0x00012ba4      0x17b build/dspBass/lib/qp/extras/fw_evt.o
 .debug_macro   0x00012d1f       0x10 build/dspBass/lib/qp/extras/fw_evt.o
 .debug_macro   0x00012d2f      0x573 build/dspBass/source/bsp.o
 .debug_macro   0x000132a2       0x16 build/dspBass/source/bsp.o
 .debug_macro   0x000132b8       0x58 build/dspBass/source/bsp.o
 .debug_macro   0x00013310       0x10 build/dspBass/source/bsp.o
 .debug_macro   0x00013320       0x16 build/dspBass/source/bsp.o
 .debug_macro   0x00013336       0xe2 build/dspBass/source/bsp.o
 .debug_macro   0x00013418       0x10 build/dspBass/source/bsp.o
 .debug_macro   0x00013428       0x10 build/dspBass/source/bsp.o
 .debug_macro   0x00013438       0x16 build/dspBass/source/bsp.o
 .debug_macro   0x0001344e       0x22 build/dspBass/source/bsp.o
 .debug_macro   0x00013470       0xea build/dspBass/source/bsp.o
 .debug_macro   0x0001355a      0x519 build/dspBass/source/AOADC.o
 .debug_macro   0x00013a73       0x10 build/dspBass/source/AOADC.o
 .debug_macro   0x00013a83       0x27 build/dspBass/source/AOADC.o
 .debug_macro   0x00013aaa      0x52d build/dspBass/source/AOSERCOM.o
 .debug_macro   0x00013fd7      0x1d3 build/dspBass/source/AOSERCOM.o
 .debug_macro   0x000141aa       0x2e build/dspBass/source/AOSERCOM.o
 .debug_macro   0x000141d8       0x6a build/dspBass/source/AOSERCOM.o
 .debug_macro   0x00014242      0x258 build/dspBass/source/AOUSB.o
 .debug_macro   0x0001449a      0x525 build/dspBass/source/USB/CDC.o
 .debug_macro   0x000149bf      0x10e build/dspBass/source/USB/CDC.o
 .debug_macro   0x00014acd       0x94 build/dspBass/source/USB/CDC.o
 .debug_macro   0x00014b61       0x1c build/dspBass/source/USB/CDC.o
 .debug_macro   0x00014b7d       0x10 build/dspBass/source/USB/CDC.o
 .debug_macro   0x00014b8d      0x5f9 build/dspBass/source/USB/USBCore.o
 .debug_macro   0x00015186       0x2b build/dspBass/source/USB/USBCore.o